Archive member included to satisfy reference by file (symbol)

c:/PROGRA~1/MICROC~1/xc32/v5.10/bin/bin/../../lib/gcc/pic32c/13.2.1/../../../../pic32c/lib/thumb/v7e-m+fp/hard\libpic32c.a(data_init.o)
                              CMakeFiles/Firmware_default_default_XC32_compile.dir/C_/Users/farsh/Desktop/src/config/default/startup_xc32.c.o (__pic32c_data_initialization)
c:/PROGRA~1/MICROC~1/xc32/v5.10/bin/bin/../../lib/gcc/pic32c/13.2.1/../../../../pic32c/lib/thumb/v7e-m+fp/hard\libc-size-musl.a(memcpy.o)
                              CMakeFiles/Firmware_default_default_XC32_compile.dir/C_/Users/farsh/Desktop/src/config/default/peripheral/nvmctrl/plib_nvmctrl.c.o (memcpy)
c:/PROGRA~1/MICROC~1/xc32/v5.10/bin/bin/../../lib/gcc/pic32c/13.2.1/../../../../pic32c/lib/thumb/v7e-m+fp/hard\libc-size-musl.a(memset.o)
                              CMakeFiles/Firmware_default_default_XC32_compile.dir/C_/Users/farsh/Desktop/src/third_party/rtos/FreeRTOS/Source/FreeRTOS_tasks.c.o (memset)
c:/PROGRA~1/MICROC~1/xc32/v5.10/bin/bin/../../lib/gcc/pic32c/13.2.1/../../../../pic32c/lib/thumb/v7e-m+fp/hard\libg-musl.a(__libc_start_main.o)
                              CMakeFiles/Firmware_default_default_XC32_compile.dir/C_/Users/farsh/Desktop/src/config/default/startup_xc32.c.o (__libc_init_array)
c:/PROGRA~1/MICROC~1/xc32/v5.10/bin/bin/../../lib/gcc/pic32c/13.2.1/../../../../pic32c/lib/thumb/v7e-m+fp/hard\libg-musl.a(libc.o)
                              c:/PROGRA~1/MICROC~1/xc32/v5.10/bin/bin/../../lib/gcc/pic32c/13.2.1/../../../../pic32c/lib/thumb/v7e-m+fp/hard\libg-musl.a(__libc_start_main.o) (__progname_full)
c:/PROGRA~1/MICROC~1/xc32/v5.10/bin/bin/../../lib/gcc/pic32c/13.2.1/../../../../pic32c/lib/thumb/v7e-m+fp/hard\libg-musl.a(__environ.o)
                              c:/PROGRA~1/MICROC~1/xc32/v5.10/bin/bin/../../lib/gcc/pic32c/13.2.1/../../../../pic32c/lib/thumb/v7e-m+fp/hard\libg-musl.a(__libc_start_main.o) (__environ)
c:/PROGRA~1/MICROC~1/xc32/v5.10/bin/bin/../../lib/gcc/pic32c/13.2.1/../../../../pic32c/lib/thumb/v7e-m+fp/hard\libpic32c.a(pic32_data_init_clear.o)
                              (__dinit_clear_needed)
c:/PROGRA~1/MICROC~1/xc32/v5.10/bin/bin/../../lib/gcc/pic32c/13.2.1/../../../../pic32c/lib/thumb/v7e-m+fp/hard\libpic32c.a(pic32_data_init_copy.o)
                              (__dinit_copy_needed)

Microchip PIC32 Memory-Usage Report

ROM Program-Memory Usage
section                    address  length [bytes]      (dec)  Description
-------                 ----------  -------------------------  -----------
.vectors                         0          0x264         612   
.text                        0x264           0x20          32  App's exec code 
.text.xTaskIncrementTic      0x284          0x19c         412   
.text.CLOCK_Initialize       0x420           0xbc         188   
.text.vTaskSwitchContex      0x4dc           0xb8         184   
.dinit                       0x594           0x90         144   
.text.Reset_Handler          0x624           0x88         136   
.text.xPortPendSVHandle      0x6ac           0x60          96   
.text.__libc_start_init      0x70c           0x5c          92   
.text.NVIC_Initialize        0x768           0x48          72   
.text                        0x7b0           0x40          64  App's exec code 
.text.__pic32c_data_ini      0x7f0           0x34          52   
.text.xPortSysTickHandl      0x824           0x2c          44   
.text.prvResetNextTaskU      0x850           0x28          40   
.text.vPortSVCHandler        0x878           0x20          32   
.text.__dinit_copy           0x898           0x1e          30   
.text.SYS_Initialize         0x8b6           0x14          20   
.text.EVSYS_Initialize       0x8ca            0x2           2   
.rodata                      0x8cc           0x14          20  Read-only const 
.text.vApplicationStack      0x8e0           0x12          18   
.text.__dinit_clear          0x8f2           0x12          18   
.text.NVMCTRL_Initializ      0x904           0x10          16   
.text.main                   0x914            0xa          10   
.text.NonMaskableInt_Ha      0x91e            0x4           4   
.text.HardFault_Handler      0x922            0x4           4   
.text.DebugMonitor_Hand      0x926            0x4           4   
.text.MemoryManagement_      0x92a            0x4           4   
.text.BusFault_Handler       0x92e            0x4           4   
.text.UsageFault_Handle      0x932            0x4           4   
.text.Dummy_Handler          0x936            0x4           4   
.text.__dummy_decompres      0x93a            0x4           4   
.text.Dummy_App_Func         0x93e            0x2           2   
.text.__dummy_init_tls       0x940            0x2           2   
.text.__dummy                0x942            0x2           2   
      Total ROM used  :       0x944        2372  0.2% of 0x100000
        --------------------------------------------------------------------------
[...]
Memory Configuration

Name             Origin             Length             Attributes
rom              0x00000000         0x00100000         xrl
ram              0x20000000         0x00040000         xw!r
tcm              0x03000000         0x00000000         xw
bkupram          0x47000000         0x00002000
config_00804000  0x00804000         0x00000004
config_00804004  0x00804004         0x00000004
config_00804008  0x00804008         0x00000004
*default*        0x00000000         0xffffffff

Linker script and memory map

LOAD c:/PROGRA~1/MICROC~1/xc32/v5.10/bin/bin/../../lib/gcc/pic32c/13.2.1/thumb/v7e-m+fp/hard/crti.o
LOAD c:/PROGRA~1/MICROC~1/xc32/v5.10/bin/bin/../../lib/gcc/pic32c/13.2.1/thumb/v7e-m+fp/hard/crtbegin.o
                0x00000001                        __MPLAB_BUILD = 0x1
                0x00100000                        __rom_end = (ORIGIN (rom) + LENGTH (rom))
                0x20040000                        __ram_end = (ORIGIN (ram) + LENGTH (ram))

.config_00804000
                0x00804000        0x4
 *(.config_00804000)
 .config_00804000
                0x00804000        0x4 CMakeFiles/Firmware_default_default_XC32_compile.dir/C_/Users/farsh/Desktop/src/config/default/initialization.c.o
                0x00804000                __config_00804000

.config_00804004
                0x00804004        0x4
 *(.config_00804004)
 .config_00804004
                0x00804004        0x4 CMakeFiles/Firmware_default_default_XC32_compile.dir/C_/Users/farsh/Desktop/src/config/default/initialization.c.o
                0x00804004                __config_00804004

.config_00804008
                0x00804008        0x4
 *(.config_00804008)
 .config_00804008
                0x00804008        0x4 CMakeFiles/Firmware_default_default_XC32_compile.dir/C_/Users/farsh/Desktop/src/config/default/initialization.c.o
                0x00804008                __config_00804008

.vectors        0x00000000      0x264
                0x00000000                        . = ALIGN (0x4)
                0x00000000                        _sfixed = .
 *(.vectors .vectors.* .vectors_default .vectors_default.*)
 .vectors       0x00000000      0x264 CMakeFiles/Firmware_default_default_XC32_compile.dir/C_/Users/farsh/Desktop/src/config/default/interrupts.c.o
                0x00000000                exception_table
 *(.isr_vector)
 *(.reset*)
 *(.after_vectors)

.text           0x00000264       0x20
                0x00000264                        . = ALIGN (0x4)
 *(.glue_7t)
 .glue_7t       0x00000264        0x0 linker stubs
 *(.glue_7)
 .glue_7        0x00000264        0x0 linker stubs
 *(.gnu.linkonce.r.*)
 *(.ARM.extab* .gnu.linkonce.armextab.*)
                0x00000264                        . = ALIGN (0x4)
 *(.init)
 .init          0x00000264        0x4 c:/PROGRA~1/MICROC~1/xc32/v5.10/bin/bin/../../lib/gcc/pic32c/13.2.1/thumb/v7e-m+fp/hard/crti.o
                0x00000264                _init
 .init          0x00000268        0x8 c:/PROGRA~1/MICROC~1/xc32/v5.10/bin/bin/../../lib/gcc/pic32c/13.2.1/thumb/v7e-m+fp/hard/crtn.o
                0x00000270                        . = ALIGN (0x4)
                0x00000270                        __preinit_array_start = .
 *(.preinit_array)
                0x00000270                        __preinit_array_end = .
                0x00000270                        . = ALIGN (0x4)
                0x00000270                        __init_array_start = .
 *(SORT_BY_NAME(.init_array.*))
 *(.init_array)
 .init_array    0x00000270        0x4 c:/PROGRA~1/MICROC~1/xc32/v5.10/bin/bin/../../lib/gcc/pic32c/13.2.1/thumb/v7e-m+fp/hard/crtbegin.o
                0x00000274                        __init_array_end = .
                0x00000274                        . = ALIGN (0x4)
 *crtbegin.o(.ctors)
 *(EXCLUDE_FILE(*crtend.o) .ctors)
 *(SORT_BY_NAME(.ctors.*))
 *crtend.o(.ctors)
                0x00000274                        . = ALIGN (0x4)
 *(.fini)
 .fini          0x00000274        0x4 c:/PROGRA~1/MICROC~1/xc32/v5.10/bin/bin/../../lib/gcc/pic32c/13.2.1/thumb/v7e-m+fp/hard/crti.o
                0x00000274                _fini
 .fini          0x00000278        0x8 c:/PROGRA~1/MICROC~1/xc32/v5.10/bin/bin/../../lib/gcc/pic32c/13.2.1/thumb/v7e-m+fp/hard/crtn.o
                0x00000280                        . = ALIGN (0x4)
                0x00000280                        __fini_array_start = .
 *(.fini_array)
 .fini_array    0x00000280        0x4 c:/PROGRA~1/MICROC~1/xc32/v5.10/bin/bin/../../lib/gcc/pic32c/13.2.1/thumb/v7e-m+fp/hard/crtbegin.o
 *(SORT_BY_NAME(.fini_array.*))
                0x00000284                        __fini_array_end = .
 *crtbegin.o(.dtors)
 *(EXCLUDE_FILE(*crtend.o) .dtors)
 *(SORT_BY_NAME(.dtors.*))
 *crtend.o(.dtors)
                0x00000284                        . = ALIGN (0x4)
                0x00000284                        _efixed = .
                [!provide]                        PROVIDE (__exidx_start = .)

.ARM.exidx
 *(.ARM.exidx* .gnu.linkonce.armexidx.*)
                [!provide]                        PROVIDE (__exidx_end = .)
                0x00000284                        . = ALIGN (0x4)
                0x00000284                        _etext = .

.bss            0x20000000        0x0
                0x20000000                        . = ALIGN (0x4)
                0x20000000                        __bss_start__ = .
                0x20000000                        _sbss = .
                0x20000000                        _szero = .
 *(COMMON)
                0x20000000                        . = ALIGN (0x4)
                0x20000000                        __bss_end__ = .
                0x20000000                        _ebss = .
                0x20000000                        _ezero = .
                0x20000000                        . = ALIGN (0x4)
                0x20000000                        _end = .
                0x2003ffff                        _ram_end_ = ((ORIGIN (ram) + LENGTH (ram)) - 0x1)

.bkupram_bss
 *(.bkupram_bss .bkupram_bss.*)
 *(.pbss .pbss.*)
                0x00000001                        __MPLAB_DEBUG = 0x1
                0x00000001                        __DEBUG = 0x1
                0x00000200                        _min_heap_size = 0x200
LOAD CMakeFiles/Firmware_default_default_XC32_compile.dir/C_/Users/farsh/Desktop/src/config/default/exceptions.c.o
LOAD CMakeFiles/Firmware_default_default_XC32_compile.dir/C_/Users/farsh/Desktop/src/config/default/freertos_hooks.c.o
LOAD CMakeFiles/Firmware_default_default_XC32_compile.dir/C_/Users/farsh/Desktop/src/config/default/initialization.c.o
LOAD CMakeFiles/Firmware_default_default_XC32_compile.dir/C_/Users/farsh/Desktop/src/config/default/interrupts.c.o
LOAD CMakeFiles/Firmware_default_default_XC32_compile.dir/C_/Users/farsh/Desktop/src/config/default/libc_syscalls.c.o
LOAD CMakeFiles/Firmware_default_default_XC32_compile.dir/C_/Users/farsh/Desktop/src/config/default/peripheral/clock/plib_clock.c.o
LOAD CMakeFiles/Firmware_default_default_XC32_compile.dir/C_/Users/farsh/Desktop/src/config/default/peripheral/cmcc/plib_cmcc.c.o
LOAD CMakeFiles/Firmware_default_default_XC32_compile.dir/C_/Users/farsh/Desktop/src/config/default/peripheral/evsys/plib_evsys.c.o
LOAD CMakeFiles/Firmware_default_default_XC32_compile.dir/C_/Users/farsh/Desktop/src/config/default/peripheral/nvic/plib_nvic.c.o
LOAD CMakeFiles/Firmware_default_default_XC32_compile.dir/C_/Users/farsh/Desktop/src/config/default/peripheral/nvmctrl/plib_nvmctrl.c.o
LOAD CMakeFiles/Firmware_default_default_XC32_compile.dir/C_/Users/farsh/Desktop/src/config/default/peripheral/port/plib_port.c.o
LOAD CMakeFiles/Firmware_default_default_XC32_compile.dir/C_/Users/farsh/Desktop/src/config/default/startup_xc32.c.o
LOAD CMakeFiles/Firmware_default_default_XC32_compile.dir/C_/Users/farsh/Desktop/src/config/default/stdio/xc32_monitor.c.o
LOAD CMakeFiles/Firmware_default_default_XC32_compile.dir/C_/Users/farsh/Desktop/src/main.c.o
LOAD CMakeFiles/Firmware_default_default_XC32_compile.dir/C_/Users/farsh/Desktop/src/third_party/rtos/FreeRTOS/Source/FreeRTOS_tasks.c.o
LOAD CMakeFiles/Firmware_default_default_XC32_compile.dir/C_/Users/farsh/Desktop/src/third_party/rtos/FreeRTOS/Source/croutine.c.o
LOAD CMakeFiles/Firmware_default_default_XC32_compile.dir/C_/Users/farsh/Desktop/src/third_party/rtos/FreeRTOS/Source/event_groups.c.o
LOAD CMakeFiles/Firmware_default_default_XC32_compile.dir/C_/Users/farsh/Desktop/src/third_party/rtos/FreeRTOS/Source/list.c.o
LOAD CMakeFiles/Firmware_default_default_XC32_compile.dir/C_/Users/farsh/Desktop/src/third_party/rtos/FreeRTOS/Source/portable/GCC/SAM/ARM_CM4F/port.c.o
LOAD CMakeFiles/Firmware_default_default_XC32_compile.dir/C_/Users/farsh/Desktop/src/third_party/rtos/FreeRTOS/Source/portable/MemMang/heap_1.c.o
LOAD CMakeFiles/Firmware_default_default_XC32_compile.dir/C_/Users/farsh/Desktop/src/third_party/rtos/FreeRTOS/Source/queue.c.o
LOAD CMakeFiles/Firmware_default_default_XC32_compile.dir/C_/Users/farsh/Desktop/src/third_party/rtos/FreeRTOS/Source/stream_buffer.c.o
LOAD CMakeFiles/Firmware_default_default_XC32_compile.dir/C_/Users/farsh/Desktop/src/third_party/rtos/FreeRTOS/Source/timers.c.o
START GROUP
LOAD c:/PROGRA~1/MICROC~1/xc32/v5.10/bin/bin/../../lib/gcc/pic32c/13.2.1/../../../../pic32c/lib/thumb/v7e-m+fp/hard\libpic32c.a
LOAD c:/PROGRA~1/MICROC~1/xc32/v5.10/bin/bin/../../lib/gcc/pic32c/13.2.1/../../../../pic32c/lib/thumb/v7e-m+fp/hard\libc-size-musl.a
LOAD c:/PROGRA~1/MICROC~1/xc32/v5.10/bin/bin/../../lib/gcc/pic32c/13.2.1/../../../../pic32c/lib/thumb/v7e-m+fp/hard\liblmalloc-musl.a
LOAD c:/PROGRA~1/MICROC~1/xc32/v5.10/bin/bin/../../lib/gcc/pic32c/13.2.1/../../../../pic32c/lib/thumb/v7e-m+fp/hard\libg-musl.a
LOAD c:/PROGRA~1/MICROC~1/xc32/v5.10/bin/bin/../../lib/gcc/pic32c/13.2.1/../../../../pic32c/lib/thumb/v7e-m+fp/hard\libc-musl.a
LOAD c:/PROGRA~1/MICROC~1/xc32/v5.10/bin/bin/../../lib/gcc/pic32c/13.2.1/../../../../pic32c/lib/thumb/v7e-m+fp/hard\libm-fast-emfloat.a
LOAD c:/PROGRA~1/MICROC~1/xc32/v5.10/bin/bin/../../lib/gcc/pic32c/13.2.1/../../../../pic32c/lib/thumb/v7e-m+fp/hard\libm-musl.a
END GROUP
LOAD c:/PROGRA~1/MICROC~1/xc32/v5.10/bin/bin/../../lib/gcc/pic32c/13.2.1/thumb/v7e-m+fp/hard\libgcc.a
LOAD c:/PROGRA~1/MICROC~1/xc32/v5.10/bin/bin/../../lib/gcc/pic32c/13.2.1/thumb/v7e-m+fp/hard/crtend.o
LOAD c:/PROGRA~1/MICROC~1/xc32/v5.10/bin/bin/../../lib/gcc/pic32c/13.2.1/thumb/v7e-m+fp/hard/crtn.o
OUTPUT(C:\Users\farsh\Desktop\Firmware\out\Firmware\default.elf elf32-littlearm)
LOAD linker stubs
LOAD data_init

.note           0x00000000      0x3d8
 .note          0x00000000       0x18 c:/PROGRA~1/MICROC~1/xc32/v5.10/bin/bin/../../lib/gcc/pic32c/13.2.1/thumb/v7e-m+fp/hard/crti.o
 .note          0x00000018       0x18 c:/PROGRA~1/MICROC~1/xc32/v5.10/bin/bin/../../lib/gcc/pic32c/13.2.1/thumb/v7e-m+fp/hard/crtbegin.o
 .note          0x00000030       0x18 CMakeFiles/Firmware_default_default_XC32_compile.dir/C_/Users/farsh/Desktop/src/config/default/exceptions.c.o
 .note          0x00000048       0x18 CMakeFiles/Firmware_default_default_XC32_compile.dir/C_/Users/farsh/Desktop/src/config/default/freertos_hooks.c.o
 .note          0x00000060       0xa8 CMakeFiles/Firmware_default_default_XC32_compile.dir/C_/Users/farsh/Desktop/src/config/default/initialization.c.o
 .note          0x00000108       0x18 CMakeFiles/Firmware_default_default_XC32_compile.dir/C_/Users/farsh/Desktop/src/config/default/interrupts.c.o
 .note          0x00000120       0x18 CMakeFiles/Firmware_default_default_XC32_compile.dir/C_/Users/farsh/Desktop/src/config/default/libc_syscalls.c.o
 .note          0x00000138       0x18 CMakeFiles/Firmware_default_default_XC32_compile.dir/C_/Users/farsh/Desktop/src/config/default/peripheral/clock/plib_clock.c.o
 .note          0x00000150       0x18 CMakeFiles/Firmware_default_default_XC32_compile.dir/C_/Users/farsh/Desktop/src/config/default/peripheral/cmcc/plib_cmcc.c.o
 .note          0x00000168       0x18 CMakeFiles/Firmware_default_default_XC32_compile.dir/C_/Users/farsh/Desktop/src/config/default/peripheral/evsys/plib_evsys.c.o
 .note          0x00000180       0x18 CMakeFiles/Firmware_default_default_XC32_compile.dir/C_/Users/farsh/Desktop/src/config/default/peripheral/nvic/plib_nvic.c.o
 .note          0x00000198       0x18 CMakeFiles/Firmware_default_default_XC32_compile.dir/C_/Users/farsh/Desktop/src/config/default/peripheral/nvmctrl/plib_nvmctrl.c.o
 .note          0x000001b0       0x18 CMakeFiles/Firmware_default_default_XC32_compile.dir/C_/Users/farsh/Desktop/src/config/default/peripheral/port/plib_port.c.o
 .note          0x000001c8       0x18 CMakeFiles/Firmware_default_default_XC32_compile.dir/C_/Users/farsh/Desktop/src/config/default/startup_xc32.c.o
 .note          0x000001e0       0x18 CMakeFiles/Firmware_default_default_XC32_compile.dir/C_/Users/farsh/Desktop/src/config/default/stdio/xc32_monitor.c.o
 .note          0x000001f8       0x18 CMakeFiles/Firmware_default_default_XC32_compile.dir/C_/Users/farsh/Desktop/src/main.c.o
 .note          0x00000210       0x18 CMakeFiles/Firmware_default_default_XC32_compile.dir/C_/Users/farsh/Desktop/src/third_party/rtos/FreeRTOS/Source/FreeRTOS_tasks.c.o
 .note          0x00000228       0x18 CMakeFiles/Firmware_default_default_XC32_compile.dir/C_/Users/farsh/Desktop/src/third_party/rtos/FreeRTOS/Source/croutine.c.o
 .note          0x00000240       0x18 CMakeFiles/Firmware_default_default_XC32_compile.dir/C_/Users/farsh/Desktop/src/third_party/rtos/FreeRTOS/Source/event_groups.c.o
 .note          0x00000258       0x18 CMakeFiles/Firmware_default_default_XC32_compile.dir/C_/Users/farsh/Desktop/src/third_party/rtos/FreeRTOS/Source/list.c.o
 .note          0x00000270       0x18 CMakeFiles/Firmware_default_default_XC32_compile.dir/C_/Users/farsh/Desktop/src/third_party/rtos/FreeRTOS/Source/portable/GCC/SAM/ARM_CM4F/port.c.o
 .note          0x00000288       0x18 CMakeFiles/Firmware_default_default_XC32_compile.dir/C_/Users/farsh/Desktop/src/third_party/rtos/FreeRTOS/Source/portable/MemMang/heap_1.c.o
 .note          0x000002a0       0x18 CMakeFiles/Firmware_default_default_XC32_compile.dir/C_/Users/farsh/Desktop/src/third_party/rtos/FreeRTOS/Source/queue.c.o
 .note          0x000002b8       0x18 CMakeFiles/Firmware_default_default_XC32_compile.dir/C_/Users/farsh/Desktop/src/third_party/rtos/FreeRTOS/Source/stream_buffer.c.o
 .note          0x000002d0       0x18 CMakeFiles/Firmware_default_default_XC32_compile.dir/C_/Users/farsh/Desktop/src/third_party/rtos/FreeRTOS/Source/timers.c.o
 .note          0x000002e8       0x18 c:/PROGRA~1/MICROC~1/xc32/v5.10/bin/bin/../../lib/gcc/pic32c/13.2.1/../../../../pic32c/lib/thumb/v7e-m+fp/hard\libpic32c.a(data_init.o)
 .note          0x00000300       0x18 c:/PROGRA~1/MICROC~1/xc32/v5.10/bin/bin/../../lib/gcc/pic32c/13.2.1/../../../../pic32c/lib/thumb/v7e-m+fp/hard\libc-size-musl.a(memcpy.o)
 .note          0x00000318       0x18 c:/PROGRA~1/MICROC~1/xc32/v5.10/bin/bin/../../lib/gcc/pic32c/13.2.1/../../../../pic32c/lib/thumb/v7e-m+fp/hard\libc-size-musl.a(memset.o)
 .note          0x00000330       0x18 c:/PROGRA~1/MICROC~1/xc32/v5.10/bin/bin/../../lib/gcc/pic32c/13.2.1/../../../../pic32c/lib/thumb/v7e-m+fp/hard\libg-musl.a(__libc_start_main.o)
 .note          0x00000348       0x18 c:/PROGRA~1/MICROC~1/xc32/v5.10/bin/bin/../../lib/gcc/pic32c/13.2.1/../../../../pic32c/lib/thumb/v7e-m+fp/hard\libg-musl.a(libc.o)
 .note          0x00000360       0x18 c:/PROGRA~1/MICROC~1/xc32/v5.10/bin/bin/../../lib/gcc/pic32c/13.2.1/../../../../pic32c/lib/thumb/v7e-m+fp/hard\libg-musl.a(__environ.o)
 .note          0x00000378       0x18 c:/PROGRA~1/MICROC~1/xc32/v5.10/bin/bin/../../lib/gcc/pic32c/13.2.1/thumb/v7e-m+fp/hard/crtend.o
 .note          0x00000390       0x18 c:/PROGRA~1/MICROC~1/xc32/v5.10/bin/bin/../../lib/gcc/pic32c/13.2.1/thumb/v7e-m+fp/hard/crtn.o
 .note          0x000003a8       0x18 c:/PROGRA~1/MICROC~1/xc32/v5.10/bin/bin/../../lib/gcc/pic32c/13.2.1/../../../../pic32c/lib/thumb/v7e-m+fp/hard\libpic32c.a(pic32_data_init_clear.o)
 .note          0x000003c0       0x18 c:/PROGRA~1/MICROC~1/xc32/v5.10/bin/bin/../../lib/gcc/pic32c/13.2.1/../../../../pic32c/lib/thumb/v7e-m+fp/hard\libpic32c.a(pic32_data_init_copy.o)

.ARM.attributes
                0x00000000       0x34
 .ARM.attributes
                0x00000000       0x22 c:/PROGRA~1/MICROC~1/xc32/v5.10/bin/bin/../../lib/gcc/pic32c/13.2.1/thumb/v7e-m+fp/hard/crti.o
 .ARM.attributes
                0x00000022       0x34 c:/PROGRA~1/MICROC~1/xc32/v5.10/bin/bin/../../lib/gcc/pic32c/13.2.1/thumb/v7e-m+fp/hard/crtbegin.o
 .ARM.attributes
                0x00000056       0x34 CMakeFiles/Firmware_default_default_XC32_compile.dir/C_/Users/farsh/Desktop/src/config/default/exceptions.c.o
 .ARM.attributes
                0x0000008a       0x34 CMakeFiles/Firmware_default_default_XC32_compile.dir/C_/Users/farsh/Desktop/src/config/default/freertos_hooks.c.o
 .ARM.attributes
                0x000000be       0x34 CMakeFiles/Firmware_default_default_XC32_compile.dir/C_/Users/farsh/Desktop/src/config/default/initialization.c.o
 .ARM.attributes
                0x000000f2       0x34 CMakeFiles/Firmware_default_default_XC32_compile.dir/C_/Users/farsh/Desktop/src/config/default/interrupts.c.o
 .ARM.attributes
                0x00000126       0x34 CMakeFiles/Firmware_default_default_XC32_compile.dir/C_/Users/farsh/Desktop/src/config/default/peripheral/clock/plib_clock.c.o
 .ARM.attributes
                0x0000015a       0x34 CMakeFiles/Firmware_default_default_XC32_compile.dir/C_/Users/farsh/Desktop/src/config/default/peripheral/evsys/plib_evsys.c.o
 .ARM.attributes
                0x0000018e       0x34 CMakeFiles/Firmware_default_default_XC32_compile.dir/C_/Users/farsh/Desktop/src/config/default/peripheral/nvic/plib_nvic.c.o
 .ARM.attributes
                0x000001c2       0x34 CMakeFiles/Firmware_default_default_XC32_compile.dir/C_/Users/farsh/Desktop/src/config/default/peripheral/nvmctrl/plib_nvmctrl.c.o
 .ARM.attributes
                0x000001f6       0x34 CMakeFiles/Firmware_default_default_XC32_compile.dir/C_/Users/farsh/Desktop/src/config/default/startup_xc32.c.o
 .ARM.attributes
                0x0000022a       0x34 CMakeFiles/Firmware_default_default_XC32_compile.dir/C_/Users/farsh/Desktop/src/main.c.o
 .ARM.attributes
                0x0000025e       0x34 CMakeFiles/Firmware_default_default_XC32_compile.dir/C_/Users/farsh/Desktop/src/third_party/rtos/FreeRTOS/Source/FreeRTOS_tasks.c.o
 .ARM.attributes
                0x00000292       0x34 CMakeFiles/Firmware_default_default_XC32_compile.dir/C_/Users/farsh/Desktop/src/third_party/rtos/FreeRTOS/Source/portable/GCC/SAM/ARM_CM4F/port.c.o
 .ARM.attributes
                0x000002c6       0x34 c:/PROGRA~1/MICROC~1/xc32/v5.10/bin/bin/../../lib/gcc/pic32c/13.2.1/../../../../pic32c/lib/thumb/v7e-m+fp/hard\libpic32c.a(data_init.o)
 .ARM.attributes
                0x000002fa       0x36 c:/PROGRA~1/MICROC~1/xc32/v5.10/bin/bin/../../lib/gcc/pic32c/13.2.1/../../../../pic32c/lib/thumb/v7e-m+fp/hard\libg-musl.a(__libc_start_main.o)
 .ARM.attributes
                0x00000330       0x36 c:/PROGRA~1/MICROC~1/xc32/v5.10/bin/bin/../../lib/gcc/pic32c/13.2.1/../../../../pic32c/lib/thumb/v7e-m+fp/hard\libg-musl.a(libc.o)
 .ARM.attributes
                0x00000366       0x36 c:/PROGRA~1/MICROC~1/xc32/v5.10/bin/bin/../../lib/gcc/pic32c/13.2.1/../../../../pic32c/lib/thumb/v7e-m+fp/hard\libg-musl.a(__environ.o)
 .ARM.attributes
                0x0000039c       0x22 c:/PROGRA~1/MICROC~1/xc32/v5.10/bin/bin/../../lib/gcc/pic32c/13.2.1/thumb/v7e-m+fp/hard/crtn.o
 .ARM.attributes
                0x000003be       0x34 c:/PROGRA~1/MICROC~1/xc32/v5.10/bin/bin/../../lib/gcc/pic32c/13.2.1/../../../../pic32c/lib/thumb/v7e-m+fp/hard\libpic32c.a(pic32_data_init_clear.o)
 .ARM.attributes
                0x000003f2       0x34 c:/PROGRA~1/MICROC~1/xc32/v5.10/bin/bin/../../lib/gcc/pic32c/13.2.1/../../../../pic32c/lib/thumb/v7e-m+fp/hard\libpic32c.a(pic32_data_init_copy.o)

.comment        0x00000000       0x35
 .comment       0x00000000       0x35 c:/PROGRA~1/MICROC~1/xc32/v5.10/bin/bin/../../lib/gcc/pic32c/13.2.1/thumb/v7e-m+fp/hard/crtbegin.o
                                 0x36 (size before relaxing)
 .comment       0x00000035       0x36 CMakeFiles/Firmware_default_default_XC32_compile.dir/C_/Users/farsh/Desktop/src/config/default/exceptions.c.o
 .comment       0x00000035       0x36 CMakeFiles/Firmware_default_default_XC32_compile.dir/C_/Users/farsh/Desktop/src/config/default/freertos_hooks.c.o
 .comment       0x00000035       0x36 CMakeFiles/Firmware_default_default_XC32_compile.dir/C_/Users/farsh/Desktop/src/config/default/initialization.c.o
 .comment       0x00000035       0x36 CMakeFiles/Firmware_default_default_XC32_compile.dir/C_/Users/farsh/Desktop/src/config/default/interrupts.c.o
 .comment       0x00000035       0x36 CMakeFiles/Firmware_default_default_XC32_compile.dir/C_/Users/farsh/Desktop/src/config/default/peripheral/clock/plib_clock.c.o
 .comment       0x00000035       0x36 CMakeFiles/Firmware_default_default_XC32_compile.dir/C_/Users/farsh/Desktop/src/config/default/peripheral/evsys/plib_evsys.c.o
 .comment       0x00000035       0x36 CMakeFiles/Firmware_default_default_XC32_compile.dir/C_/Users/farsh/Desktop/src/config/default/peripheral/nvic/plib_nvic.c.o
 .comment       0x00000035       0x36 CMakeFiles/Firmware_default_default_XC32_compile.dir/C_/Users/farsh/Desktop/src/config/default/peripheral/nvmctrl/plib_nvmctrl.c.o
 .comment       0x00000035       0x36 CMakeFiles/Firmware_default_default_XC32_compile.dir/C_/Users/farsh/Desktop/src/config/default/startup_xc32.c.o
 .comment       0x00000035       0x36 CMakeFiles/Firmware_default_default_XC32_compile.dir/C_/Users/farsh/Desktop/src/main.c.o
 .comment       0x00000035       0x36 CMakeFiles/Firmware_default_default_XC32_compile.dir/C_/Users/farsh/Desktop/src/third_party/rtos/FreeRTOS/Source/FreeRTOS_tasks.c.o
 .comment       0x00000035       0x36 CMakeFiles/Firmware_default_default_XC32_compile.dir/C_/Users/farsh/Desktop/src/third_party/rtos/FreeRTOS/Source/portable/GCC/SAM/ARM_CM4F/port.c.o
 .comment       0x00000035       0x36 c:/PROGRA~1/MICROC~1/xc32/v5.10/bin/bin/../../lib/gcc/pic32c/13.2.1/../../../../pic32c/lib/thumb/v7e-m+fp/hard\libpic32c.a(data_init.o)
 .comment       0x00000035       0x36 c:/PROGRA~1/MICROC~1/xc32/v5.10/bin/bin/../../lib/gcc/pic32c/13.2.1/../../../../pic32c/lib/thumb/v7e-m+fp/hard\libg-musl.a(__libc_start_main.o)
 .comment       0x00000035       0x36 c:/PROGRA~1/MICROC~1/xc32/v5.10/bin/bin/../../lib/gcc/pic32c/13.2.1/../../../../pic32c/lib/thumb/v7e-m+fp/hard\libg-musl.a(libc.o)
 .comment       0x00000035       0x36 c:/PROGRA~1/MICROC~1/xc32/v5.10/bin/bin/../../lib/gcc/pic32c/13.2.1/../../../../pic32c/lib/thumb/v7e-m+fp/hard\libg-musl.a(__environ.o)
 .comment       0x00000035       0x36 c:/PROGRA~1/MICROC~1/xc32/v5.10/bin/bin/../../lib/gcc/pic32c/13.2.1/../../../../pic32c/lib/thumb/v7e-m+fp/hard\libpic32c.a(pic32_data_init_clear.o)
 .comment       0x00000035       0x36 c:/PROGRA~1/MICROC~1/xc32/v5.10/bin/bin/../../lib/gcc/pic32c/13.2.1/../../../../pic32c/lib/thumb/v7e-m+fp/hard\libpic32c.a(pic32_data_init_copy.o)

.debug_info     0x00000000     0x6a7f
 .debug_info    0x00000000      0x10f CMakeFiles/Firmware_default_default_XC32_compile.dir/C_/Users/farsh/Desktop/src/config/default/exceptions.c.o
 .debug_info    0x0000010f      0x205 CMakeFiles/Firmware_default_default_XC32_compile.dir/C_/Users/farsh/Desktop/src/config/default/freertos_hooks.c.o
 .debug_info    0x00000314      0x103 CMakeFiles/Firmware_default_default_XC32_compile.dir/C_/Users/farsh/Desktop/src/config/default/initialization.c.o
 .debug_info    0x00000417      0xad4 CMakeFiles/Firmware_default_default_XC32_compile.dir/C_/Users/farsh/Desktop/src/config/default/interrupts.c.o
 .debug_info    0x00000eeb      0x639 CMakeFiles/Firmware_default_default_XC32_compile.dir/C_/Users/farsh/Desktop/src/config/default/peripheral/clock/plib_clock.c.o
 .debug_info    0x00001524       0x9b CMakeFiles/Firmware_default_default_XC32_compile.dir/C_/Users/farsh/Desktop/src/config/default/peripheral/evsys/plib_evsys.c.o
 .debug_info    0x000015bf      0xbe5 CMakeFiles/Firmware_default_default_XC32_compile.dir/C_/Users/farsh/Desktop/src/config/default/peripheral/nvic/plib_nvic.c.o
 .debug_info    0x000021a4      0x92d CMakeFiles/Firmware_default_default_XC32_compile.dir/C_/Users/farsh/Desktop/src/config/default/peripheral/nvmctrl/plib_nvmctrl.c.o
 .debug_info    0x00002ad1      0x573 CMakeFiles/Firmware_default_default_XC32_compile.dir/C_/Users/farsh/Desktop/src/config/default/startup_xc32.c.o
 .debug_info    0x00003044       0xc7 CMakeFiles/Firmware_default_default_XC32_compile.dir/C_/Users/farsh/Desktop/src/main.c.o
 .debug_info    0x0000310b     0x2b81 CMakeFiles/Firmware_default_default_XC32_compile.dir/C_/Users/farsh/Desktop/src/third_party/rtos/FreeRTOS/Source/FreeRTOS_tasks.c.o
 .debug_info    0x00005c8c      0x3a3 CMakeFiles/Firmware_default_default_XC32_compile.dir/C_/Users/farsh/Desktop/src/third_party/rtos/FreeRTOS/Source/portable/GCC/SAM/ARM_CM4F/port.c.o
 .debug_info    0x0000602f      0x212 c:/PROGRA~1/MICROC~1/xc32/v5.10/bin/bin/../../lib/gcc/pic32c/13.2.1/../../../../pic32c/lib/thumb/v7e-m+fp/hard\libpic32c.a(data_init.o)
 .debug_info    0x00006241      0x2fb c:/PROGRA~1/MICROC~1/xc32/v5.10/bin/bin/../../lib/gcc/pic32c/13.2.1/../../../../pic32c/lib/thumb/v7e-m+fp/hard\libg-musl.a(__libc_start_main.o)
 .debug_info    0x0000653c      0x276 c:/PROGRA~1/MICROC~1/xc32/v5.10/bin/bin/../../lib/gcc/pic32c/13.2.1/../../../../pic32c/lib/thumb/v7e-m+fp/hard\libg-musl.a(libc.o)
 .debug_info    0x000067b2       0x97 c:/PROGRA~1/MICROC~1/xc32/v5.10/bin/bin/../../lib/gcc/pic32c/13.2.1/../../../../pic32c/lib/thumb/v7e-m+fp/hard\libg-musl.a(__environ.o)
 .debug_info    0x00006849      0x110 c:/PROGRA~1/MICROC~1/xc32/v5.10/bin/bin/../../lib/gcc/pic32c/13.2.1/../../../../pic32c/lib/thumb/v7e-m+fp/hard\libpic32c.a(pic32_data_init_clear.o)
 .debug_info    0x00006959      0x126 c:/PROGRA~1/MICROC~1/xc32/v5.10/bin/bin/../../lib/gcc/pic32c/13.2.1/../../../../pic32c/lib/thumb/v7e-m+fp/hard\libpic32c.a(pic32_data_init_copy.o)

.debug_abbrev   0x00000000     0x1752
 .debug_abbrev  0x00000000       0x49 CMakeFiles/Firmware_default_default_XC32_compile.dir/C_/Users/farsh/Desktop/src/config/default/exceptions.c.o
 .debug_abbrev  0x00000049      0x14d CMakeFiles/Firmware_default_default_XC32_compile.dir/C_/Users/farsh/Desktop/src/config/default/freertos_hooks.c.o
 .debug_abbrev  0x00000196       0x7f CMakeFiles/Firmware_default_default_XC32_compile.dir/C_/Users/farsh/Desktop/src/config/default/initialization.c.o
 .debug_abbrev  0x00000215       0xd3 CMakeFiles/Firmware_default_default_XC32_compile.dir/C_/Users/farsh/Desktop/src/config/default/interrupts.c.o
 .debug_abbrev  0x000002e8      0x10b CMakeFiles/Firmware_default_default_XC32_compile.dir/C_/Users/farsh/Desktop/src/config/default/peripheral/clock/plib_clock.c.o
 .debug_abbrev  0x000003f3       0x46 CMakeFiles/Firmware_default_default_XC32_compile.dir/C_/Users/farsh/Desktop/src/config/default/peripheral/evsys/plib_evsys.c.o
 .debug_abbrev  0x00000439      0x24a CMakeFiles/Firmware_default_default_XC32_compile.dir/C_/Users/farsh/Desktop/src/config/default/peripheral/nvic/plib_nvic.c.o
 .debug_abbrev  0x00000683      0x266 CMakeFiles/Firmware_default_default_XC32_compile.dir/C_/Users/farsh/Desktop/src/config/default/peripheral/nvmctrl/plib_nvmctrl.c.o
 .debug_abbrev  0x000008e9      0x1ee CMakeFiles/Firmware_default_default_XC32_compile.dir/C_/Users/farsh/Desktop/src/config/default/startup_xc32.c.o
 .debug_abbrev  0x00000ad7       0x82 CMakeFiles/Firmware_default_default_XC32_compile.dir/C_/Users/farsh/Desktop/src/main.c.o
 .debug_abbrev  0x00000b59      0x49b CMakeFiles/Firmware_default_default_XC32_compile.dir/C_/Users/farsh/Desktop/src/third_party/rtos/FreeRTOS/Source/FreeRTOS_tasks.c.o
 .debug_abbrev  0x00000ff4      0x233 CMakeFiles/Firmware_default_default_XC32_compile.dir/C_/Users/farsh/Desktop/src/third_party/rtos/FreeRTOS/Source/portable/GCC/SAM/ARM_CM4F/port.c.o
 .debug_abbrev  0x00001227      0x156 c:/PROGRA~1/MICROC~1/xc32/v5.10/bin/bin/../../lib/gcc/pic32c/13.2.1/../../../../pic32c/lib/thumb/v7e-m+fp/hard\libpic32c.a(data_init.o)
 .debug_abbrev  0x0000137d      0x133 c:/PROGRA~1/MICROC~1/xc32/v5.10/bin/bin/../../lib/gcc/pic32c/13.2.1/../../../../pic32c/lib/thumb/v7e-m+fp/hard\libg-musl.a(__libc_start_main.o)
 .debug_abbrev  0x000014b0       0xd4 c:/PROGRA~1/MICROC~1/xc32/v5.10/bin/bin/../../lib/gcc/pic32c/13.2.1/../../../../pic32c/lib/thumb/v7e-m+fp/hard\libg-musl.a(libc.o)
 .debug_abbrev  0x00001584       0x62 c:/PROGRA~1/MICROC~1/xc32/v5.10/bin/bin/../../lib/gcc/pic32c/13.2.1/../../../../pic32c/lib/thumb/v7e-m+fp/hard\libg-musl.a(__environ.o)
 .debug_abbrev  0x000015e6       0xa2 c:/PROGRA~1/MICROC~1/xc32/v5.10/bin/bin/../../lib/gcc/pic32c/13.2.1/../../../../pic32c/lib/thumb/v7e-m+fp/hard\libpic32c.a(pic32_data_init_clear.o)
 .debug_abbrev  0x00001688       0xca c:/PROGRA~1/MICROC~1/xc32/v5.10/bin/bin/../../lib/gcc/pic32c/13.2.1/../../../../pic32c/lib/thumb/v7e-m+fp/hard\libpic32c.a(pic32_data_init_copy.o)

.debug_aranges  0x00000000      0x550
 .debug_aranges
                0x00000000       0x48 CMakeFiles/Firmware_default_default_XC32_compile.dir/C_/Users/farsh/Desktop/src/config/default/exceptions.c.o
 .debug_aranges
                0x00000048       0x40 CMakeFiles/Firmware_default_default_XC32_compile.dir/C_/Users/farsh/Desktop/src/config/default/freertos_hooks.c.o
 .debug_aranges
                0x00000088       0x20 CMakeFiles/Firmware_default_default_XC32_compile.dir/C_/Users/farsh/Desktop/src/config/default/initialization.c.o
 .debug_aranges
                0x000000a8       0x20 CMakeFiles/Firmware_default_default_XC32_compile.dir/C_/Users/farsh/Desktop/src/config/default/interrupts.c.o
 .debug_aranges
                0x000000c8       0x20 CMakeFiles/Firmware_default_default_XC32_compile.dir/C_/Users/farsh/Desktop/src/config/default/peripheral/clock/plib_clock.c.o
 .debug_aranges
                0x000000e8       0x20 CMakeFiles/Firmware_default_default_XC32_compile.dir/C_/Users/farsh/Desktop/src/config/default/peripheral/evsys/plib_evsys.c.o
 .debug_aranges
                0x00000108       0x48 CMakeFiles/Firmware_default_default_XC32_compile.dir/C_/Users/farsh/Desktop/src/config/default/peripheral/nvic/plib_nvic.c.o
 .debug_aranges
                0x00000150       0xd8 CMakeFiles/Firmware_default_default_XC32_compile.dir/C_/Users/farsh/Desktop/src/config/default/peripheral/nvmctrl/plib_nvmctrl.c.o
 .debug_aranges
                0x00000228       0x28 CMakeFiles/Firmware_default_default_XC32_compile.dir/C_/Users/farsh/Desktop/src/config/default/startup_xc32.c.o
 .debug_aranges
                0x00000250       0x20 CMakeFiles/Firmware_default_default_XC32_compile.dir/C_/Users/farsh/Desktop/src/main.c.o
 .debug_aranges
                0x00000270      0x1a0 CMakeFiles/Firmware_default_default_XC32_compile.dir/C_/Users/farsh/Desktop/src/third_party/rtos/FreeRTOS/Source/FreeRTOS_tasks.c.o
 .debug_aranges
                0x00000410       0x78 CMakeFiles/Firmware_default_default_XC32_compile.dir/C_/Users/farsh/Desktop/src/third_party/rtos/FreeRTOS/Source/portable/GCC/SAM/ARM_CM4F/port.c.o
 .debug_aranges
                0x00000488       0x30 c:/PROGRA~1/MICROC~1/xc32/v5.10/bin/bin/../../lib/gcc/pic32c/13.2.1/../../../../pic32c/lib/thumb/v7e-m+fp/hard\libpic32c.a(data_init.o)
 .debug_aranges
                0x000004b8       0x28 c:/PROGRA~1/MICROC~1/xc32/v5.10/bin/bin/../../lib/gcc/pic32c/13.2.1/../../../../pic32c/lib/thumb/v7e-m+fp/hard\libg-musl.a(__libc_start_main.o)
 .debug_aranges
                0x000004e0       0x18 c:/PROGRA~1/MICROC~1/xc32/v5.10/bin/bin/../../lib/gcc/pic32c/13.2.1/../../../../pic32c/lib/thumb/v7e-m+fp/hard\libg-musl.a(libc.o)
 .debug_aranges
                0x000004f8       0x18 c:/PROGRA~1/MICROC~1/xc32/v5.10/bin/bin/../../lib/gcc/pic32c/13.2.1/../../../../pic32c/lib/thumb/v7e-m+fp/hard\libg-musl.a(__environ.o)
 .debug_aranges
                0x00000510       0x20 c:/PROGRA~1/MICROC~1/xc32/v5.10/bin/bin/../../lib/gcc/pic32c/13.2.1/../../../../pic32c/lib/thumb/v7e-m+fp/hard\libpic32c.a(pic32_data_init_clear.o)
 .debug_aranges
                0x00000530       0x20 c:/PROGRA~1/MICROC~1/xc32/v5.10/bin/bin/../../lib/gcc/pic32c/13.2.1/../../../../pic32c/lib/thumb/v7e-m+fp/hard\libpic32c.a(pic32_data_init_copy.o)

.debug_ranges   0x00000000      0x5d8
 .debug_ranges  0x00000000       0x38 CMakeFiles/Firmware_default_default_XC32_compile.dir/C_/Users/farsh/Desktop/src/config/default/exceptions.c.o
 .debug_ranges  0x00000038       0x30 CMakeFiles/Firmware_default_default_XC32_compile.dir/C_/Users/farsh/Desktop/src/config/default/freertos_hooks.c.o
 .debug_ranges  0x00000068       0x10 CMakeFiles/Firmware_default_default_XC32_compile.dir/C_/Users/farsh/Desktop/src/config/default/initialization.c.o
 .debug_ranges  0x00000078       0x10 CMakeFiles/Firmware_default_default_XC32_compile.dir/C_/Users/farsh/Desktop/src/config/default/interrupts.c.o
 .debug_ranges  0x00000088       0x10 CMakeFiles/Firmware_default_default_XC32_compile.dir/C_/Users/farsh/Desktop/src/config/default/peripheral/clock/plib_clock.c.o
 .debug_ranges  0x00000098       0x10 CMakeFiles/Firmware_default_default_XC32_compile.dir/C_/Users/farsh/Desktop/src/config/default/peripheral/evsys/plib_evsys.c.o
 .debug_ranges  0x000000a8       0x38 CMakeFiles/Firmware_default_default_XC32_compile.dir/C_/Users/farsh/Desktop/src/config/default/peripheral/nvic/plib_nvic.c.o
 .debug_ranges  0x000000e0       0xc8 CMakeFiles/Firmware_default_default_XC32_compile.dir/C_/Users/farsh/Desktop/src/config/default/peripheral/nvmctrl/plib_nvmctrl.c.o
 .debug_ranges  0x000001a8       0x18 CMakeFiles/Firmware_default_default_XC32_compile.dir/C_/Users/farsh/Desktop/src/config/default/startup_xc32.c.o
 .debug_ranges  0x000001c0       0x10 CMakeFiles/Firmware_default_default_XC32_compile.dir/C_/Users/farsh/Desktop/src/main.c.o
 .debug_ranges  0x000001d0      0x320 CMakeFiles/Firmware_default_default_XC32_compile.dir/C_/Users/farsh/Desktop/src/third_party/rtos/FreeRTOS/Source/FreeRTOS_tasks.c.o
 .debug_ranges  0x000004f0       0x68 CMakeFiles/Firmware_default_default_XC32_compile.dir/C_/Users/farsh/Desktop/src/third_party/rtos/FreeRTOS/Source/portable/GCC/SAM/ARM_CM4F/port.c.o
 .debug_ranges  0x00000558       0x20 c:/PROGRA~1/MICROC~1/xc32/v5.10/bin/bin/../../lib/gcc/pic32c/13.2.1/../../../../pic32c/lib/thumb/v7e-m+fp/hard\libpic32c.a(data_init.o)
 .debug_ranges  0x00000578       0x40 c:/PROGRA~1/MICROC~1/xc32/v5.10/bin/bin/../../lib/gcc/pic32c/13.2.1/../../../../pic32c/lib/thumb/v7e-m+fp/hard\libg-musl.a(__libc_start_main.o)
 .debug_ranges  0x000005b8       0x10 c:/PROGRA~1/MICROC~1/xc32/v5.10/bin/bin/../../lib/gcc/pic32c/13.2.1/../../../../pic32c/lib/thumb/v7e-m+fp/hard\libpic32c.a(pic32_data_init_clear.o)
 .debug_ranges  0x000005c8       0x10 c:/PROGRA~1/MICROC~1/xc32/v5.10/bin/bin/../../lib/gcc/pic32c/13.2.1/../../../../pic32c/lib/thumb/v7e-m+fp/hard\libpic32c.a(pic32_data_init_copy.o)

.debug_line     0x00000000     0x41bd
 .debug_line    0x00000000       0xf3 CMakeFiles/Firmware_default_default_XC32_compile.dir/C_/Users/farsh/Desktop/src/config/default/exceptions.c.o
 .debug_line    0x000000f3      0x20c CMakeFiles/Firmware_default_default_XC32_compile.dir/C_/Users/farsh/Desktop/src/config/default/freertos_hooks.c.o
 .debug_line    0x000002ff      0x1a8 CMakeFiles/Firmware_default_default_XC32_compile.dir/C_/Users/farsh/Desktop/src/config/default/initialization.c.o
 .debug_line    0x000004a7       0xdc CMakeFiles/Firmware_default_default_XC32_compile.dir/C_/Users/farsh/Desktop/src/config/default/interrupts.c.o
 .debug_line    0x00000583      0x2f2 CMakeFiles/Firmware_default_default_XC32_compile.dir/C_/Users/farsh/Desktop/src/config/default/peripheral/clock/plib_clock.c.o
 .debug_line    0x00000875       0x7a CMakeFiles/Firmware_default_default_XC32_compile.dir/C_/Users/farsh/Desktop/src/config/default/peripheral/evsys/plib_evsys.c.o
 .debug_line    0x000008ef      0x443 CMakeFiles/Firmware_default_default_XC32_compile.dir/C_/Users/farsh/Desktop/src/config/default/peripheral/nvic/plib_nvic.c.o
 .debug_line    0x00000d32      0x6b0 CMakeFiles/Firmware_default_default_XC32_compile.dir/C_/Users/farsh/Desktop/src/config/default/peripheral/nvmctrl/plib_nvmctrl.c.o
 .debug_line    0x000013e2      0x2dd CMakeFiles/Firmware_default_default_XC32_compile.dir/C_/Users/farsh/Desktop/src/config/default/startup_xc32.c.o
 .debug_line    0x000016bf       0x98 CMakeFiles/Firmware_default_default_XC32_compile.dir/C_/Users/farsh/Desktop/src/main.c.o
 .debug_line    0x00001757     0x1fa7 CMakeFiles/Firmware_default_default_XC32_compile.dir/C_/Users/farsh/Desktop/src/third_party/rtos/FreeRTOS/Source/FreeRTOS_tasks.c.o
 .debug_line    0x000036fe      0x390 CMakeFiles/Firmware_default_default_XC32_compile.dir/C_/Users/farsh/Desktop/src/third_party/rtos/FreeRTOS/Source/portable/GCC/SAM/ARM_CM4F/port.c.o
 .debug_line    0x00003a8e      0x163 c:/PROGRA~1/MICROC~1/xc32/v5.10/bin/bin/../../lib/gcc/pic32c/13.2.1/../../../../pic32c/lib/thumb/v7e-m+fp/hard\libpic32c.a(data_init.o)
 .debug_line    0x00003bf1      0x1da c:/PROGRA~1/MICROC~1/xc32/v5.10/bin/bin/../../lib/gcc/pic32c/13.2.1/../../../../pic32c/lib/thumb/v7e-m+fp/hard\libg-musl.a(__libc_start_main.o)
 .debug_line    0x00003dcb       0xb5 c:/PROGRA~1/MICROC~1/xc32/v5.10/bin/bin/../../lib/gcc/pic32c/13.2.1/../../../../pic32c/lib/thumb/v7e-m+fp/hard\libg-musl.a(libc.o)
 .debug_line    0x00003e80       0xfb c:/PROGRA~1/MICROC~1/xc32/v5.10/bin/bin/../../lib/gcc/pic32c/13.2.1/../../../../pic32c/lib/thumb/v7e-m+fp/hard\libg-musl.a(__environ.o)
 .debug_line    0x00003f7b      0x11c c:/PROGRA~1/MICROC~1/xc32/v5.10/bin/bin/../../lib/gcc/pic32c/13.2.1/../../../../pic32c/lib/thumb/v7e-m+fp/hard\libpic32c.a(pic32_data_init_clear.o)
 .debug_line    0x00004097      0x126 c:/PROGRA~1/MICROC~1/xc32/v5.10/bin/bin/../../lib/gcc/pic32c/13.2.1/../../../../pic32c/lib/thumb/v7e-m+fp/hard\libpic32c.a(pic32_data_init_copy.o)

.debug_str      0x00000000     0x3b2d
 .debug_str     0x00000000     0x3b2d CMakeFiles/Firmware_default_default_XC32_compile.dir/C_/Users/farsh/Desktop/src/config/default/exceptions.c.o
                                0x323 (size before relaxing)
 .debug_str     0x00003b2d      0x3ac CMakeFiles/Firmware_default_default_XC32_compile.dir/C_/Users/farsh/Desktop/src/config/default/freertos_hooks.c.o
 .debug_str     0x00003b2d      0x305 CMakeFiles/Firmware_default_default_XC32_compile.dir/C_/Users/farsh/Desktop/src/config/default/initialization.c.o
 .debug_str     0x00003b2d      0xfb4 CMakeFiles/Firmware_default_default_XC32_compile.dir/C_/Users/farsh/Desktop/src/config/default/interrupts.c.o
 .debug_str     0x00003b2d      0x66e CMakeFiles/Firmware_default_default_XC32_compile.dir/C_/Users/farsh/Desktop/src/config/default/peripheral/clock/plib_clock.c.o
 .debug_str     0x00003b2d      0x2ca CMakeFiles/Firmware_default_default_XC32_compile.dir/C_/Users/farsh/Desktop/src/config/default/peripheral/evsys/plib_evsys.c.o
 .debug_str     0x00003b2d      0xd67 CMakeFiles/Firmware_default_default_XC32_compile.dir/C_/Users/farsh/Desktop/src/config/default/peripheral/nvic/plib_nvic.c.o
 .debug_str     0x00003b2d      0x6d2 CMakeFiles/Firmware_default_default_XC32_compile.dir/C_/Users/farsh/Desktop/src/config/default/peripheral/nvmctrl/plib_nvmctrl.c.o
 .debug_str     0x00003b2d      0x492 CMakeFiles/Firmware_default_default_XC32_compile.dir/C_/Users/farsh/Desktop/src/config/default/startup_xc32.c.o
 .debug_str     0x00003b2d      0x2a7 CMakeFiles/Firmware_default_default_XC32_compile.dir/C_/Users/farsh/Desktop/src/main.c.o
 .debug_str     0x00003b2d     0x11a0 CMakeFiles/Firmware_default_default_XC32_compile.dir/C_/Users/farsh/Desktop/src/third_party/rtos/FreeRTOS/Source/FreeRTOS_tasks.c.o
 .debug_str     0x00003b2d      0x49a CMakeFiles/Firmware_default_default_XC32_compile.dir/C_/Users/farsh/Desktop/src/third_party/rtos/FreeRTOS/Source/portable/GCC/SAM/ARM_CM4F/port.c.o
 .debug_str     0x00003b2d      0x2f6 c:/PROGRA~1/MICROC~1/xc32/v5.10/bin/bin/../../lib/gcc/pic32c/13.2.1/../../../../pic32c/lib/thumb/v7e-m+fp/hard\libpic32c.a(data_init.o)
 .debug_str     0x00003b2d      0x3e4 c:/PROGRA~1/MICROC~1/xc32/v5.10/bin/bin/../../lib/gcc/pic32c/13.2.1/../../../../pic32c/lib/thumb/v7e-m+fp/hard\libg-musl.a(__libc_start_main.o)
 .debug_str     0x00003b2d      0x34f c:/PROGRA~1/MICROC~1/xc32/v5.10/bin/bin/../../lib/gcc/pic32c/13.2.1/../../../../pic32c/lib/thumb/v7e-m+fp/hard\libg-musl.a(libc.o)
 .debug_str     0x00003b2d      0x24f c:/PROGRA~1/MICROC~1/xc32/v5.10/bin/bin/../../lib/gcc/pic32c/13.2.1/../../../../pic32c/lib/thumb/v7e-m+fp/hard\libg-musl.a(__environ.o)
 .debug_str     0x00003b2d      0x287 c:/PROGRA~1/MICROC~1/xc32/v5.10/bin/bin/../../lib/gcc/pic32c/13.2.1/../../../../pic32c/lib/thumb/v7e-m+fp/hard\libpic32c.a(pic32_data_init_clear.o)
 .debug_str     0x00003b2d      0x28e c:/PROGRA~1/MICROC~1/xc32/v5.10/bin/bin/../../lib/gcc/pic32c/13.2.1/../../../../pic32c/lib/thumb/v7e-m+fp/hard\libpic32c.a(pic32_data_init_copy.o)

.debug_frame    0x00000000      0xab4
 .debug_frame   0x00000000       0x70 CMakeFiles/Firmware_default_default_XC32_compile.dir/C_/Users/farsh/Desktop/src/config/default/exceptions.c.o
 .debug_frame   0x00000070       0x6c CMakeFiles/Firmware_default_default_XC32_compile.dir/C_/Users/farsh/Desktop/src/config/default/freertos_hooks.c.o
 .debug_frame   0x000000dc       0x28 CMakeFiles/Firmware_default_default_XC32_compile.dir/C_/Users/farsh/Desktop/src/config/default/initialization.c.o
 .debug_frame   0x00000104       0x20 CMakeFiles/Firmware_default_default_XC32_compile.dir/C_/Users/farsh/Desktop/src/config/default/interrupts.c.o
 .debug_frame   0x00000124       0x20 CMakeFiles/Firmware_default_default_XC32_compile.dir/C_/Users/farsh/Desktop/src/config/default/peripheral/clock/plib_clock.c.o
 .debug_frame   0x00000144       0x20 CMakeFiles/Firmware_default_default_XC32_compile.dir/C_/Users/farsh/Desktop/src/config/default/peripheral/evsys/plib_evsys.c.o
 .debug_frame   0x00000164       0x7c CMakeFiles/Firmware_default_default_XC32_compile.dir/C_/Users/farsh/Desktop/src/config/default/peripheral/nvic/plib_nvic.c.o
 .debug_frame   0x000001e0      0x1bc CMakeFiles/Firmware_default_default_XC32_compile.dir/C_/Users/farsh/Desktop/src/config/default/peripheral/nvmctrl/plib_nvmctrl.c.o
 .debug_frame   0x0000039c       0x38 CMakeFiles/Firmware_default_default_XC32_compile.dir/C_/Users/farsh/Desktop/src/config/default/startup_xc32.c.o
 .debug_frame   0x000003d4       0x28 CMakeFiles/Firmware_default_default_XC32_compile.dir/C_/Users/farsh/Desktop/src/main.c.o
 .debug_frame   0x000003fc      0x4fc CMakeFiles/Firmware_default_default_XC32_compile.dir/C_/Users/farsh/Desktop/src/third_party/rtos/FreeRTOS/Source/FreeRTOS_tasks.c.o
 .debug_frame   0x000008f8       0xec CMakeFiles/Firmware_default_default_XC32_compile.dir/C_/Users/farsh/Desktop/src/third_party/rtos/FreeRTOS/Source/portable/GCC/SAM/ARM_CM4F/port.c.o
 .debug_frame   0x000009e4       0x4c c:/PROGRA~1/MICROC~1/xc32/v5.10/bin/bin/../../lib/gcc/pic32c/13.2.1/../../../../pic32c/lib/thumb/v7e-m+fp/hard\libpic32c.a(data_init.o)
 .debug_frame   0x00000a30       0x3c c:/PROGRA~1/MICROC~1/xc32/v5.10/bin/bin/../../lib/gcc/pic32c/13.2.1/../../../../pic32c/lib/thumb/v7e-m+fp/hard\libg-musl.a(__libc_start_main.o)
 .debug_frame   0x00000a6c       0x20 c:/PROGRA~1/MICROC~1/xc32/v5.10/bin/bin/../../lib/gcc/pic32c/13.2.1/../../../../pic32c/lib/thumb/v7e-m+fp/hard\libpic32c.a(pic32_data_init_clear.o)
 .debug_frame   0x00000a8c       0x28 c:/PROGRA~1/MICROC~1/xc32/v5.10/bin/bin/../../lib/gcc/pic32c/13.2.1/../../../../pic32c/lib/thumb/v7e-m+fp/hard\libpic32c.a(pic32_data_init_copy.o)

.debug_loc      0x00000000     0x3cfb
 .debug_loc     0x00000000       0x8e CMakeFiles/Firmware_default_default_XC32_compile.dir/C_/Users/farsh/Desktop/src/config/default/freertos_hooks.c.o
 .debug_loc     0x0000008e       0x4b CMakeFiles/Firmware_default_default_XC32_compile.dir/C_/Users/farsh/Desktop/src/config/default/initialization.c.o
 .debug_loc     0x000000d9      0x236 CMakeFiles/Firmware_default_default_XC32_compile.dir/C_/Users/farsh/Desktop/src/config/default/peripheral/nvic/plib_nvic.c.o
 .debug_loc     0x0000030f      0x874 CMakeFiles/Firmware_default_default_XC32_compile.dir/C_/Users/farsh/Desktop/src/config/default/peripheral/nvmctrl/plib_nvmctrl.c.o
 .debug_loc     0x00000b83       0x4a CMakeFiles/Firmware_default_default_XC32_compile.dir/C_/Users/farsh/Desktop/src/config/default/startup_xc32.c.o
 .debug_loc     0x00000bcd       0x20 CMakeFiles/Firmware_default_default_XC32_compile.dir/C_/Users/farsh/Desktop/src/main.c.o
 .debug_loc     0x00000bed     0x2ce5 CMakeFiles/Firmware_default_default_XC32_compile.dir/C_/Users/farsh/Desktop/src/third_party/rtos/FreeRTOS/Source/FreeRTOS_tasks.c.o
 .debug_loc     0x000038d2      0x140 CMakeFiles/Firmware_default_default_XC32_compile.dir/C_/Users/farsh/Desktop/src/third_party/rtos/FreeRTOS/Source/portable/GCC/SAM/ARM_CM4F/port.c.o
 .debug_loc     0x00003a12      0x113 c:/PROGRA~1/MICROC~1/xc32/v5.10/bin/bin/../../lib/gcc/pic32c/13.2.1/../../../../pic32c/lib/thumb/v7e-m+fp/hard\libpic32c.a(data_init.o)
 .debug_loc     0x00003b25       0x51 c:/PROGRA~1/MICROC~1/xc32/v5.10/bin/bin/../../lib/gcc/pic32c/13.2.1/../../../../pic32c/lib/thumb/v7e-m+fp/hard\libg-musl.a(__libc_start_main.o)
 .debug_loc     0x00003b76       0x94 c:/PROGRA~1/MICROC~1/xc32/v5.10/bin/bin/../../lib/gcc/pic32c/13.2.1/../../../../pic32c/lib/thumb/v7e-m+fp/hard\libpic32c.a(pic32_data_init_clear.o)
 .debug_loc     0x00003c0a       0xf1 c:/PROGRA~1/MICROC~1/xc32/v5.10/bin/bin/../../lib/gcc/pic32c/13.2.1/../../../../pic32c/lib/thumb/v7e-m+fp/hard\libpic32c.a(pic32_data_init_copy.o)

.note.GNU-stack
                0x00000000        0x0
 .note.GNU-stack
                0x00000000        0x0 c:/PROGRA~1/MICROC~1/xc32/v5.10/bin/bin/../../lib/gcc/pic32c/13.2.1/../../../../pic32c/lib/thumb/v7e-m+fp/hard\libg-musl.a(__libc_start_main.o)
 .note.GNU-stack
                0x00000000        0x0 c:/PROGRA~1/MICROC~1/xc32/v5.10/bin/bin/../../lib/gcc/pic32c/13.2.1/../../../../pic32c/lib/thumb/v7e-m+fp/hard\libg-musl.a(libc.o)
 .note.GNU-stack
                0x00000000        0x0 c:/PROGRA~1/MICROC~1/xc32/v5.10/bin/bin/../../lib/gcc/pic32c/13.2.1/../../../../pic32c/lib/thumb/v7e-m+fp/hard\libg-musl.a(__environ.o)

.vfp11_veneer%z1

.v4_bx%z2

.iplt%z3

.rel.iplt%z4

.igot.plt%z5

.bss.pxReadyTasksLists%1
                0x20000000       0x64
 .bss.pxReadyTasksLists
                0x20000000       0x64 CMakeFiles/Firmware_default_default_XC32_compile.dir/C_/Users/farsh/Desktop/src/third_party/rtos/FreeRTOS/Source/FreeRTOS_tasks.c.o

.bss%2          0x20000064       0x50
 .bss           0x20000064       0x50 c:/PROGRA~1/MICROC~1/xc32/v5.10/bin/bin/../../lib/gcc/pic32c/13.2.1/../../../../pic32c/lib/thumb/v7e-m+fp/hard\libg-musl.a(libc.o)
                0x20000064                __progname_full
                0x20000064                program_invocation_name
                0x20000068                program_invocation_short_name
                0x20000068                __progname
                0x2000006c                __sysinfo
                0x20000070                __hwcap
                0x20000074                __libc

.bss%3          0x200000b4       0x1c
 .bss           0x200000b4       0x1c c:/PROGRA~1/MICROC~1/xc32/v5.10/bin/bin/../../lib/gcc/pic32c/13.2.1/thumb/v7e-m+fp/hard/crtbegin.o

.bss.uxSchedulerSuspended%4
                0x200000d0        0x4
 .bss.uxSchedulerSuspended
                0x200000d0        0x4 CMakeFiles/Firmware_default_default_XC32_compile.dir/C_/Users/farsh/Desktop/src/third_party/rtos/FreeRTOS/Source/FreeRTOS_tasks.c.o

.bss.xNextTaskUnblockTime%5
                0x200000d4        0x4
 .bss.xNextTaskUnblockTime
                0x200000d4        0x4 CMakeFiles/Firmware_default_default_XC32_compile.dir/C_/Users/farsh/Desktop/src/third_party/rtos/FreeRTOS/Source/FreeRTOS_tasks.c.o

.bss.xNumOfOverflows%6
                0x200000d8        0x4
 .bss.xNumOfOverflows
                0x200000d8        0x4 CMakeFiles/Firmware_default_default_XC32_compile.dir/C_/Users/farsh/Desktop/src/third_party/rtos/FreeRTOS/Source/FreeRTOS_tasks.c.o

.bss.xYieldPendings%7
                0x200000dc        0x4
 .bss.xYieldPendings
                0x200000dc        0x4 CMakeFiles/Firmware_default_default_XC32_compile.dir/C_/Users/farsh/Desktop/src/third_party/rtos/FreeRTOS/Source/FreeRTOS_tasks.c.o

.bss.xPendedTicks%8
                0x200000e0        0x4
 .bss.xPendedTicks
                0x200000e0        0x4 CMakeFiles/Firmware_default_default_XC32_compile.dir/C_/Users/farsh/Desktop/src/third_party/rtos/FreeRTOS/Source/FreeRTOS_tasks.c.o

.bss.uxTopReadyPriority%9
                0x200000e4        0x4
 .bss.uxTopReadyPriority
                0x200000e4        0x4 CMakeFiles/Firmware_default_default_XC32_compile.dir/C_/Users/farsh/Desktop/src/third_party/rtos/FreeRTOS/Source/FreeRTOS_tasks.c.o

.bss.xTickCount%10
                0x200000e8        0x4
 .bss.xTickCount
                0x200000e8        0x4 CMakeFiles/Firmware_default_default_XC32_compile.dir/C_/Users/farsh/Desktop/src/third_party/rtos/FreeRTOS/Source/FreeRTOS_tasks.c.o

.bss.pxOverflowDelayedTaskList%11
                0x200000ec        0x4
 .bss.pxOverflowDelayedTaskList
                0x200000ec        0x4 CMakeFiles/Firmware_default_default_XC32_compile.dir/C_/Users/farsh/Desktop/src/third_party/rtos/FreeRTOS/Source/FreeRTOS_tasks.c.o

.bss.pxDelayedTaskList%12
                0x200000f0        0x4
 .bss.pxDelayedTaskList
                0x200000f0        0x4 CMakeFiles/Firmware_default_default_XC32_compile.dir/C_/Users/farsh/Desktop/src/third_party/rtos/FreeRTOS/Source/FreeRTOS_tasks.c.o

.bss.pxCurrentTCB%13
                0x200000f4        0x4
 .bss.pxCurrentTCB
                0x200000f4        0x4 CMakeFiles/Firmware_default_default_XC32_compile.dir/C_/Users/farsh/Desktop/src/third_party/rtos/FreeRTOS/Source/FreeRTOS_tasks.c.o
                0x200000f4                pxCurrentTCB

.bss%14         0x200000f8        0x4
 .bss           0x200000f8        0x4 c:/PROGRA~1/MICROC~1/xc32/v5.10/bin/bin/../../lib/gcc/pic32c/13.2.1/../../../../pic32c/lib/thumb/v7e-m+fp/hard\libpic32c.a(data_init.o)

.bss%15         0x200000fc        0x4
 .bss           0x200000fc        0x4 c:/PROGRA~1/MICROC~1/xc32/v5.10/bin/bin/../../lib/gcc/pic32c/13.2.1/../../../../pic32c/lib/thumb/v7e-m+fp/hard\libg-musl.a(__environ.o)
                0x200000fc                __environ
                0x200000fc                environ
                0x200000fc                ___environ
                0x200000fc                _environ

.eh_frame%z6    0x00000000        0x0
 .eh_frame      0x00000000        0x0 c:/PROGRA~1/MICROC~1/xc32/v5.10/bin/bin/../../lib/gcc/pic32c/13.2.1/thumb/v7e-m+fp/hard/crtbegin.o

.text.xTaskIncrementTick%16
                0x00000284      0x19c
 .text.xTaskIncrementTick
                0x00000284      0x19c CMakeFiles/Firmware_default_default_XC32_compile.dir/C_/Users/farsh/Desktop/src/third_party/rtos/FreeRTOS/Source/FreeRTOS_tasks.c.o
                0x00000284                xTaskIncrementTick

.text.CLOCK_Initialize%17
                0x00000420       0xbc
 .text.CLOCK_Initialize
                0x00000420       0xbc CMakeFiles/Firmware_default_default_XC32_compile.dir/C_/Users/farsh/Desktop/src/config/default/peripheral/clock/plib_clock.c.o
                0x00000420                CLOCK_Initialize

.text.vTaskSwitchContext%18
                0x000004dc       0xb8
 .text.vTaskSwitchContext
                0x000004dc       0xb8 CMakeFiles/Firmware_default_default_XC32_compile.dir/C_/Users/farsh/Desktop/src/third_party/rtos/FreeRTOS/Source/FreeRTOS_tasks.c.o
                0x000004dc                vTaskSwitchContext

.dinit%19       0x00000594       0x90
 .dinit         0x00000594       0x90 data_init

.text.Reset_Handler%20
                0x00000624       0x88
 .text.Reset_Handler
                0x00000624       0x88 CMakeFiles/Firmware_default_default_XC32_compile.dir/C_/Users/farsh/Desktop/src/config/default/startup_xc32.c.o
                0x00000624                Reset_Handler

.text.xPortPendSVHandler%21
                0x000006ac       0x60
 .text.xPortPendSVHandler
                0x000006ac       0x60 CMakeFiles/Firmware_default_default_XC32_compile.dir/C_/Users/farsh/Desktop/src/third_party/rtos/FreeRTOS/Source/portable/GCC/SAM/ARM_CM4F/port.c.o
                0x000006ac                xPortPendSVHandler

.text.__libc_start_init%22
                0x0000070c       0x5c
 .text.__libc_start_init
                0x0000070c       0x5c c:/PROGRA~1/MICROC~1/xc32/v5.10/bin/bin/../../lib/gcc/pic32c/13.2.1/../../../../pic32c/lib/thumb/v7e-m+fp/hard\libg-musl.a(__libc_start_main.o)
                0x0000070c                __libc_init_array

.text.NVIC_Initialize%23
                0x00000768       0x48
 .text.NVIC_Initialize
                0x00000768       0x48 CMakeFiles/Firmware_default_default_XC32_compile.dir/C_/Users/farsh/Desktop/src/config/default/peripheral/nvic/plib_nvic.c.o
                0x00000768                NVIC_Initialize

.text%24        0x000007b0       0x40
 .text          0x000007b0       0x40 c:/PROGRA~1/MICROC~1/xc32/v5.10/bin/bin/../../lib/gcc/pic32c/13.2.1/thumb/v7e-m+fp/hard/crtbegin.o

.text.__pic32c_data_initialization%25
                0x000007f0       0x34
 .text.__pic32c_data_initialization
                0x000007f0       0x34 c:/PROGRA~1/MICROC~1/xc32/v5.10/bin/bin/../../lib/gcc/pic32c/13.2.1/../../../../pic32c/lib/thumb/v7e-m+fp/hard\libpic32c.a(data_init.o)
                0x000007f0                __pic32c_data_initialization
                0x000007f0                __pic32_data_init

.text.xPortSysTickHandler%26
                0x00000824       0x2c
 .text.xPortSysTickHandler
                0x00000824       0x2c CMakeFiles/Firmware_default_default_XC32_compile.dir/C_/Users/farsh/Desktop/src/third_party/rtos/FreeRTOS/Source/portable/GCC/SAM/ARM_CM4F/port.c.o
                0x00000824                xPortSysTickHandler

.text.prvResetNextTaskUnblockTime%27
                0x00000850       0x28
 .text.prvResetNextTaskUnblockTime
                0x00000850       0x28 CMakeFiles/Firmware_default_default_XC32_compile.dir/C_/Users/farsh/Desktop/src/third_party/rtos/FreeRTOS/Source/FreeRTOS_tasks.c.o

.text.vPortSVCHandler%28
                0x00000878       0x20
 .text.vPortSVCHandler
                0x00000878       0x20 CMakeFiles/Firmware_default_default_XC32_compile.dir/C_/Users/farsh/Desktop/src/third_party/rtos/FreeRTOS/Source/portable/GCC/SAM/ARM_CM4F/port.c.o
                0x00000878                vPortSVCHandler

.text.__dinit_copy%29
                0x00000898       0x1e
 .text.__dinit_copy
                0x00000898       0x1e c:/PROGRA~1/MICROC~1/xc32/v5.10/bin/bin/../../lib/gcc/pic32c/13.2.1/../../../../pic32c/lib/thumb/v7e-m+fp/hard\libpic32c.a(pic32_data_init_copy.o)
                0x00000898                __dinit_copy_needed
                0x00000898                __dinit_copy

.text.SYS_Initialize%30
                0x000008b6       0x14
 .text.SYS_Initialize
                0x000008b6       0x14 CMakeFiles/Firmware_default_default_XC32_compile.dir/C_/Users/farsh/Desktop/src/config/default/initialization.c.o
                0x000008b6                SYS_Initialize

.rodata%31      0x000008cc       0x14
 .rodata        0x000008cc       0x14 c:/PROGRA~1/MICROC~1/xc32/v5.10/bin/bin/../../lib/gcc/pic32c/13.2.1/../../../../pic32c/lib/thumb/v7e-m+fp/hard\libpic32c.a(data_init.o)

.text.vApplicationStackOverflowHook%32
                0x000008e0       0x12
 .text.vApplicationStackOverflowHook
                0x000008e0       0x12 CMakeFiles/Firmware_default_default_XC32_compile.dir/C_/Users/farsh/Desktop/src/config/default/freertos_hooks.c.o
                0x000008e0                vApplicationStackOverflowHook

.text.__dinit_clear%33
                0x000008f2       0x12
 .text.__dinit_clear
                0x000008f2       0x12 c:/PROGRA~1/MICROC~1/xc32/v5.10/bin/bin/../../lib/gcc/pic32c/13.2.1/../../../../pic32c/lib/thumb/v7e-m+fp/hard\libpic32c.a(pic32_data_init_clear.o)
                0x000008f2                __dinit_clear
                0x000008f2                __dinit_clear_needed

.text.NVMCTRL_Initialize%34
                0x00000904       0x10
 .text.NVMCTRL_Initialize
                0x00000904       0x10 CMakeFiles/Firmware_default_default_XC32_compile.dir/C_/Users/farsh/Desktop/src/config/default/peripheral/nvmctrl/plib_nvmctrl.c.o
                0x00000904                NVMCTRL_Initialize

.text.main%35   0x00000914        0xa
 .text.main     0x00000914        0xa CMakeFiles/Firmware_default_default_XC32_compile.dir/C_/Users/farsh/Desktop/src/main.c.o
                0x00000914                main

.text.NonMaskableInt_Handler%36
                0x0000091e        0x4
 .text.NonMaskableInt_Handler
                0x0000091e        0x4 CMakeFiles/Firmware_default_default_XC32_compile.dir/C_/Users/farsh/Desktop/src/config/default/exceptions.c.o
                0x0000091e                NonMaskableInt_Handler

.text.HardFault_Handler%37
                0x00000922        0x4
 .text.HardFault_Handler
                0x00000922        0x4 CMakeFiles/Firmware_default_default_XC32_compile.dir/C_/Users/farsh/Desktop/src/config/default/exceptions.c.o
                0x00000922                HardFault_Handler

.text.DebugMonitor_Handler%38
                0x00000926        0x4
 .text.DebugMonitor_Handler
                0x00000926        0x4 CMakeFiles/Firmware_default_default_XC32_compile.dir/C_/Users/farsh/Desktop/src/config/default/exceptions.c.o
                0x00000926                DebugMonitor_Handler

.text.MemoryManagement_Handler%39
                0x0000092a        0x4
 .text.MemoryManagement_Handler
                0x0000092a        0x4 CMakeFiles/Firmware_default_default_XC32_compile.dir/C_/Users/farsh/Desktop/src/config/default/exceptions.c.o
                0x0000092a                MemoryManagement_Handler

.text.BusFault_Handler%40
                0x0000092e        0x4
 .text.BusFault_Handler
                0x0000092e        0x4 CMakeFiles/Firmware_default_default_XC32_compile.dir/C_/Users/farsh/Desktop/src/config/default/exceptions.c.o
                0x0000092e                BusFault_Handler

.text.UsageFault_Handler%41
                0x00000932        0x4
 .text.UsageFault_Handler
                0x00000932        0x4 CMakeFiles/Firmware_default_default_XC32_compile.dir/C_/Users/farsh/Desktop/src/config/default/exceptions.c.o
                0x00000932                UsageFault_Handler

.text.Dummy_Handler%42
                0x00000936        0x4
 .text.Dummy_Handler
                0x00000936        0x4 CMakeFiles/Firmware_default_default_XC32_compile.dir/C_/Users/farsh/Desktop/src/config/default/interrupts.c.o
                0x00000936                EIC_EXTINT_9_Handler
                0x00000936                TCC0_MC5_Handler
                0x00000936                SERCOM0_2_Handler
                0x00000936                USB_SOF_HSOF_Handler
                0x00000936                TCC4_OTHER_Handler
                0x00000936                TCC2_MC2_Handler
                0x00000936                EVSYS_0_Handler
                0x00000936                TRNG_Handler
                0x00000936                TC2_Handler
                0x00000936                USB_TRCPT0_Handler
                0x00000936                DAC_OTHER_Handler
                0x00000936                AC_Handler
                0x00000936                DAC_EMPTY_0_Handler
                0x00000936                DMAC_OTHER_Handler
                0x00000936                EIC_EXTINT_5_Handler
                0x00000936                SERCOM3_1_Handler
                0x00000936                SERCOM4_OTHER_Handler
                0x00000936                SERCOM3_2_Handler
                0x00000936                EIC_EXTINT_6_Handler
                0x00000936                TC7_Handler
                0x00000936                TCC4_MC0_Handler
                0x00000936                EVSYS_3_Handler
                0x00000936                QSPI_Handler
                0x00000936                TCC2_MC0_Handler
                0x00000936                PDEC_OTHER_Handler
                0x00000936                TCC3_MC0_Handler
                0x00000936                PDEC_MC1_Handler
                0x00000936                TCC2_MC1_Handler
                0x00000936                OSCCTRL_XOSC1_Handler
                0x00000936                PDEC_MC0_Handler
                0x00000936                EIC_EXTINT_4_Handler
                0x00000936                EIC_EXTINT_7_Handler
                0x00000936                SERCOM0_OTHER_Handler
                0x00000936                EVSYS_OTHER_Handler
                0x00000936                SERCOM0_0_Handler
                0x00000936                RTC_Handler
                0x00000936                SERCOM4_0_Handler
                0x00000936                TCC1_MC0_Handler
                0x00000936                SERCOM1_OTHER_Handler
                0x00000936                TCC2_OTHER_Handler
                0x00000936                EIC_EXTINT_11_Handler
                0x00000936                SUPC_BODDET_Handler
                0x00000936                EIC_EXTINT_14_Handler
                0x00000936                OSC32KCTRL_Handler
                0x00000936                SERCOM6_2_Handler
                0x00000936                EVSYS_1_Handler
                0x00000936                TC6_Handler
                0x00000936                TCC4_MC1_Handler
                0x00000936                DMAC_0_Handler
                0x00000936                SUPC_OTHER_Handler
                0x00000936                WDT_Handler
                0x00000936                EIC_EXTINT_15_Handler
                0x00000936                SERCOM6_0_Handler
                0x00000936                EIC_EXTINT_1_Handler
                0x00000936                TCC3_MC1_Handler
                0x00000936                SERCOM5_0_Handler
                0x00000936                TC4_Handler
                0x00000936                TC1_Handler
                0x00000936                TCC1_MC1_Handler
                0x00000936                EIC_EXTINT_0_Handler
                0x00000936                TCC1_OTHER_Handler
                0x00000936                PAC_Handler
                0x00000936                SERCOM4_1_Handler
                0x00000936                TC3_Handler
                0x00000936                Dummy_Handler
                0x00000936                DAC_RESRDY_0_Handler
                0x00000936                SERCOM5_1_Handler
                0x00000936                DMAC_2_Handler
                0x00000936                TCC0_MC4_Handler
                0x00000936                USB_TRCPT1_Handler
                0x00000936                SERCOM0_1_Handler
                0x00000936                TCC0_MC3_Handler
                0x00000936                EIC_EXTINT_12_Handler
                0x00000936                OSCCTRL_DPLL0_Handler
                0x00000936                SERCOM6_OTHER_Handler
                0x00000936                SERCOM7_1_Handler
                0x00000936                SERCOM5_OTHER_Handler
                0x00000936                PM_Handler
                0x00000936                OSCCTRL_DFLL_Handler
                0x00000936                SERCOM7_0_Handler
                0x00000936                DAC_RESRDY_1_Handler
                0x00000936                DMAC_1_Handler
                0x00000936                USB_OTHER_Handler
                0x00000936                SDHC1_Handler
                0x00000936                SERCOM7_2_Handler
                0x00000936                TCC0_OTHER_Handler
                0x00000936                EIC_EXTINT_10_Handler
                0x00000936                TCC1_MC3_Handler
                0x00000936                OSCCTRL_XOSC0_Handler
                0x00000936                SERCOM6_1_Handler
                0x00000936                TCC0_MC0_Handler
                0x00000936                EIC_EXTINT_2_Handler
                0x00000936                SDHC0_Handler
                0x00000936                SERCOM1_1_Handler
                0x00000936                I2S_Handler
                0x00000936                PCC_Handler
                0x00000936                TCC3_OTHER_Handler
                0x00000936                EIC_EXTINT_13_Handler
                0x00000936                SERCOM1_0_Handler
                0x00000936                PUKCC_Handler
                0x00000936                SERCOM2_1_Handler
                0x00000936                SERCOM1_2_Handler
                0x00000936                SERCOM3_0_Handler
                0x00000936                SERCOM4_2_Handler
                0x00000936                TCC1_MC2_Handler
                0x00000936                ADC1_RESRDY_Handler
                0x00000936                NVMCTRL_1_Handler
                0x00000936                SERCOM5_2_Handler
                0x00000936                SERCOM2_2_Handler
                0x00000936                DAC_EMPTY_1_Handler
                0x00000936                ADC1_OTHER_Handler
                0x00000936                OSCCTRL_DPLL1_Handler
                0x00000936                EIC_EXTINT_3_Handler
                0x00000936                SERCOM3_OTHER_Handler
                0x00000936                EIC_EXTINT_8_Handler
                0x00000936                NVMCTRL_0_Handler
                0x00000936                ADC0_RESRDY_Handler
                0x00000936                ADC0_OTHER_Handler
                0x00000936                MCLK_Handler
                0x00000936                SERCOM7_OTHER_Handler
                0x00000936                EVSYS_2_Handler
                0x00000936                SERCOM2_OTHER_Handler
                0x00000936                FREQM_Handler
                0x00000936                TC0_Handler
                0x00000936                TCC0_MC1_Handler
                0x00000936                DMAC_3_Handler
                0x00000936                RAMECC_Handler
                0x00000936                TC5_Handler
                0x00000936                SERCOM2_0_Handler
                0x00000936                AES_Handler
                0x00000936                ICM_Handler
                0x00000936                TCC0_MC2_Handler

.text.__dummy_decompress%43
                0x0000093a        0x4
 .text.__dummy_decompress
                0x0000093a        0x4 c:/PROGRA~1/MICROC~1/xc32/v5.10/bin/bin/../../lib/gcc/pic32c/13.2.1/../../../../pic32c/lib/thumb/v7e-m+fp/hard\libpic32c.a(data_init.o)
                0x0000093a                __dinit_decompress
                0x0000093a                __dinit_copy_val_data
                0x0000093a                __dinit_copy_emb

.text.EVSYS_Initialize%44
                0x000008ca        0x2
 .text.EVSYS_Initialize
                0x000008ca        0x2 CMakeFiles/Firmware_default_default_XC32_compile.dir/C_/Users/farsh/Desktop/src/config/default/peripheral/evsys/plib_evsys.c.o
                0x000008ca                EVSYS_Initialize

.text.Dummy_App_Func%45
                0x0000093e        0x2
 .text.Dummy_App_Func
                0x0000093e        0x2 CMakeFiles/Firmware_default_default_XC32_compile.dir/C_/Users/farsh/Desktop/src/config/default/startup_xc32.c.o
                0x0000093e                _on_reset
                0x0000093e                _on_bootstrap
                0x0000093e                __xc32_on_reset
                0x0000093e                Dummy_App_Func
                0x0000093e                __xc32_on_bootstrap

.text.__dummy_init_tls%46
                0x00000940        0x2
 .text.__dummy_init_tls
                0x00000940        0x2 c:/PROGRA~1/MICROC~1/xc32/v5.10/bin/bin/../../lib/gcc/pic32c/13.2.1/../../../../pic32c/lib/thumb/v7e-m+fp/hard\libpic32c.a(data_init.o)
                0x00000940                xc32_init_tls

.text.__dummy%47
                0x00000942        0x2
 .text.__dummy  0x00000942        0x2 c:/PROGRA~1/MICROC~1/xc32/v5.10/bin/bin/../../lib/gcc/pic32c/13.2.1/../../../../pic32c/lib/thumb/v7e-m+fp/hard\libg-musl.a(__libc_start_main.o)
                0x00000942                __init_stdio
                0x00000942                __init_host
