Archive member included to satisfy reference by file (symbol)

c:/PROGRA~1/MICROC~1/xc32/v5.10/bin/bin/../../lib/gcc/pic32c/13.2.1/../../../../pic32c/lib/thumb/v7e-m+fp/hard\libpic32c.a(data_init.o)
                              CMakeFiles/Firmware_default_default_XC32_compile.dir/C_/LOCAL_DOCS/my_Project/Motor_controller/Firmware/src/config/default/startup_xc32.c.o (__pic32c_data_initialization)
c:/PROGRA~1/MICROC~1/xc32/v5.10/bin/bin/../../lib/gcc/pic32c/13.2.1/../../../../pic32c/lib/thumb/v7e-m+fp/hard\libc-size-musl.a(memcpy.o)
                              CMakeFiles/Firmware_default_default_XC32_compile.dir/C_/LOCAL_DOCS/my_Project/Motor_controller/Firmware/src/config/default/peripheral/nvmctrl/plib_nvmctrl.c.o (memcpy)
c:/PROGRA~1/MICROC~1/xc32/v5.10/bin/bin/../../lib/gcc/pic32c/13.2.1/../../../../pic32c/lib/thumb/v7e-m+fp/hard\libc-size-musl.a(memset.o)
                              CMakeFiles/Firmware_default_default_XC32_compile.dir/C_/LOCAL_DOCS/my_Project/Motor_controller/Firmware/src/third_party/rtos/FreeRTOS/Source/FreeRTOS_tasks.c.o (memset)
c:/PROGRA~1/MICROC~1/xc32/v5.10/bin/bin/../../lib/gcc/pic32c/13.2.1/../../../../pic32c/lib/thumb/v7e-m+fp/hard\libg-musl.a(__libc_start_main.o)
                              CMakeFiles/Firmware_default_default_XC32_compile.dir/C_/LOCAL_DOCS/my_Project/Motor_controller/Firmware/src/config/default/startup_xc32.c.o (__libc_init_array)
c:/PROGRA~1/MICROC~1/xc32/v5.10/bin/bin/../../lib/gcc/pic32c/13.2.1/../../../../pic32c/lib/thumb/v7e-m+fp/hard\libg-musl.a(libc.o)
                              c:/PROGRA~1/MICROC~1/xc32/v5.10/bin/bin/../../lib/gcc/pic32c/13.2.1/../../../../pic32c/lib/thumb/v7e-m+fp/hard\libg-musl.a(__libc_start_main.o) (__progname_full)
c:/PROGRA~1/MICROC~1/xc32/v5.10/bin/bin/../../lib/gcc/pic32c/13.2.1/../../../../pic32c/lib/thumb/v7e-m+fp/hard\libg-musl.a(stdin.o)
                              CMakeFiles/Firmware_default_default_XC32_compile.dir/C_/LOCAL_DOCS/my_Project/Motor_controller/Firmware/src/config/default/initialization.c.o (_stdin)
c:/PROGRA~1/MICROC~1/xc32/v5.10/bin/bin/../../lib/gcc/pic32c/13.2.1/../../../../pic32c/lib/thumb/v7e-m+fp/hard\libg-musl.a(stdout.o)
                              CMakeFiles/Firmware_default_default_XC32_compile.dir/C_/LOCAL_DOCS/my_Project/Motor_controller/Firmware/src/config/default/initialization.c.o (_stdout)
c:/PROGRA~1/MICROC~1/xc32/v5.10/bin/bin/../../lib/gcc/pic32c/13.2.1/../../../../pic32c/lib/thumb/v7e-m+fp/hard\libg-musl.a(setbuf.o)
                              CMakeFiles/Firmware_default_default_XC32_compile.dir/C_/LOCAL_DOCS/my_Project/Motor_controller/Firmware/src/config/default/initialization.c.o (setbuf)
c:/PROGRA~1/MICROC~1/xc32/v5.10/bin/bin/../../lib/gcc/pic32c/13.2.1/../../../../pic32c/lib/thumb/v7e-m+fp/hard\libg-musl.a(__environ.o)
                              c:/PROGRA~1/MICROC~1/xc32/v5.10/bin/bin/../../lib/gcc/pic32c/13.2.1/../../../../pic32c/lib/thumb/v7e-m+fp/hard\libg-musl.a(__libc_start_main.o) (__environ)
c:/PROGRA~1/MICROC~1/xc32/v5.10/bin/bin/../../lib/gcc/pic32c/13.2.1/../../../../pic32c/lib/thumb/v7e-m+fp/hard\libg-musl.a(__io_init_needed.o)
                              c:/PROGRA~1/MICROC~1/xc32/v5.10/bin/bin/../../lib/gcc/pic32c/13.2.1/../../../../pic32c/lib/thumb/v7e-m+fp/hard\libg-musl.a(stdout.o) (__io_init_needed)
c:/PROGRA~1/MICROC~1/xc32/v5.10/bin/bin/../../lib/gcc/pic32c/13.2.1/../../../../pic32c/lib/thumb/v7e-m+fp/hard\libg-musl.a(__io_rw_needed.o)
                              c:/PROGRA~1/MICROC~1/xc32/v5.10/bin/bin/../../lib/gcc/pic32c/13.2.1/../../../../pic32c/lib/thumb/v7e-m+fp/hard\libg-musl.a(stdin.o) (__io_rw_needed)
c:/PROGRA~1/MICROC~1/xc32/v5.10/bin/bin/../../lib/gcc/pic32c/13.2.1/../../../../pic32c/lib/thumb/v7e-m+fp/hard\libg-musl.a(__stdio_read.o)
                              c:/PROGRA~1/MICROC~1/xc32/v5.10/bin/bin/../../lib/gcc/pic32c/13.2.1/../../../../pic32c/lib/thumb/v7e-m+fp/hard\libg-musl.a(stdin.o) (__stdio_read)
c:/PROGRA~1/MICROC~1/xc32/v5.10/bin/bin/../../lib/gcc/pic32c/13.2.1/../../../../pic32c/lib/thumb/v7e-m+fp/hard\libg-musl.a(__towrite_rw.o)
                              c:/PROGRA~1/MICROC~1/xc32/v5.10/bin/bin/../../lib/gcc/pic32c/13.2.1/../../../../pic32c/lib/thumb/v7e-m+fp/hard\libg-musl.a(__io_rw_needed.o) (__towrite_rw_needed)
c:/PROGRA~1/MICROC~1/xc32/v5.10/bin/bin/../../lib/gcc/pic32c/13.2.1/../../../../pic32c/lib/thumb/v7e-m+fp/hard\libg-musl.a(setvbuf.o)
                              c:/PROGRA~1/MICROC~1/xc32/v5.10/bin/bin/../../lib/gcc/pic32c/13.2.1/../../../../pic32c/lib/thumb/v7e-m+fp/hard\libg-musl.a(setbuf.o) (setvbuf)
c:/PROGRA~1/MICROC~1/xc32/v5.10/bin/bin/../../lib/gcc/pic32c/13.2.1/../../../../pic32c/lib/thumb/v7e-m+fp/hard\libg-musl.a(readv.o)
                              c:/PROGRA~1/MICROC~1/xc32/v5.10/bin/bin/../../lib/gcc/pic32c/13.2.1/../../../../pic32c/lib/thumb/v7e-m+fp/hard\libg-musl.a(__stdio_read.o) (readv)
[...]
Memory Configuration

Name             Origin             Length             Attributes
rom              0x00000000         0x00100000         xrl
ram              0x20000000         0x00040000         xw!r
tcm              0x03000000         0x00000000         xw
bkupram          0x47000000         0x00002000
config_00804000  0x00804000         0x00000004
config_00804004  0x00804004         0x00000004
config_00804008  0x00804008         0x00000004
*default*        0x00000000         0xffffffff

Linker script and memory map

LOAD c:/PROGRA~1/MICROC~1/xc32/v5.10/bin/bin/../../lib/gcc/pic32c/13.2.1/thumb/v7e-m+fp/hard/crti.o
LOAD c:/PROGRA~1/MICROC~1/xc32/v5.10/bin/bin/../../lib/gcc/pic32c/13.2.1/thumb/v7e-m+fp/hard/crtbegin.o
                0x00000001                        __MPLAB_BUILD = 0x1
                0x00100000                        __rom_end = (ORIGIN (rom) + LENGTH (rom))
                0x20040000                        __ram_end = (ORIGIN (ram) + LENGTH (ram))

.config_00804000
                0x00804000        0x4
 *(.config_00804000)
 .config_00804000
                0x00804000        0x4 CMakeFiles/Firmware_default_default_XC32_compile.dir/C_/LOCAL_DOCS/my_Project/Motor_controller/Firmware/src/config/default/initialization.c.o
                0x00804000                __config_00804000

.config_00804004
                0x00804004        0x4
 *(.config_00804004)
 .config_00804004
                0x00804004        0x4 CMakeFiles/Firmware_default_default_XC32_compile.dir/C_/LOCAL_DOCS/my_Project/Motor_controller/Firmware/src/config/default/initialization.c.o
                0x00804004                __config_00804004

.config_00804008
                0x00804008        0x4
 *(.config_00804008)
 .config_00804008
                0x00804008        0x4 CMakeFiles/Firmware_default_default_XC32_compile.dir/C_/LOCAL_DOCS/my_Project/Motor_controller/Firmware/src/config/default/initialization.c.o
                0x00804008                __config_00804008

.vectors        0x00000000      0x264
                0x00000000                        . = ALIGN (0x4)
                0x00000000                        _sfixed = .
 *(.vectors .vectors.* .vectors_default .vectors_default.*)
 .vectors       0x00000000      0x264 CMakeFiles/Firmware_default_default_XC32_compile.dir/C_/LOCAL_DOCS/my_Project/Motor_controller/Firmware/src/config/default/interrupts.c.o
                0x00000000                exception_table
 *(.isr_vector)
 *(.reset*)
 *(.after_vectors)

.text           0x00000264       0x20
                0x00000264                        . = ALIGN (0x4)
 *(.glue_7t)
 .glue_7t       0x00000264        0x0 linker stubs
 *(.glue_7)
 .glue_7        0x00000264        0x0 linker stubs
 *(.gnu.linkonce.r.*)
 *(.ARM.extab* .gnu.linkonce.armextab.*)
                0x00000264                        . = ALIGN (0x4)
 *(.init)
 .init          0x00000264        0x4 c:/PROGRA~1/MICROC~1/xc32/v5.10/bin/bin/../../lib/gcc/pic32c/13.2.1/thumb/v7e-m+fp/hard/crti.o
                0x00000264                _init
 .init          0x00000268        0x8 c:/PROGRA~1/MICROC~1/xc32/v5.10/bin/bin/../../lib/gcc/pic32c/13.2.1/thumb/v7e-m+fp/hard/crtn.o
                0x00000270                        . = ALIGN (0x4)
                0x00000270                        __preinit_array_start = .
 *(.preinit_array)
                0x00000270                        __preinit_array_end = .
                0x00000270                        . = ALIGN (0x4)
                0x00000270                        __init_array_start = .
 *(SORT_BY_NAME(.init_array.*))
 *(.init_array)
 .init_array    0x00000270        0x4 c:/PROGRA~1/MICROC~1/xc32/v5.10/bin/bin/../../lib/gcc/pic32c/13.2.1/thumb/v7e-m+fp/hard/crtbegin.o
                0x00000274                        __init_array_end = .
                0x00000274                        . = ALIGN (0x4)
 *crtbegin.o(.ctors)
 *(EXCLUDE_FILE(*crtend.o) .ctors)
 *(SORT_BY_NAME(.ctors.*))
 *crtend.o(.ctors)
                0x00000274                        . = ALIGN (0x4)
 *(.fini)
 .fini          0x00000274        0x4 c:/PROGRA~1/MICROC~1/xc32/v5.10/bin/bin/../../lib/gcc/pic32c/13.2.1/thumb/v7e-m+fp/hard/crti.o
                0x00000274                _fini
 .fini          0x00000278        0x8 c:/PROGRA~1/MICROC~1/xc32/v5.10/bin/bin/../../lib/gcc/pic32c/13.2.1/thumb/v7e-m+fp/hard/crtn.o
                0x00000280                        . = ALIGN (0x4)
                0x00000280                        __fini_array_start = .
 *(.fini_array)
 .fini_array    0x00000280        0x4 c:/PROGRA~1/MICROC~1/xc32/v5.10/bin/bin/../../lib/gcc/pic32c/13.2.1/thumb/v7e-m+fp/hard/crtbegin.o
 *(SORT_BY_NAME(.fini_array.*))
                0x00000284                        __fini_array_end = .
 *crtbegin.o(.dtors)
 *(EXCLUDE_FILE(*crtend.o) .dtors)
 *(SORT_BY_NAME(.dtors.*))
 *crtend.o(.dtors)
                0x00000284                        . = ALIGN (0x4)
                0x00000284                        _efixed = .
                [!provide]                        PROVIDE (__exidx_start = .)

.ARM.exidx
 *(.ARM.exidx* .gnu.linkonce.armexidx.*)
                [!provide]                        PROVIDE (__exidx_end = .)
                0x00000284                        . = ALIGN (0x4)
                0x00000284                        _etext = .

.bss            0x20000000        0x0
                0x20000000                        . = ALIGN (0x4)
                0x20000000                        __bss_start__ = .
                0x20000000                        _sbss = .
                0x20000000                        _szero = .
 *(COMMON)
                0x20000000                        . = ALIGN (0x4)
                0x20000000                        __bss_end__ = .
                0x20000000                        _ebss = .
                0x20000000                        _ezero = .
                0x20000000                        . = ALIGN (0x4)
                0x20000000                        _end = .
                0x2003ffff                        _ram_end_ = ((ORIGIN (ram) + LENGTH (ram)) - 0x1)

.bkupram_bss
 *(.bkupram_bss .bkupram_bss.*)
 *(.pbss .pbss.*)
                0x00000001                        __MPLAB_DEBUG = 0x1
                0x00000001                        __DEBUG = 0x1
                0x00000200                        _min_heap_size = 0x200
LOAD CMakeFiles/Firmware_default_default_XC32_compile.dir/C_/LOCAL_DOCS/my_Project/Motor_controller/Firmware/src/config/default/exceptions.c.o
LOAD CMakeFiles/Firmware_default_default_XC32_compile.dir/C_/LOCAL_DOCS/my_Project/Motor_controller/Firmware/src/config/default/freertos_hooks.c.o
LOAD CMakeFiles/Firmware_default_default_XC32_compile.dir/C_/LOCAL_DOCS/my_Project/Motor_controller/Firmware/src/config/default/initialization.c.o
LOAD CMakeFiles/Firmware_default_default_XC32_compile.dir/C_/LOCAL_DOCS/my_Project/Motor_controller/Firmware/src/config/default/interrupts.c.o
LOAD CMakeFiles/Firmware_default_default_XC32_compile.dir/C_/LOCAL_DOCS/my_Project/Motor_controller/Firmware/src/config/default/libc_syscalls.c.o
LOAD CMakeFiles/Firmware_default_default_XC32_compile.dir/C_/LOCAL_DOCS/my_Project/Motor_controller/Firmware/src/config/default/peripheral/clock/plib_clock.c.o
LOAD CMakeFiles/Firmware_default_default_XC32_compile.dir/C_/LOCAL_DOCS/my_Project/Motor_controller/Firmware/src/config/default/peripheral/cmcc/plib_cmcc.c.o
LOAD CMakeFiles/Firmware_default_default_XC32_compile.dir/C_/LOCAL_DOCS/my_Project/Motor_controller/Firmware/src/config/default/peripheral/eic/plib_eic.c.o
LOAD CMakeFiles/Firmware_default_default_XC32_compile.dir/C_/LOCAL_DOCS/my_Project/Motor_controller/Firmware/src/config/default/peripheral/evsys/plib_evsys.c.o
LOAD CMakeFiles/Firmware_default_default_XC32_compile.dir/C_/LOCAL_DOCS/my_Project/Motor_controller/Firmware/src/config/default/peripheral/nvic/plib_nvic.c.o
LOAD CMakeFiles/Firmware_default_default_XC32_compile.dir/C_/LOCAL_DOCS/my_Project/Motor_controller/Firmware/src/config/default/peripheral/nvmctrl/plib_nvmctrl.c.o
LOAD CMakeFiles/Firmware_default_default_XC32_compile.dir/C_/LOCAL_DOCS/my_Project/Motor_controller/Firmware/src/config/default/peripheral/port/plib_port.c.o
LOAD CMakeFiles/Firmware_default_default_XC32_compile.dir/C_/LOCAL_DOCS/my_Project/Motor_controller/Firmware/src/config/default/peripheral/sercom/usart/plib_sercom5_usart.c.o
LOAD CMakeFiles/Firmware_default_default_XC32_compile.dir/C_/LOCAL_DOCS/my_Project/Motor_controller/Firmware/src/config/default/startup_xc32.c.o
LOAD CMakeFiles/Firmware_default_default_XC32_compile.dir/C_/LOCAL_DOCS/my_Project/Motor_controller/Firmware/src/config/default/stdio/xc32_monitor.c.o
LOAD CMakeFiles/Firmware_default_default_XC32_compile.dir/C_/LOCAL_DOCS/my_Project/Motor_controller/Firmware/src/main.c.o
LOAD CMakeFiles/Firmware_default_default_XC32_compile.dir/C_/LOCAL_DOCS/my_Project/Motor_controller/Firmware/src/third_party/rtos/FreeRTOS/Source/FreeRTOS_tasks.c.o
LOAD CMakeFiles/Firmware_default_default_XC32_compile.dir/C_/LOCAL_DOCS/my_Project/Motor_controller/Firmware/src/third_party/rtos/FreeRTOS/Source/croutine.c.o
LOAD CMakeFiles/Firmware_default_default_XC32_compile.dir/C_/LOCAL_DOCS/my_Project/Motor_controller/Firmware/src/third_party/rtos/FreeRTOS/Source/event_groups.c.o
LOAD CMakeFiles/Firmware_default_default_XC32_compile.dir/C_/LOCAL_DOCS/my_Project/Motor_controller/Firmware/src/third_party/rtos/FreeRTOS/Source/list.c.o
LOAD CMakeFiles/Firmware_default_default_XC32_compile.dir/a573b5520b7b409640defe423dfe1fcf/Firmware/src/third_party/rtos/FreeRTOS/Source/portable/GCC/SAM/ARM_CM4F/port.c.o
LOAD CMakeFiles/Firmware_default_default_XC32_compile.dir/C_/LOCAL_DOCS/my_Project/Motor_controller/Firmware/src/third_party/rtos/FreeRTOS/Source/portable/MemMang/heap_1.c.o
LOAD CMakeFiles/Firmware_default_default_XC32_compile.dir/C_/LOCAL_DOCS/my_Project/Motor_controller/Firmware/src/third_party/rtos/FreeRTOS/Source/queue.c.o
LOAD CMakeFiles/Firmware_default_default_XC32_compile.dir/C_/LOCAL_DOCS/my_Project/Motor_controller/Firmware/src/third_party/rtos/FreeRTOS/Source/stream_buffer.c.o
LOAD CMakeFiles/Firmware_default_default_XC32_compile.dir/C_/LOCAL_DOCS/my_Project/Motor_controller/Firmware/src/third_party/rtos/FreeRTOS/Source/timers.c.o
START GROUP
LOAD c:/PROGRA~1/MICROC~1/xc32/v5.10/bin/bin/../../lib/gcc/pic32c/13.2.1/../../../../pic32c/lib/thumb/v7e-m+fp/hard\libpic32c.a
LOAD c:/PROGRA~1/MICROC~1/xc32/v5.10/bin/bin/../../lib/gcc/pic32c/13.2.1/../../../../pic32c/lib/thumb/v7e-m+fp/hard\libc-size-musl.a
LOAD c:/PROGRA~1/MICROC~1/xc32/v5.10/bin/bin/../../lib/gcc/pic32c/13.2.1/../../../../pic32c/lib/thumb/v7e-m+fp/hard\liblmalloc-musl.a
LOAD c:/PROGRA~1/MICROC~1/xc32/v5.10/bin/bin/../../lib/gcc/pic32c/13.2.1/../../../../pic32c/lib/thumb/v7e-m+fp/hard\libg-musl.a
LOAD c:/PROGRA~1/MICROC~1/xc32/v5.10/bin/bin/../../lib/gcc/pic32c/13.2.1/../../../../pic32c/lib/thumb/v7e-m+fp/hard\libc-musl.a
LOAD c:/PROGRA~1/MICROC~1/xc32/v5.10/bin/bin/../../lib/gcc/pic32c/13.2.1/../../../../pic32c/lib/thumb/v7e-m+fp/hard\libm-fast-emfloat.a
LOAD c:/PROGRA~1/MICROC~1/xc32/v5.10/bin/bin/../../lib/gcc/pic32c/13.2.1/../../../../pic32c/lib/thumb/v7e-m+fp/hard\libm-musl.a
END GROUP
LOAD c:/PROGRA~1/MICROC~1/xc32/v5.10/bin/bin/../../lib/gcc/pic32c/13.2.1/thumb/v7e-m+fp/hard\libgcc.a
LOAD c:/PROGRA~1/MICROC~1/xc32/v5.10/bin/bin/../../lib/gcc/pic32c/13.2.1/thumb/v7e-m+fp/hard/crtend.o
LOAD c:/PROGRA~1/MICROC~1/xc32/v5.10/bin/bin/../../lib/gcc/pic32c/13.2.1/thumb/v7e-m+fp/hard/crtn.o
OUTPUT(C:\LOCAL_DOCS\my_Project\Motor controller\Firmware\out\Firmware\default.elf elf32-littlearm)
LOAD linker stubs
LOAD data_init

.note           0x00000000      0x7e0
 .note          0x00000000       0x18 c:/PROGRA~1/MICROC~1/xc32/v5.10/bin/bin/../../lib/gcc/pic32c/13.2.1/thumb/v7e-m+fp/hard/crti.o
 .note          0x00000018       0x18 c:/PROGRA~1/MICROC~1/xc32/v5.10/bin/bin/../../lib/gcc/pic32c/13.2.1/thumb/v7e-m+fp/hard/crtbegin.o
 .note          0x00000030       0x18 CMakeFiles/Firmware_default_default_XC32_compile.dir/C_/LOCAL_DOCS/my_Project/Motor_controller/Firmware/src/config/default/exceptions.c.o
 .note          0x00000048       0x18 CMakeFiles/Firmware_default_default_XC32_compile.dir/C_/LOCAL_DOCS/my_Project/Motor_controller/Firmware/src/config/default/freertos_hooks.c.o
 .note          0x00000060       0xa8 CMakeFiles/Firmware_default_default_XC32_compile.dir/C_/LOCAL_DOCS/my_Project/Motor_controller/Firmware/src/config/default/initialization.c.o
 .note          0x00000108       0x18 CMakeFiles/Firmware_default_default_XC32_compile.dir/C_/LOCAL_DOCS/my_Project/Motor_controller/Firmware/src/config/default/interrupts.c.o
 .note          0x00000120       0x18 CMakeFiles/Firmware_default_default_XC32_compile.dir/C_/LOCAL_DOCS/my_Project/Motor_controller/Firmware/src/config/default/libc_syscalls.c.o
 .note          0x00000138       0x18 CMakeFiles/Firmware_default_default_XC32_compile.dir/C_/LOCAL_DOCS/my_Project/Motor_controller/Firmware/src/config/default/peripheral/clock/plib_clock.c.o
 .note          0x00000150       0x18 CMakeFiles/Firmware_default_default_XC32_compile.dir/C_/LOCAL_DOCS/my_Project/Motor_controller/Firmware/src/config/default/peripheral/cmcc/plib_cmcc.c.o
 .note          0x00000168       0x18 CMakeFiles/Firmware_default_default_XC32_compile.dir/C_/LOCAL_DOCS/my_Project/Motor_controller/Firmware/src/config/default/peripheral/eic/plib_eic.c.o
 .note          0x00000180       0x18 CMakeFiles/Firmware_default_default_XC32_compile.dir/C_/LOCAL_DOCS/my_Project/Motor_controller/Firmware/src/config/default/peripheral/evsys/plib_evsys.c.o
 .note          0x00000198       0x18 CMakeFiles/Firmware_default_default_XC32_compile.dir/C_/LOCAL_DOCS/my_Project/Motor_controller/Firmware/src/config/default/peripheral/nvic/plib_nvic.c.o
 .note          0x000001b0       0x18 CMakeFiles/Firmware_default_default_XC32_compile.dir/C_/LOCAL_DOCS/my_Project/Motor_controller/Firmware/src/config/default/peripheral/nvmctrl/plib_nvmctrl.c.o
 .note          0x000001c8       0x18 CMakeFiles/Firmware_default_default_XC32_compile.dir/C_/LOCAL_DOCS/my_Project/Motor_controller/Firmware/src/config/default/peripheral/port/plib_port.c.o
 .note          0x000001e0       0x18 CMakeFiles/Firmware_default_default_XC32_compile.dir/C_/LOCAL_DOCS/my_Project/Motor_controller/Firmware/src/config/default/peripheral/sercom/usart/plib_sercom5_usart.c.o
 .note          0x000001f8       0x18 CMakeFiles/Firmware_default_default_XC32_compile.dir/C_/LOCAL_DOCS/my_Project/Motor_controller/Firmware/src/config/default/startup_xc32.c.o
 .note          0x00000210       0x18 CMakeFiles/Firmware_default_default_XC32_compile.dir/C_/LOCAL_DOCS/my_Project/Motor_controller/Firmware/src/config/default/stdio/xc32_monitor.c.o
 .note          0x00000228       0x18 CMakeFiles/Firmware_default_default_XC32_compile.dir/C_/LOCAL_DOCS/my_Project/Motor_controller/Firmware/src/main.c.o
 .note          0x00000240       0x18 CMakeFiles/Firmware_default_default_XC32_compile.dir/C_/LOCAL_DOCS/my_Project/Motor_controller/Firmware/src/third_party/rtos/FreeRTOS/Source/FreeRTOS_tasks.c.o
 .note          0x00000258       0x18 CMakeFiles/Firmware_default_default_XC32_compile.dir/C_/LOCAL_DOCS/my_Project/Motor_controller/Firmware/src/third_party/rtos/FreeRTOS/Source/croutine.c.o
 .note          0x00000270       0x18 CMakeFiles/Firmware_default_default_XC32_compile.dir/C_/LOCAL_DOCS/my_Project/Motor_controller/Firmware/src/third_party/rtos/FreeRTOS/Source/event_groups.c.o
 .note          0x00000288       0x18 CMakeFiles/Firmware_default_default_XC32_compile.dir/C_/LOCAL_DOCS/my_Project/Motor_controller/Firmware/src/third_party/rtos/FreeRTOS/Source/list.c.o
 .note          0x000002a0       0x18 CMakeFiles/Firmware_default_default_XC32_compile.dir/a573b5520b7b409640defe423dfe1fcf/Firmware/src/third_party/rtos/FreeRTOS/Source/portable/GCC/SAM/ARM_CM4F/port.c.o
 .note          0x000002b8       0x18 CMakeFiles/Firmware_default_default_XC32_compile.dir/C_/LOCAL_DOCS/my_Project/Motor_controller/Firmware/src/third_party/rtos/FreeRTOS/Source/portable/MemMang/heap_1.c.o
 .note          0x000002d0       0x18 CMakeFiles/Firmware_default_default_XC32_compile.dir/C_/LOCAL_DOCS/my_Project/Motor_controller/Firmware/src/third_party/rtos/FreeRTOS/Source/queue.c.o
 .note          0x000002e8       0x18 CMakeFiles/Firmware_default_default_XC32_compile.dir/C_/LOCAL_DOCS/my_Project/Motor_controller/Firmware/src/third_party/rtos/FreeRTOS/Source/stream_buffer.c.o
 .note          0x00000300       0x18 CMakeFiles/Firmware_default_default_XC32_compile.dir/C_/LOCAL_DOCS/my_Project/Motor_controller/Firmware/src/third_party/rtos/FreeRTOS/Source/timers.c.o
 .note          0x00000318       0x18 c:/PROGRA~1/MICROC~1/xc32/v5.10/bin/bin/../../lib/gcc/pic32c/13.2.1/../../../../pic32c/lib/thumb/v7e-m+fp/hard\libpic32c.a(data_init.o)
 .note          0x00000330       0x18 c:/PROGRA~1/MICROC~1/xc32/v5.10/bin/bin/../../lib/gcc/pic32c/13.2.1/../../../../pic32c/lib/thumb/v7e-m+fp/hard\libc-size-musl.a(memcpy.o)
 .note          0x00000348       0x18 c:/PROGRA~1/MICROC~1/xc32/v5.10/bin/bin/../../lib/gcc/pic32c/13.2.1/../../../../pic32c/lib/thumb/v7e-m+fp/hard\libc-size-musl.a(memset.o)
 .note          0x00000360       0x18 c:/PROGRA~1/MICROC~1/xc32/v5.10/bin/bin/../../lib/gcc/pic32c/13.2.1/../../../../pic32c/lib/thumb/v7e-m+fp/hard\libg-musl.a(__libc_start_main.o)
 .note          0x00000378       0x18 c:/PROGRA~1/MICROC~1/xc32/v5.10/bin/bin/../../lib/gcc/pic32c/13.2.1/../../../../pic32c/lib/thumb/v7e-m+fp/hard\libg-musl.a(libc.o)
 .note          0x00000390       0x18 c:/PROGRA~1/MICROC~1/xc32/v5.10/bin/bin/../../lib/gcc/pic32c/13.2.1/../../../../pic32c/lib/thumb/v7e-m+fp/hard\libg-musl.a(stdin.o)
 .note          0x000003a8       0x18 c:/PROGRA~1/MICROC~1/xc32/v5.10/bin/bin/../../lib/gcc/pic32c/13.2.1/../../../../pic32c/lib/thumb/v7e-m+fp/hard\libg-musl.a(stdout.o)
 .note          0x000003c0       0x18 c:/PROGRA~1/MICROC~1/xc32/v5.10/bin/bin/../../lib/gcc/pic32c/13.2.1/../../../../pic32c/lib/thumb/v7e-m+fp/hard\libg-musl.a(setbuf.o)
 .note          0x000003d8       0x18 c:/PROGRA~1/MICROC~1/xc32/v5.10/bin/bin/../../lib/gcc/pic32c/13.2.1/../../../../pic32c/lib/thumb/v7e-m+fp/hard\libg-musl.a(__environ.o)
 .note          0x000003f0       0x18 c:/PROGRA~1/MICROC~1/xc32/v5.10/bin/bin/../../lib/gcc/pic32c/13.2.1/../../../../pic32c/lib/thumb/v7e-m+fp/hard\libg-musl.a(__io_init_needed.o)
 .note          0x00000408       0x18 c:/PROGRA~1/MICROC~1/xc32/v5.10/bin/bin/../../lib/gcc/pic32c/13.2.1/../../../../pic32c/lib/thumb/v7e-m+fp/hard\libg-musl.a(__io_rw_needed.o)
 .note          0x00000420       0x18 c:/PROGRA~1/MICROC~1/xc32/v5.10/bin/bin/../../lib/gcc/pic32c/13.2.1/../../../../pic32c/lib/thumb/v7e-m+fp/hard\libg-musl.a(__stdio_read.o)
 .note          0x00000438       0x18 c:/PROGRA~1/MICROC~1/xc32/v5.10/bin/bin/../../lib/gcc/pic32c/13.2.1/../../../../pic32c/lib/thumb/v7e-m+fp/hard\libg-musl.a(__towrite_rw.o)
 .note          0x00000450       0x18 c:/PROGRA~1/MICROC~1/xc32/v5.10/bin/bin/../../lib/gcc/pic32c/13.2.1/../../../../pic32c/lib/thumb/v7e-m+fp/hard\libg-musl.a(setvbuf.o)
 .note          0x00000468       0x18 c:/PROGRA~1/MICROC~1/xc32/v5.10/bin/bin/../../lib/gcc/pic32c/13.2.1/../../../../pic32c/lib/thumb/v7e-m+fp/hard\libg-musl.a(readv.o)
 .note          0x00000480       0x18 c:/PROGRA~1/MICROC~1/xc32/v5.10/bin/bin/../../lib/gcc/pic32c/13.2.1/../../../../pic32c/lib/thumb/v7e-m+fp/hard\libg-musl.a(__fopen_rw.o)
 .note          0x00000498       0x18 c:/PROGRA~1/MICROC~1/xc32/v5.10/bin/bin/../../lib/gcc/pic32c/13.2.1/../../../../pic32c/lib/thumb/v7e-m+fp/hard\libg-musl.a(__ftello_rw.o)
 .note          0x000004b0       0x18 c:/PROGRA~1/MICROC~1/xc32/v5.10/bin/bin/../../lib/gcc/pic32c/13.2.1/../../../../pic32c/lib/thumb/v7e-m+fp/hard\libg-musl.a(__init_stdio.o)
 .note          0x000004c8       0x18 c:/PROGRA~1/MICROC~1/xc32/v5.10/bin/bin/../../lib/gcc/pic32c/13.2.1/../../../../pic32c/lib/thumb/v7e-m+fp/hard\libg-musl.a(__io_buf_needed.o)
 .note          0x000004e0       0x18 c:/PROGRA~1/MICROC~1/xc32/v5.10/bin/bin/../../lib/gcc/pic32c/13.2.1/../../../../pic32c/lib/thumb/v7e-m+fp/hard\libg-musl.a(__io_file_needed.o)
 .note          0x000004f8       0x18 c:/PROGRA~1/MICROC~1/xc32/v5.10/bin/bin/../../lib/gcc/pic32c/13.2.1/../../../../pic32c/lib/thumb/v7e-m+fp/hard\libg-musl.a(__io_std_needed.o)
 .note          0x00000510       0x18 c:/PROGRA~1/MICROC~1/xc32/v5.10/bin/bin/../../lib/gcc/pic32c/13.2.1/../../../../pic32c/lib/thumb/v7e-m+fp/hard\libg-musl.a(__out.o)
 .note          0x00000528       0x18 c:/PROGRA~1/MICROC~1/xc32/v5.10/bin/bin/../../lib/gcc/pic32c/13.2.1/../../../../pic32c/lib/thumb/v7e-m+fp/hard\libg-musl.a(__putc.o)
 .note          0x00000540       0x18 c:/PROGRA~1/MICROC~1/xc32/v5.10/bin/bin/../../lib/gcc/pic32c/13.2.1/../../../../pic32c/lib/thumb/v7e-m+fp/hard\libg-musl.a(__stderr.o)
 .note          0x00000558       0x18 c:/PROGRA~1/MICROC~1/xc32/v5.10/bin/bin/../../lib/gcc/pic32c/13.2.1/../../../../pic32c/lib/thumb/v7e-m+fp/hard\libg-musl.a(__stdio_close.o)
 .note          0x00000570       0x18 c:/PROGRA~1/MICROC~1/xc32/v5.10/bin/bin/../../lib/gcc/pic32c/13.2.1/../../../../pic32c/lib/thumb/v7e-m+fp/hard\libg-musl.a(__stdio_exit.o)
 .note          0x00000588       0x18 c:/PROGRA~1/MICROC~1/xc32/v5.10/bin/bin/../../lib/gcc/pic32c/13.2.1/../../../../pic32c/lib/thumb/v7e-m+fp/hard\libg-musl.a(__stdio_write.o)
 .note          0x000005a0       0x18 c:/PROGRA~1/MICROC~1/xc32/v5.10/bin/bin/../../lib/gcc/pic32c/13.2.1/../../../../pic32c/lib/thumb/v7e-m+fp/hard\libg-musl.a(__stdout.o)
 .note          0x000005b8       0x18 c:/PROGRA~1/MICROC~1/xc32/v5.10/bin/bin/../../lib/gcc/pic32c/13.2.1/../../../../pic32c/lib/thumb/v7e-m+fp/hard\libg-musl.a(__towrite.o)
 .note          0x000005d0       0x18 c:/PROGRA~1/MICROC~1/xc32/v5.10/bin/bin/../../lib/gcc/pic32c/13.2.1/../../../../pic32c/lib/thumb/v7e-m+fp/hard\libg-musl.a(putc.o)
 .note          0x000005e8       0x18 c:/PROGRA~1/MICROC~1/xc32/v5.10/bin/bin/../../lib/gcc/pic32c/13.2.1/../../../../pic32c/lib/thumb/v7e-m+fp/hard\libg-musl.a(writev.o)
 .note          0x00000600       0x18 c:/PROGRA~1/MICROC~1/xc32/v5.10/bin/bin/../../lib/gcc/pic32c/13.2.1/../../../../pic32c/lib/thumb/v7e-m+fp/hard\libg-musl.a(__overflow.o)
 .note          0x00000618       0x18 c:/PROGRA~1/MICROC~1/xc32/v5.10/bin/bin/../../lib/gcc/pic32c/13.2.1/../../../../pic32c/lib/thumb/v7e-m+fp/hard\libg-musl.a(__fclose.o)
 .note          0x00000630       0x18 c:/PROGRA~1/MICROC~1/xc32/v5.10/bin/bin/../../lib/gcc/pic32c/13.2.1/../../../../pic32c/lib/thumb/v7e-m+fp/hard\libg-musl.a(__fopen.o)
 .note          0x00000648       0x18 c:/PROGRA~1/MICROC~1/xc32/v5.10/bin/bin/../../lib/gcc/pic32c/13.2.1/../../../../pic32c/lib/thumb/v7e-m+fp/hard\libg-musl.a(__fseeko.o)
 .note          0x00000660       0x18 c:/PROGRA~1/MICROC~1/xc32/v5.10/bin/bin/../../lib/gcc/pic32c/13.2.1/../../../../pic32c/lib/thumb/v7e-m+fp/hard\libg-musl.a(__ftello.o)
 .note          0x00000678       0x18 c:/PROGRA~1/MICROC~1/xc32/v5.10/bin/bin/../../lib/gcc/pic32c/13.2.1/../../../../pic32c/lib/thumb/v7e-m+fp/hard\libg-musl.a(__fwrite.o)
 .note          0x00000690       0x18 c:/PROGRA~1/MICROC~1/xc32/v5.10/bin/bin/../../lib/gcc/pic32c/13.2.1/../../../../pic32c/lib/thumb/v7e-m+fp/hard\libpic32c.a(close.o)
 .note          0x000006a8       0x18 c:/PROGRA~1/MICROC~1/xc32/v5.10/bin/bin/../../lib/gcc/pic32c/13.2.1/../../../../pic32c/lib/thumb/v7e-m+fp/hard\libpic32c.a(lseek.o)
 .note          0x000006c0       0x18 c:/PROGRA~1/MICROC~1/xc32/v5.10/bin/bin/../../lib/gcc/pic32c/13.2.1/../../../../pic32c/lib/thumb/v7e-m+fp/hard\liblmalloc-musl.a(lite_malloc.o)
 .note          0x000006d8       0x18 c:/PROGRA~1/MICROC~1/xc32/v5.10/bin/bin/../../lib/gcc/pic32c/13.2.1/../../../../pic32c/lib/thumb/v7e-m+fp/hard\liblmalloc-musl.a(lite_free.o)
 .note          0x000006f0       0x18 c:/PROGRA~1/MICROC~1/xc32/v5.10/bin/bin/../../lib/gcc/pic32c/13.2.1/../../../../pic32c/lib/thumb/v7e-m+fp/hard\libg-musl.a(__errno_location.o)
 .note          0x00000708       0x18 c:/PROGRA~1/MICROC~1/xc32/v5.10/bin/bin/../../lib/gcc/pic32c/13.2.1/../../../../pic32c/lib/thumb/v7e-m+fp/hard\libg-musl.a(expand_heap.o)
 .note          0x00000720       0x18 c:/PROGRA~1/MICROC~1/xc32/v5.10/bin/bin/../../lib/gcc/pic32c/13.2.1/../../../../pic32c/lib/thumb/v7e-m+fp/hard\libpic32c.a(sbrk.o)
 .note          0x00000738       0x18 c:/PROGRA~1/MICROC~1/xc32/v5.10/bin/bin/../../lib/gcc/pic32c/13.2.1/thumb/v7e-m+fp/hard\libgcc.a(_aeabi_uldivmod.o)
 .note          0x00000750       0x18 c:/PROGRA~1/MICROC~1/xc32/v5.10/bin/bin/../../lib/gcc/pic32c/13.2.1/thumb/v7e-m+fp/hard\libgcc.a(_udivmoddi4.o)
 .note          0x00000768       0x18 c:/PROGRA~1/MICROC~1/xc32/v5.10/bin/bin/../../lib/gcc/pic32c/13.2.1/thumb/v7e-m+fp/hard\libgcc.a(_dvmd_tls.o)
 .note          0x00000780       0x18 c:/PROGRA~1/MICROC~1/xc32/v5.10/bin/bin/../../lib/gcc/pic32c/13.2.1/thumb/v7e-m+fp/hard/crtend.o
 .note          0x00000798       0x18 c:/PROGRA~1/MICROC~1/xc32/v5.10/bin/bin/../../lib/gcc/pic32c/13.2.1/thumb/v7e-m+fp/hard/crtn.o
 .note          0x000007b0       0x18 c:/PROGRA~1/MICROC~1/xc32/v5.10/bin/bin/../../lib/gcc/pic32c/13.2.1/../../../../pic32c/lib/thumb/v7e-m+fp/hard\libpic32c.a(pic32_data_init_clear.o)
 .note          0x000007c8       0x18 c:/PROGRA~1/MICROC~1/xc32/v5.10/bin/bin/../../lib/gcc/pic32c/13.2.1/../../../../pic32c/lib/thumb/v7e-m+fp/hard\libpic32c.a(pic32_data_init_copy.o)

.ARM.attributes
                0x00000000       0x34
 .ARM.attributes
                0x00000000       0x22 c:/PROGRA~1/MICROC~1/xc32/v5.10/bin/bin/../../lib/gcc/pic32c/13.2.1/thumb/v7e-m+fp/hard/crti.o
 .ARM.attributes
                0x00000022       0x34 c:/PROGRA~1/MICROC~1/xc32/v5.10/bin/bin/../../lib/gcc/pic32c/13.2.1/thumb/v7e-m+fp/hard/crtbegin.o
 .ARM.attributes
                0x00000056       0x34 CMakeFiles/Firmware_default_default_XC32_compile.dir/C_/LOCAL_DOCS/my_Project/Motor_controller/Firmware/src/config/default/exceptions.c.o
 .ARM.attributes
                0x0000008a       0x34 CMakeFiles/Firmware_default_default_XC32_compile.dir/C_/LOCAL_DOCS/my_Project/Motor_controller/Firmware/src/config/default/freertos_hooks.c.o
 .ARM.attributes
                0x000000be       0x34 CMakeFiles/Firmware_default_default_XC32_compile.dir/C_/LOCAL_DOCS/my_Project/Motor_controller/Firmware/src/config/default/initialization.c.o
 .ARM.attributes
                0x000000f2       0x34 CMakeFiles/Firmware_default_default_XC32_compile.dir/C_/LOCAL_DOCS/my_Project/Motor_controller/Firmware/src/config/default/interrupts.c.o
 .ARM.attributes
                0x00000126       0x34 CMakeFiles/Firmware_default_default_XC32_compile.dir/C_/LOCAL_DOCS/my_Project/Motor_controller/Firmware/src/config/default/peripheral/clock/plib_clock.c.o
 .ARM.attributes
                0x0000015a       0x34 CMakeFiles/Firmware_default_default_XC32_compile.dir/C_/LOCAL_DOCS/my_Project/Motor_controller/Firmware/src/config/default/peripheral/eic/plib_eic.c.o
 .ARM.attributes
                0x0000018e       0x34 CMakeFiles/Firmware_default_default_XC32_compile.dir/C_/LOCAL_DOCS/my_Project/Motor_controller/Firmware/src/config/default/peripheral/evsys/plib_evsys.c.o
 .ARM.attributes
                0x000001c2       0x34 CMakeFiles/Firmware_default_default_XC32_compile.dir/C_/LOCAL_DOCS/my_Project/Motor_controller/Firmware/src/config/default/peripheral/nvic/plib_nvic.c.o
 .ARM.attributes
                0x000001f6       0x34 CMakeFiles/Firmware_default_default_XC32_compile.dir/C_/LOCAL_DOCS/my_Project/Motor_controller/Firmware/src/config/default/peripheral/nvmctrl/plib_nvmctrl.c.o
 .ARM.attributes
                0x0000022a       0x34 CMakeFiles/Firmware_default_default_XC32_compile.dir/C_/LOCAL_DOCS/my_Project/Motor_controller/Firmware/src/config/default/peripheral/port/plib_port.c.o
 .ARM.attributes
                0x0000025e       0x34 CMakeFiles/Firmware_default_default_XC32_compile.dir/C_/LOCAL_DOCS/my_Project/Motor_controller/Firmware/src/config/default/peripheral/sercom/usart/plib_sercom5_usart.c.o
 .ARM.attributes
                0x00000292       0x34 CMakeFiles/Firmware_default_default_XC32_compile.dir/C_/LOCAL_DOCS/my_Project/Motor_controller/Firmware/src/config/default/startup_xc32.c.o
 .ARM.attributes
                0x000002c6       0x34 CMakeFiles/Firmware_default_default_XC32_compile.dir/C_/LOCAL_DOCS/my_Project/Motor_controller/Firmware/src/config/default/stdio/xc32_monitor.c.o
 .ARM.attributes
                0x000002fa       0x34 CMakeFiles/Firmware_default_default_XC32_compile.dir/C_/LOCAL_DOCS/my_Project/Motor_controller/Firmware/src/main.c.o
 .ARM.attributes
                0x0000032e       0x34 CMakeFiles/Firmware_default_default_XC32_compile.dir/C_/LOCAL_DOCS/my_Project/Motor_controller/Firmware/src/third_party/rtos/FreeRTOS/Source/FreeRTOS_tasks.c.o
 .ARM.attributes
                0x00000362       0x34 CMakeFiles/Firmware_default_default_XC32_compile.dir/C_/LOCAL_DOCS/my_Project/Motor_controller/Firmware/src/third_party/rtos/FreeRTOS/Source/list.c.o
 .ARM.attributes
                0x00000396       0x34 CMakeFiles/Firmware_default_default_XC32_compile.dir/a573b5520b7b409640defe423dfe1fcf/Firmware/src/third_party/rtos/FreeRTOS/Source/portable/GCC/SAM/ARM_CM4F/port.c.o
 .ARM.attributes
                0x000003ca       0x34 CMakeFiles/Firmware_default_default_XC32_compile.dir/C_/LOCAL_DOCS/my_Project/Motor_controller/Firmware/src/third_party/rtos/FreeRTOS/Source/portable/MemMang/heap_1.c.o
 .ARM.attributes
                0x000003fe       0x34 c:/PROGRA~1/MICROC~1/xc32/v5.10/bin/bin/../../lib/gcc/pic32c/13.2.1/../../../../pic32c/lib/thumb/v7e-m+fp/hard\libpic32c.a(data_init.o)
 .ARM.attributes
                0x00000432       0x36 c:/PROGRA~1/MICROC~1/xc32/v5.10/bin/bin/../../lib/gcc/pic32c/13.2.1/../../../../pic32c/lib/thumb/v7e-m+fp/hard\libc-size-musl.a(memcpy.o)
 .ARM.attributes
                0x00000468       0x36 c:/PROGRA~1/MICROC~1/xc32/v5.10/bin/bin/../../lib/gcc/pic32c/13.2.1/../../../../pic32c/lib/thumb/v7e-m+fp/hard\libc-size-musl.a(memset.o)
 .ARM.attributes
                0x0000049e       0x36 c:/PROGRA~1/MICROC~1/xc32/v5.10/bin/bin/../../lib/gcc/pic32c/13.2.1/../../../../pic32c/lib/thumb/v7e-m+fp/hard\libg-musl.a(__libc_start_main.o)
 .ARM.attributes
                0x000004d4       0x36 c:/PROGRA~1/MICROC~1/xc32/v5.10/bin/bin/../../lib/gcc/pic32c/13.2.1/../../../../pic32c/lib/thumb/v7e-m+fp/hard\libg-musl.a(libc.o)
 .ARM.attributes
                0x0000050a       0x36 c:/PROGRA~1/MICROC~1/xc32/v5.10/bin/bin/../../lib/gcc/pic32c/13.2.1/../../../../pic32c/lib/thumb/v7e-m+fp/hard\libg-musl.a(stdin.o)
 .ARM.attributes
                0x00000540       0x36 c:/PROGRA~1/MICROC~1/xc32/v5.10/bin/bin/../../lib/gcc/pic32c/13.2.1/../../../../pic32c/lib/thumb/v7e-m+fp/hard\libg-musl.a(stdout.o)
 .ARM.attributes
                0x00000576       0x36 c:/PROGRA~1/MICROC~1/xc32/v5.10/bin/bin/../../lib/gcc/pic32c/13.2.1/../../../../pic32c/lib/thumb/v7e-m+fp/hard\libg-musl.a(setbuf.o)
 .ARM.attributes
                0x000005ac       0x36 c:/PROGRA~1/MICROC~1/xc32/v5.10/bin/bin/../../lib/gcc/pic32c/13.2.1/../../../../pic32c/lib/thumb/v7e-m+fp/hard\libg-musl.a(__environ.o)
 .ARM.attributes
                0x000005e2       0x36 c:/PROGRA~1/MICROC~1/xc32/v5.10/bin/bin/../../lib/gcc/pic32c/13.2.1/../../../../pic32c/lib/thumb/v7e-m+fp/hard\libg-musl.a(__stdio_read.o)
 .ARM.attributes
                0x00000618       0x36 c:/PROGRA~1/MICROC~1/xc32/v5.10/bin/bin/../../lib/gcc/pic32c/13.2.1/../../../../pic32c/lib/thumb/v7e-m+fp/hard\libg-musl.a(__towrite_rw.o)
 .ARM.attributes
                0x0000064e       0x36 c:/PROGRA~1/MICROC~1/xc32/v5.10/bin/bin/../../lib/gcc/pic32c/13.2.1/../../../../pic32c/lib/thumb/v7e-m+fp/hard\libg-musl.a(setvbuf.o)
 .ARM.attributes
                0x00000684       0x36 c:/PROGRA~1/MICROC~1/xc32/v5.10/bin/bin/../../lib/gcc/pic32c/13.2.1/../../../../pic32c/lib/thumb/v7e-m+fp/hard\libg-musl.a(readv.o)
 .ARM.attributes
                0x000006ba       0x36 c:/PROGRA~1/MICROC~1/xc32/v5.10/bin/bin/../../lib/gcc/pic32c/13.2.1/../../../../pic32c/lib/thumb/v7e-m+fp/hard\libg-musl.a(__init_stdio.o)
 .ARM.attributes
                0x000006f0       0x36 c:/PROGRA~1/MICROC~1/xc32/v5.10/bin/bin/../../lib/gcc/pic32c/13.2.1/../../../../pic32c/lib/thumb/v7e-m+fp/hard\libg-musl.a(__out.o)
 .ARM.attributes
                0x00000726       0x36 c:/PROGRA~1/MICROC~1/xc32/v5.10/bin/bin/../../lib/gcc/pic32c/13.2.1/../../../../pic32c/lib/thumb/v7e-m+fp/hard\libg-musl.a(__stderr.o)
 .ARM.attributes
                0x0000075c       0x36 c:/PROGRA~1/MICROC~1/xc32/v5.10/bin/bin/../../lib/gcc/pic32c/13.2.1/../../../../pic32c/lib/thumb/v7e-m+fp/hard\libg-musl.a(__stdio_close.o)
 .ARM.attributes
                0x00000792       0x36 c:/PROGRA~1/MICROC~1/xc32/v5.10/bin/bin/../../lib/gcc/pic32c/13.2.1/../../../../pic32c/lib/thumb/v7e-m+fp/hard\libg-musl.a(__stdio_write.o)
 .ARM.attributes
                0x000007c8       0x36 c:/PROGRA~1/MICROC~1/xc32/v5.10/bin/bin/../../lib/gcc/pic32c/13.2.1/../../../../pic32c/lib/thumb/v7e-m+fp/hard\libg-musl.a(__stdout.o)
 .ARM.attributes
                0x000007fe       0x36 c:/PROGRA~1/MICROC~1/xc32/v5.10/bin/bin/../../lib/gcc/pic32c/13.2.1/../../../../pic32c/lib/thumb/v7e-m+fp/hard\libg-musl.a(__towrite.o)
 .ARM.attributes
                0x00000834       0x36 c:/PROGRA~1/MICROC~1/xc32/v5.10/bin/bin/../../lib/gcc/pic32c/13.2.1/../../../../pic32c/lib/thumb/v7e-m+fp/hard\libg-musl.a(writev.o)
 .ARM.attributes
                0x0000086a       0x34 c:/PROGRA~1/MICROC~1/xc32/v5.10/bin/bin/../../lib/gcc/pic32c/13.2.1/../../../../pic32c/lib/thumb/v7e-m+fp/hard\libpic32c.a(close.o)
 .ARM.attributes
                0x0000089e       0x34 c:/PROGRA~1/MICROC~1/xc32/v5.10/bin/bin/../../lib/gcc/pic32c/13.2.1/../../../../pic32c/lib/thumb/v7e-m+fp/hard\libpic32c.a(lseek.o)
 .ARM.attributes
                0x000008d2       0x36 c:/PROGRA~1/MICROC~1/xc32/v5.10/bin/bin/../../lib/gcc/pic32c/13.2.1/../../../../pic32c/lib/thumb/v7e-m+fp/hard\liblmalloc-musl.a(lite_malloc.o)
 .ARM.attributes
                0x00000908       0x36 c:/PROGRA~1/MICROC~1/xc32/v5.10/bin/bin/../../lib/gcc/pic32c/13.2.1/../../../../pic32c/lib/thumb/v7e-m+fp/hard\liblmalloc-musl.a(lite_free.o)
 .ARM.attributes
                0x0000093e       0x36 c:/PROGRA~1/MICROC~1/xc32/v5.10/bin/bin/../../lib/gcc/pic32c/13.2.1/../../../../pic32c/lib/thumb/v7e-m+fp/hard\libg-musl.a(__errno_location.o)
 .ARM.attributes
                0x00000974       0x36 c:/PROGRA~1/MICROC~1/xc32/v5.10/bin/bin/../../lib/gcc/pic32c/13.2.1/../../../../pic32c/lib/thumb/v7e-m+fp/hard\libg-musl.a(expand_heap.o)
 .ARM.attributes
                0x000009aa       0x34 c:/PROGRA~1/MICROC~1/xc32/v5.10/bin/bin/../../lib/gcc/pic32c/13.2.1/../../../../pic32c/lib/thumb/v7e-m+fp/hard\libpic32c.a(sbrk.o)
 .ARM.attributes
                0x000009de       0x22 c:/PROGRA~1/MICROC~1/xc32/v5.10/bin/bin/../../lib/gcc/pic32c/13.2.1/thumb/v7e-m+fp/hard/crtn.o
 .ARM.attributes
                0x00000a00       0x34 c:/PROGRA~1/MICROC~1/xc32/v5.10/bin/bin/../../lib/gcc/pic32c/13.2.1/../../../../pic32c/lib/thumb/v7e-m+fp/hard\libpic32c.a(pic32_data_init_clear.o)
 .ARM.attributes
                0x00000a34       0x34 c:/PROGRA~1/MICROC~1/xc32/v5.10/bin/bin/../../lib/gcc/pic32c/13.2.1/../../../../pic32c/lib/thumb/v7e-m+fp/hard\libpic32c.a(pic32_data_init_copy.o)

.comment        0x00000000       0x35
 .comment       0x00000000       0x35 c:/PROGRA~1/MICROC~1/xc32/v5.10/bin/bin/../../lib/gcc/pic32c/13.2.1/thumb/v7e-m+fp/hard/crtbegin.o
                                 0x36 (size before relaxing)
 .comment       0x00000035       0x36 CMakeFiles/Firmware_default_default_XC32_compile.dir/C_/LOCAL_DOCS/my_Project/Motor_controller/Firmware/src/config/default/exceptions.c.o
 .comment       0x00000035       0x36 CMakeFiles/Firmware_default_default_XC32_compile.dir/C_/LOCAL_DOCS/my_Project/Motor_controller/Firmware/src/config/default/freertos_hooks.c.o
 .comment       0x00000035       0x36 CMakeFiles/Firmware_default_default_XC32_compile.dir/C_/LOCAL_DOCS/my_Project/Motor_controller/Firmware/src/config/default/initialization.c.o
 .comment       0x00000035       0x36 CMakeFiles/Firmware_default_default_XC32_compile.dir/C_/LOCAL_DOCS/my_Project/Motor_controller/Firmware/src/config/default/interrupts.c.o
 .comment       0x00000035       0x36 CMakeFiles/Firmware_default_default_XC32_compile.dir/C_/LOCAL_DOCS/my_Project/Motor_controller/Firmware/src/config/default/peripheral/clock/plib_clock.c.o
 .comment       0x00000035       0x36 CMakeFiles/Firmware_default_default_XC32_compile.dir/C_/LOCAL_DOCS/my_Project/Motor_controller/Firmware/src/config/default/peripheral/eic/plib_eic.c.o
 .comment       0x00000035       0x36 CMakeFiles/Firmware_default_default_XC32_compile.dir/C_/LOCAL_DOCS/my_Project/Motor_controller/Firmware/src/config/default/peripheral/evsys/plib_evsys.c.o
 .comment       0x00000035       0x36 CMakeFiles/Firmware_default_default_XC32_compile.dir/C_/LOCAL_DOCS/my_Project/Motor_controller/Firmware/src/config/default/peripheral/nvic/plib_nvic.c.o
 .comment       0x00000035       0x36 CMakeFiles/Firmware_default_default_XC32_compile.dir/C_/LOCAL_DOCS/my_Project/Motor_controller/Firmware/src/config/default/peripheral/nvmctrl/plib_nvmctrl.c.o
 .comment       0x00000035       0x36 CMakeFiles/Firmware_default_default_XC32_compile.dir/C_/LOCAL_DOCS/my_Project/Motor_controller/Firmware/src/config/default/peripheral/port/plib_port.c.o
 .comment       0x00000035       0x36 CMakeFiles/Firmware_default_default_XC32_compile.dir/C_/LOCAL_DOCS/my_Project/Motor_controller/Firmware/src/config/default/peripheral/sercom/usart/plib_sercom5_usart.c.o
 .comment       0x00000035       0x36 CMakeFiles/Firmware_default_default_XC32_compile.dir/C_/LOCAL_DOCS/my_Project/Motor_controller/Firmware/src/config/default/startup_xc32.c.o
 .comment       0x00000035       0x36 CMakeFiles/Firmware_default_default_XC32_compile.dir/C_/LOCAL_DOCS/my_Project/Motor_controller/Firmware/src/config/default/stdio/xc32_monitor.c.o
 .comment       0x00000035       0x36 CMakeFiles/Firmware_default_default_XC32_compile.dir/C_/LOCAL_DOCS/my_Project/Motor_controller/Firmware/src/main.c.o
 .comment       0x00000035       0x36 CMakeFiles/Firmware_default_default_XC32_compile.dir/C_/LOCAL_DOCS/my_Project/Motor_controller/Firmware/src/third_party/rtos/FreeRTOS/Source/FreeRTOS_tasks.c.o
 .comment       0x00000035       0x36 CMakeFiles/Firmware_default_default_XC32_compile.dir/C_/LOCAL_DOCS/my_Project/Motor_controller/Firmware/src/third_party/rtos/FreeRTOS/Source/list.c.o
 .comment       0x00000035       0x36 CMakeFiles/Firmware_default_default_XC32_compile.dir/a573b5520b7b409640defe423dfe1fcf/Firmware/src/third_party/rtos/FreeRTOS/Source/portable/GCC/SAM/ARM_CM4F/port.c.o
 .comment       0x00000035       0x36 CMakeFiles/Firmware_default_default_XC32_compile.dir/C_/LOCAL_DOCS/my_Project/Motor_controller/Firmware/src/third_party/rtos/FreeRTOS/Source/portable/MemMang/heap_1.c.o
 .comment       0x00000035       0x36 c:/PROGRA~1/MICROC~1/xc32/v5.10/bin/bin/../../lib/gcc/pic32c/13.2.1/../../../../pic32c/lib/thumb/v7e-m+fp/hard\libpic32c.a(data_init.o)
 .comment       0x00000035       0x36 c:/PROGRA~1/MICROC~1/xc32/v5.10/bin/bin/../../lib/gcc/pic32c/13.2.1/../../../../pic32c/lib/thumb/v7e-m+fp/hard\libc-size-musl.a(memcpy.o)
 .comment       0x00000035       0x36 c:/PROGRA~1/MICROC~1/xc32/v5.10/bin/bin/../../lib/gcc/pic32c/13.2.1/../../../../pic32c/lib/thumb/v7e-m+fp/hard\libc-size-musl.a(memset.o)
 .comment       0x00000035       0x36 c:/PROGRA~1/MICROC~1/xc32/v5.10/bin/bin/../../lib/gcc/pic32c/13.2.1/../../../../pic32c/lib/thumb/v7e-m+fp/hard\libg-musl.a(__libc_start_main.o)
 .comment       0x00000035       0x36 c:/PROGRA~1/MICROC~1/xc32/v5.10/bin/bin/../../lib/gcc/pic32c/13.2.1/../../../../pic32c/lib/thumb/v7e-m+fp/hard\libg-musl.a(libc.o)
 .comment       0x00000035       0x36 c:/PROGRA~1/MICROC~1/xc32/v5.10/bin/bin/../../lib/gcc/pic32c/13.2.1/../../../../pic32c/lib/thumb/v7e-m+fp/hard\libg-musl.a(stdin.o)
 .comment       0x00000035       0x36 c:/PROGRA~1/MICROC~1/xc32/v5.10/bin/bin/../../lib/gcc/pic32c/13.2.1/../../../../pic32c/lib/thumb/v7e-m+fp/hard\libg-musl.a(stdout.o)
 .comment       0x00000035       0x36 c:/PROGRA~1/MICROC~1/xc32/v5.10/bin/bin/../../lib/gcc/pic32c/13.2.1/../../../../pic32c/lib/thumb/v7e-m+fp/hard\libg-musl.a(setbuf.o)
 .comment       0x00000035       0x36 c:/PROGRA~1/MICROC~1/xc32/v5.10/bin/bin/../../lib/gcc/pic32c/13.2.1/../../../../pic32c/lib/thumb/v7e-m+fp/hard\libg-musl.a(__environ.o)
 .comment       0x00000035       0x36 c:/PROGRA~1/MICROC~1/xc32/v5.10/bin/bin/../../lib/gcc/pic32c/13.2.1/../../../../pic32c/lib/thumb/v7e-m+fp/hard\libg-musl.a(__stdio_read.o)
 .comment       0x00000035       0x36 c:/PROGRA~1/MICROC~1/xc32/v5.10/bin/bin/../../lib/gcc/pic32c/13.2.1/../../../../pic32c/lib/thumb/v7e-m+fp/hard\libg-musl.a(__towrite_rw.o)
 .comment       0x00000035       0x36 c:/PROGRA~1/MICROC~1/xc32/v5.10/bin/bin/../../lib/gcc/pic32c/13.2.1/../../../../pic32c/lib/thumb/v7e-m+fp/hard\libg-musl.a(setvbuf.o)
 .comment       0x00000035       0x36 c:/PROGRA~1/MICROC~1/xc32/v5.10/bin/bin/../../lib/gcc/pic32c/13.2.1/../../../../pic32c/lib/thumb/v7e-m+fp/hard\libg-musl.a(readv.o)
 .comment       0x00000035       0x36 c:/PROGRA~1/MICROC~1/xc32/v5.10/bin/bin/../../lib/gcc/pic32c/13.2.1/../../../../pic32c/lib/thumb/v7e-m+fp/hard\libg-musl.a(__init_stdio.o)
 .comment       0x00000035       0x36 c:/PROGRA~1/MICROC~1/xc32/v5.10/bin/bin/../../lib/gcc/pic32c/13.2.1/../../../../pic32c/lib/thumb/v7e-m+fp/hard\libg-musl.a(__out.o)
 .comment       0x00000035       0x36 c:/PROGRA~1/MICROC~1/xc32/v5.10/bin/bin/../../lib/gcc/pic32c/13.2.1/../../../../pic32c/lib/thumb/v7e-m+fp/hard\libg-musl.a(__stderr.o)
 .comment       0x00000035       0x36 c:/PROGRA~1/MICROC~1/xc32/v5.10/bin/bin/../../lib/gcc/pic32c/13.2.1/../../../../pic32c/lib/thumb/v7e-m+fp/hard\libg-musl.a(__stdio_close.o)
 .comment       0x00000035       0x36 c:/PROGRA~1/MICROC~1/xc32/v5.10/bin/bin/../../lib/gcc/pic32c/13.2.1/../../../../pic32c/lib/thumb/v7e-m+fp/hard\libg-musl.a(__stdio_write.o)
 .comment       0x00000035       0x36 c:/PROGRA~1/MICROC~1/xc32/v5.10/bin/bin/../../lib/gcc/pic32c/13.2.1/../../../../pic32c/lib/thumb/v7e-m+fp/hard\libg-musl.a(__stdout.o)
 .comment       0x00000035       0x36 c:/PROGRA~1/MICROC~1/xc32/v5.10/bin/bin/../../lib/gcc/pic32c/13.2.1/../../../../pic32c/lib/thumb/v7e-m+fp/hard\libg-musl.a(__towrite.o)
 .comment       0x00000035       0x36 c:/PROGRA~1/MICROC~1/xc32/v5.10/bin/bin/../../lib/gcc/pic32c/13.2.1/../../../../pic32c/lib/thumb/v7e-m+fp/hard\libg-musl.a(writev.o)
 .comment       0x00000035       0x36 c:/PROGRA~1/MICROC~1/xc32/v5.10/bin/bin/../../lib/gcc/pic32c/13.2.1/../../../../pic32c/lib/thumb/v7e-m+fp/hard\libpic32c.a(close.o)
 .comment       0x00000035       0x36 c:/PROGRA~1/MICROC~1/xc32/v5.10/bin/bin/../../lib/gcc/pic32c/13.2.1/../../../../pic32c/lib/thumb/v7e-m+fp/hard\libpic32c.a(lseek.o)
 .comment       0x00000035       0x36 c:/PROGRA~1/MICROC~1/xc32/v5.10/bin/bin/../../lib/gcc/pic32c/13.2.1/../../../../pic32c/lib/thumb/v7e-m+fp/hard\liblmalloc-musl.a(lite_malloc.o)
 .comment       0x00000035       0x36 c:/PROGRA~1/MICROC~1/xc32/v5.10/bin/bin/../../lib/gcc/pic32c/13.2.1/../../../../pic32c/lib/thumb/v7e-m+fp/hard\liblmalloc-musl.a(lite_free.o)
 .comment       0x00000035       0x36 c:/PROGRA~1/MICROC~1/xc32/v5.10/bin/bin/../../lib/gcc/pic32c/13.2.1/../../../../pic32c/lib/thumb/v7e-m+fp/hard\libg-musl.a(__errno_location.o)
 .comment       0x00000035       0x36 c:/PROGRA~1/MICROC~1/xc32/v5.10/bin/bin/../../lib/gcc/pic32c/13.2.1/../../../../pic32c/lib/thumb/v7e-m+fp/hard\libg-musl.a(expand_heap.o)
 .comment       0x00000035       0x36 c:/PROGRA~1/MICROC~1/xc32/v5.10/bin/bin/../../lib/gcc/pic32c/13.2.1/../../../../pic32c/lib/thumb/v7e-m+fp/hard\libpic32c.a(sbrk.o)
 .comment       0x00000035       0x36 c:/PROGRA~1/MICROC~1/xc32/v5.10/bin/bin/../../lib/gcc/pic32c/13.2.1/../../../../pic32c/lib/thumb/v7e-m+fp/hard\libpic32c.a(pic32_data_init_clear.o)
 .comment       0x00000035       0x36 c:/PROGRA~1/MICROC~1/xc32/v5.10/bin/bin/../../lib/gcc/pic32c/13.2.1/../../../../pic32c/lib/thumb/v7e-m+fp/hard\libpic32c.a(pic32_data_init_copy.o)

.debug_info     0x00000000     0xc43a
 .debug_info    0x00000000      0x116 CMakeFiles/Firmware_default_default_XC32_compile.dir/C_/LOCAL_DOCS/my_Project/Motor_controller/Firmware/src/config/default/exceptions.c.o
 .debug_info    0x00000116      0x205 CMakeFiles/Firmware_default_default_XC32_compile.dir/C_/LOCAL_DOCS/my_Project/Motor_controller/Firmware/src/config/default/freertos_hooks.c.o
 .debug_info    0x0000031b      0x1f1 CMakeFiles/Firmware_default_default_XC32_compile.dir/C_/LOCAL_DOCS/my_Project/Motor_controller/Firmware/src/config/default/initialization.c.o
 .debug_info    0x0000050c      0xadb CMakeFiles/Firmware_default_default_XC32_compile.dir/C_/LOCAL_DOCS/my_Project/Motor_controller/Firmware/src/config/default/interrupts.c.o
 .debug_info    0x00000fe7      0x639 CMakeFiles/Firmware_default_default_XC32_compile.dir/C_/LOCAL_DOCS/my_Project/Motor_controller/Firmware/src/config/default/peripheral/clock/plib_clock.c.o
 .debug_info    0x00001620      0x201 CMakeFiles/Firmware_default_default_XC32_compile.dir/C_/LOCAL_DOCS/my_Project/Motor_controller/Firmware/src/config/default/peripheral/eic/plib_eic.c.o
 .debug_info    0x00001821       0x9b CMakeFiles/Firmware_default_default_XC32_compile.dir/C_/LOCAL_DOCS/my_Project/Motor_controller/Firmware/src/config/default/peripheral/evsys/plib_evsys.c.o
 .debug_info    0x000018bc      0xbe5 CMakeFiles/Firmware_default_default_XC32_compile.dir/C_/LOCAL_DOCS/my_Project/Motor_controller/Firmware/src/config/default/peripheral/nvic/plib_nvic.c.o
 .debug_info    0x000024a1      0x92d CMakeFiles/Firmware_default_default_XC32_compile.dir/C_/LOCAL_DOCS/my_Project/Motor_controller/Firmware/src/config/default/peripheral/nvmctrl/plib_nvmctrl.c.o
 .debug_info    0x00002dce      0x7b6 CMakeFiles/Firmware_default_default_XC32_compile.dir/C_/LOCAL_DOCS/my_Project/Motor_controller/Firmware/src/config/default/peripheral/port/plib_port.c.o
 .debug_info    0x00003584      0xf80 CMakeFiles/Firmware_default_default_XC32_compile.dir/C_/LOCAL_DOCS/my_Project/Motor_controller/Firmware/src/config/default/peripheral/sercom/usart/plib_sercom5_usart.c.o
 .debug_info    0x00004504      0x573 CMakeFiles/Firmware_default_default_XC32_compile.dir/C_/LOCAL_DOCS/my_Project/Motor_controller/Firmware/src/config/default/startup_xc32.c.o
 .debug_info    0x00004a77      0x1f0 CMakeFiles/Firmware_default_default_XC32_compile.dir/C_/LOCAL_DOCS/my_Project/Motor_controller/Firmware/src/config/default/stdio/xc32_monitor.c.o
 .debug_info    0x00004c67      0x400 CMakeFiles/Firmware_default_default_XC32_compile.dir/C_/LOCAL_DOCS/my_Project/Motor_controller/Firmware/src/main.c.o
 .debug_info    0x00005067     0x2b81 CMakeFiles/Firmware_default_default_XC32_compile.dir/C_/LOCAL_DOCS/my_Project/Motor_controller/Firmware/src/third_party/rtos/FreeRTOS/Source/FreeRTOS_tasks.c.o
 .debug_info    0x00007be8      0x2ff CMakeFiles/Firmware_default_default_XC32_compile.dir/C_/LOCAL_DOCS/my_Project/Motor_controller/Firmware/src/third_party/rtos/FreeRTOS/Source/list.c.o
 .debug_info    0x00007ee7      0x3a3 CMakeFiles/Firmware_default_default_XC32_compile.dir/a573b5520b7b409640defe423dfe1fcf/Firmware/src/third_party/rtos/FreeRTOS/Source/portable/GCC/SAM/ARM_CM4F/port.c.o
 .debug_info    0x0000828a      0x23b CMakeFiles/Firmware_default_default_XC32_compile.dir/C_/LOCAL_DOCS/my_Project/Motor_controller/Firmware/src/third_party/rtos/FreeRTOS/Source/portable/MemMang/heap_1.c.o
 .debug_info    0x000084c5      0x212 c:/PROGRA~1/MICROC~1/xc32/v5.10/bin/bin/../../lib/gcc/pic32c/13.2.1/../../../../pic32c/lib/thumb/v7e-m+fp/hard\libpic32c.a(data_init.o)
 .debug_info    0x000086d7       0xff c:/PROGRA~1/MICROC~1/xc32/v5.10/bin/bin/../../lib/gcc/pic32c/13.2.1/../../../../pic32c/lib/thumb/v7e-m+fp/hard\libc-size-musl.a(memcpy.o)
 .debug_info    0x000087d6       0xc2 c:/PROGRA~1/MICROC~1/xc32/v5.10/bin/bin/../../lib/gcc/pic32c/13.2.1/../../../../pic32c/lib/thumb/v7e-m+fp/hard\libc-size-musl.a(memset.o)
 .debug_info    0x00008898      0x2fb c:/PROGRA~1/MICROC~1/xc32/v5.10/bin/bin/../../lib/gcc/pic32c/13.2.1/../../../../pic32c/lib/thumb/v7e-m+fp/hard\libg-musl.a(__libc_start_main.o)
 .debug_info    0x00008b93      0x276 c:/PROGRA~1/MICROC~1/xc32/v5.10/bin/bin/../../lib/gcc/pic32c/13.2.1/../../../../pic32c/lib/thumb/v7e-m+fp/hard\libg-musl.a(libc.o)
 .debug_info    0x00008e09      0x423 c:/PROGRA~1/MICROC~1/xc32/v5.10/bin/bin/../../lib/gcc/pic32c/13.2.1/../../../../pic32c/lib/thumb/v7e-m+fp/hard\libg-musl.a(stdin.o)
 .debug_info    0x0000922c      0x1e6 c:/PROGRA~1/MICROC~1/xc32/v5.10/bin/bin/../../lib/gcc/pic32c/13.2.1/../../../../pic32c/lib/thumb/v7e-m+fp/hard\libg-musl.a(stdout.o)
 .debug_info    0x00009412      0x120 c:/PROGRA~1/MICROC~1/xc32/v5.10/bin/bin/../../lib/gcc/pic32c/13.2.1/../../../../pic32c/lib/thumb/v7e-m+fp/hard\libg-musl.a(setbuf.o)
 .debug_info    0x00009532       0x97 c:/PROGRA~1/MICROC~1/xc32/v5.10/bin/bin/../../lib/gcc/pic32c/13.2.1/../../../../pic32c/lib/thumb/v7e-m+fp/hard\libg-musl.a(__environ.o)
 .debug_info    0x000095c9      0x40b c:/PROGRA~1/MICROC~1/xc32/v5.10/bin/bin/../../lib/gcc/pic32c/13.2.1/../../../../pic32c/lib/thumb/v7e-m+fp/hard\libg-musl.a(__stdio_read.o)
 .debug_info    0x000099d4      0x331 c:/PROGRA~1/MICROC~1/xc32/v5.10/bin/bin/../../lib/gcc/pic32c/13.2.1/../../../../pic32c/lib/thumb/v7e-m+fp/hard\libg-musl.a(__towrite_rw.o)
 .debug_info    0x00009d05      0x2ea c:/PROGRA~1/MICROC~1/xc32/v5.10/bin/bin/../../lib/gcc/pic32c/13.2.1/../../../../pic32c/lib/thumb/v7e-m+fp/hard\libg-musl.a(setvbuf.o)
 .debug_info    0x00009fef      0x162 c:/PROGRA~1/MICROC~1/xc32/v5.10/bin/bin/../../lib/gcc/pic32c/13.2.1/../../../../pic32c/lib/thumb/v7e-m+fp/hard\libg-musl.a(readv.o)
 .debug_info    0x0000a151       0xc3 c:/PROGRA~1/MICROC~1/xc32/v5.10/bin/bin/../../lib/gcc/pic32c/13.2.1/../../../../pic32c/lib/thumb/v7e-m+fp/hard\libg-musl.a(__init_stdio.o)
 .debug_info    0x0000a214      0x301 c:/PROGRA~1/MICROC~1/xc32/v5.10/bin/bin/../../lib/gcc/pic32c/13.2.1/../../../../pic32c/lib/thumb/v7e-m+fp/hard\libg-musl.a(__out.o)
 .debug_info    0x0000a515      0x3e7 c:/PROGRA~1/MICROC~1/xc32/v5.10/bin/bin/../../lib/gcc/pic32c/13.2.1/../../../../pic32c/lib/thumb/v7e-m+fp/hard\libg-musl.a(__stderr.o)
 .debug_info    0x0000a8fc      0x41b c:/PROGRA~1/MICROC~1/xc32/v5.10/bin/bin/../../lib/gcc/pic32c/13.2.1/../../../../pic32c/lib/thumb/v7e-m+fp/hard\libg-musl.a(__stdio_close.o)
 .debug_info    0x0000ad17      0x485 c:/PROGRA~1/MICROC~1/xc32/v5.10/bin/bin/../../lib/gcc/pic32c/13.2.1/../../../../pic32c/lib/thumb/v7e-m+fp/hard\libg-musl.a(__stdio_write.o)
 .debug_info    0x0000b19c      0x3e7 c:/PROGRA~1/MICROC~1/xc32/v5.10/bin/bin/../../lib/gcc/pic32c/13.2.1/../../../../pic32c/lib/thumb/v7e-m+fp/hard\libg-musl.a(__stdout.o)
 .debug_info    0x0000b583      0x275 c:/PROGRA~1/MICROC~1/xc32/v5.10/bin/bin/../../lib/gcc/pic32c/13.2.1/../../../../pic32c/lib/thumb/v7e-m+fp/hard\libg-musl.a(__towrite.o)
 .debug_info    0x0000b7f8      0x169 c:/PROGRA~1/MICROC~1/xc32/v5.10/bin/bin/../../lib/gcc/pic32c/13.2.1/../../../../pic32c/lib/thumb/v7e-m+fp/hard\libg-musl.a(writev.o)
 .debug_info    0x0000b961       0xa6 c:/PROGRA~1/MICROC~1/xc32/v5.10/bin/bin/../../lib/gcc/pic32c/13.2.1/../../../../pic32c/lib/thumb/v7e-m+fp/hard\libpic32c.a(close.o)
 .debug_info    0x0000ba07       0xbc c:/PROGRA~1/MICROC~1/xc32/v5.10/bin/bin/../../lib/gcc/pic32c/13.2.1/../../../../pic32c/lib/thumb/v7e-m+fp/hard\libpic32c.a(lseek.o)
 .debug_info    0x0000bac3      0x1dc c:/PROGRA~1/MICROC~1/xc32/v5.10/bin/bin/../../lib/gcc/pic32c/13.2.1/../../../../pic32c/lib/thumb/v7e-m+fp/hard\liblmalloc-musl.a(lite_malloc.o)
 .debug_info    0x0000bc9f      0x26f c:/PROGRA~1/MICROC~1/xc32/v5.10/bin/bin/../../lib/gcc/pic32c/13.2.1/../../../../pic32c/lib/thumb/v7e-m+fp/hard\liblmalloc-musl.a(lite_free.o)
 .debug_info    0x0000bf0e       0x5b c:/PROGRA~1/MICROC~1/xc32/v5.10/bin/bin/../../lib/gcc/pic32c/13.2.1/../../../../pic32c/lib/thumb/v7e-m+fp/hard\libg-musl.a(__errno_location.o)
 .debug_info    0x0000bf69      0x115 c:/PROGRA~1/MICROC~1/xc32/v5.10/bin/bin/../../lib/gcc/pic32c/13.2.1/../../../../pic32c/lib/thumb/v7e-m+fp/hard\libg-musl.a(expand_heap.o)
 .debug_info    0x0000c07e      0x186 c:/PROGRA~1/MICROC~1/xc32/v5.10/bin/bin/../../lib/gcc/pic32c/13.2.1/../../../../pic32c/lib/thumb/v7e-m+fp/hard\libpic32c.a(sbrk.o)
 .debug_info    0x0000c204      0x110 c:/PROGRA~1/MICROC~1/xc32/v5.10/bin/bin/../../lib/gcc/pic32c/13.2.1/../../../../pic32c/lib/thumb/v7e-m+fp/hard\libpic32c.a(pic32_data_init_clear.o)
 .debug_info    0x0000c314      0x126 c:/PROGRA~1/MICROC~1/xc32/v5.10/bin/bin/../../lib/gcc/pic32c/13.2.1/../../../../pic32c/lib/thumb/v7e-m+fp/hard\libpic32c.a(pic32_data_init_copy.o)

.debug_abbrev   0x00000000     0x3c2e
 .debug_abbrev  0x00000000       0x49 CMakeFiles/Firmware_default_default_XC32_compile.dir/C_/LOCAL_DOCS/my_Project/Motor_controller/Firmware/src/config/default/exceptions.c.o
 .debug_abbrev  0x00000049      0x14d CMakeFiles/Firmware_default_default_XC32_compile.dir/C_/LOCAL_DOCS/my_Project/Motor_controller/Firmware/src/config/default/freertos_hooks.c.o
 .debug_abbrev  0x00000196      0x138 CMakeFiles/Firmware_default_default_XC32_compile.dir/C_/LOCAL_DOCS/my_Project/Motor_controller/Firmware/src/config/default/initialization.c.o
 .debug_abbrev  0x000002ce       0xd3 CMakeFiles/Firmware_default_default_XC32_compile.dir/C_/LOCAL_DOCS/my_Project/Motor_controller/Firmware/src/config/default/interrupts.c.o
 .debug_abbrev  0x000003a1      0x10b CMakeFiles/Firmware_default_default_XC32_compile.dir/C_/LOCAL_DOCS/my_Project/Motor_controller/Firmware/src/config/default/peripheral/clock/plib_clock.c.o
 .debug_abbrev  0x000004ac       0xa4 CMakeFiles/Firmware_default_default_XC32_compile.dir/C_/LOCAL_DOCS/my_Project/Motor_controller/Firmware/src/config/default/peripheral/eic/plib_eic.c.o
 .debug_abbrev  0x00000550       0x46 CMakeFiles/Firmware_default_default_XC32_compile.dir/C_/LOCAL_DOCS/my_Project/Motor_controller/Firmware/src/config/default/peripheral/evsys/plib_evsys.c.o
 .debug_abbrev  0x00000596      0x24a CMakeFiles/Firmware_default_default_XC32_compile.dir/C_/LOCAL_DOCS/my_Project/Motor_controller/Firmware/src/config/default/peripheral/nvic/plib_nvic.c.o
 .debug_abbrev  0x000007e0      0x266 CMakeFiles/Firmware_default_default_XC32_compile.dir/C_/LOCAL_DOCS/my_Project/Motor_controller/Firmware/src/config/default/peripheral/nvmctrl/plib_nvmctrl.c.o
 .debug_abbrev  0x00000a46      0x1ea CMakeFiles/Firmware_default_default_XC32_compile.dir/C_/LOCAL_DOCS/my_Project/Motor_controller/Firmware/src/config/default/peripheral/port/plib_port.c.o
 .debug_abbrev  0x00000c30      0x274 CMakeFiles/Firmware_default_default_XC32_compile.dir/C_/LOCAL_DOCS/my_Project/Motor_controller/Firmware/src/config/default/peripheral/sercom/usart/plib_sercom5_usart.c.o
 .debug_abbrev  0x00000ea4      0x1ee CMakeFiles/Firmware_default_default_XC32_compile.dir/C_/LOCAL_DOCS/my_Project/Motor_controller/Firmware/src/config/default/startup_xc32.c.o
 .debug_abbrev  0x00001092      0x105 CMakeFiles/Firmware_default_default_XC32_compile.dir/C_/LOCAL_DOCS/my_Project/Motor_controller/Firmware/src/config/default/stdio/xc32_monitor.c.o
 .debug_abbrev  0x00001197      0x1a5 CMakeFiles/Firmware_default_default_XC32_compile.dir/C_/LOCAL_DOCS/my_Project/Motor_controller/Firmware/src/main.c.o
 .debug_abbrev  0x0000133c      0x49b CMakeFiles/Firmware_default_default_XC32_compile.dir/C_/LOCAL_DOCS/my_Project/Motor_controller/Firmware/src/third_party/rtos/FreeRTOS/Source/FreeRTOS_tasks.c.o
 .debug_abbrev  0x000017d7      0x12c CMakeFiles/Firmware_default_default_XC32_compile.dir/C_/LOCAL_DOCS/my_Project/Motor_controller/Firmware/src/third_party/rtos/FreeRTOS/Source/list.c.o
 .debug_abbrev  0x00001903      0x233 CMakeFiles/Firmware_default_default_XC32_compile.dir/a573b5520b7b409640defe423dfe1fcf/Firmware/src/third_party/rtos/FreeRTOS/Source/portable/GCC/SAM/ARM_CM4F/port.c.o
 .debug_abbrev  0x00001b36      0x173 CMakeFiles/Firmware_default_default_XC32_compile.dir/C_/LOCAL_DOCS/my_Project/Motor_controller/Firmware/src/third_party/rtos/FreeRTOS/Source/portable/MemMang/heap_1.c.o
 .debug_abbrev  0x00001ca9      0x156 c:/PROGRA~1/MICROC~1/xc32/v5.10/bin/bin/../../lib/gcc/pic32c/13.2.1/../../../../pic32c/lib/thumb/v7e-m+fp/hard\libpic32c.a(data_init.o)
 .debug_abbrev  0x00001dff       0xaa c:/PROGRA~1/MICROC~1/xc32/v5.10/bin/bin/../../lib/gcc/pic32c/13.2.1/../../../../pic32c/lib/thumb/v7e-m+fp/hard\libc-size-musl.a(memcpy.o)
 .debug_abbrev  0x00001ea9       0xa2 c:/PROGRA~1/MICROC~1/xc32/v5.10/bin/bin/../../lib/gcc/pic32c/13.2.1/../../../../pic32c/lib/thumb/v7e-m+fp/hard\libc-size-musl.a(memset.o)
 .debug_abbrev  0x00001f4b      0x133 c:/PROGRA~1/MICROC~1/xc32/v5.10/bin/bin/../../lib/gcc/pic32c/13.2.1/../../../../pic32c/lib/thumb/v7e-m+fp/hard\libg-musl.a(__libc_start_main.o)
 .debug_abbrev  0x0000207e       0xd4 c:/PROGRA~1/MICROC~1/xc32/v5.10/bin/bin/../../lib/gcc/pic32c/13.2.1/../../../../pic32c/lib/thumb/v7e-m+fp/hard\libg-musl.a(libc.o)
 .debug_abbrev  0x00002152      0x1c3 c:/PROGRA~1/MICROC~1/xc32/v5.10/bin/bin/../../lib/gcc/pic32c/13.2.1/../../../../pic32c/lib/thumb/v7e-m+fp/hard\libg-musl.a(stdin.o)
 .debug_abbrev  0x00002315      0x161 c:/PROGRA~1/MICROC~1/xc32/v5.10/bin/bin/../../lib/gcc/pic32c/13.2.1/../../../../pic32c/lib/thumb/v7e-m+fp/hard\libg-musl.a(stdout.o)
 .debug_abbrev  0x00002476       0xc2 c:/PROGRA~1/MICROC~1/xc32/v5.10/bin/bin/../../lib/gcc/pic32c/13.2.1/../../../../pic32c/lib/thumb/v7e-m+fp/hard\libg-musl.a(setbuf.o)
 .debug_abbrev  0x00002538       0x62 c:/PROGRA~1/MICROC~1/xc32/v5.10/bin/bin/../../lib/gcc/pic32c/13.2.1/../../../../pic32c/lib/thumb/v7e-m+fp/hard\libg-musl.a(__environ.o)
 .debug_abbrev  0x0000259a      0x176 c:/PROGRA~1/MICROC~1/xc32/v5.10/bin/bin/../../lib/gcc/pic32c/13.2.1/../../../../pic32c/lib/thumb/v7e-m+fp/hard\libg-musl.a(__stdio_read.o)
 .debug_abbrev  0x00002710       0xf8 c:/PROGRA~1/MICROC~1/xc32/v5.10/bin/bin/../../lib/gcc/pic32c/13.2.1/../../../../pic32c/lib/thumb/v7e-m+fp/hard\libg-musl.a(__towrite_rw.o)
 .debug_abbrev  0x00002808      0x155 c:/PROGRA~1/MICROC~1/xc32/v5.10/bin/bin/../../lib/gcc/pic32c/13.2.1/../../../../pic32c/lib/thumb/v7e-m+fp/hard\libg-musl.a(setvbuf.o)
 .debug_abbrev  0x0000295d      0x101 c:/PROGRA~1/MICROC~1/xc32/v5.10/bin/bin/../../lib/gcc/pic32c/13.2.1/../../../../pic32c/lib/thumb/v7e-m+fp/hard\libg-musl.a(readv.o)
 .debug_abbrev  0x00002a5e       0x65 c:/PROGRA~1/MICROC~1/xc32/v5.10/bin/bin/../../lib/gcc/pic32c/13.2.1/../../../../pic32c/lib/thumb/v7e-m+fp/hard\libg-musl.a(__init_stdio.o)
 .debug_abbrev  0x00002ac3      0x192 c:/PROGRA~1/MICROC~1/xc32/v5.10/bin/bin/../../lib/gcc/pic32c/13.2.1/../../../../pic32c/lib/thumb/v7e-m+fp/hard\libg-musl.a(__out.o)
 .debug_abbrev  0x00002c55      0x197 c:/PROGRA~1/MICROC~1/xc32/v5.10/bin/bin/../../lib/gcc/pic32c/13.2.1/../../../../pic32c/lib/thumb/v7e-m+fp/hard\libg-musl.a(__stderr.o)
 .debug_abbrev  0x00002dec      0x171 c:/PROGRA~1/MICROC~1/xc32/v5.10/bin/bin/../../lib/gcc/pic32c/13.2.1/../../../../pic32c/lib/thumb/v7e-m+fp/hard\libg-musl.a(__stdio_close.o)
 .debug_abbrev  0x00002f5d      0x1c5 c:/PROGRA~1/MICROC~1/xc32/v5.10/bin/bin/../../lib/gcc/pic32c/13.2.1/../../../../pic32c/lib/thumb/v7e-m+fp/hard\libg-musl.a(__stdio_write.o)
 .debug_abbrev  0x00003122      0x197 c:/PROGRA~1/MICROC~1/xc32/v5.10/bin/bin/../../lib/gcc/pic32c/13.2.1/../../../../pic32c/lib/thumb/v7e-m+fp/hard\libg-musl.a(__stdout.o)
 .debug_abbrev  0x000032b9      0x114 c:/PROGRA~1/MICROC~1/xc32/v5.10/bin/bin/../../lib/gcc/pic32c/13.2.1/../../../../pic32c/lib/thumb/v7e-m+fp/hard\libg-musl.a(__towrite.o)
 .debug_abbrev  0x000033cd      0x106 c:/PROGRA~1/MICROC~1/xc32/v5.10/bin/bin/../../lib/gcc/pic32c/13.2.1/../../../../pic32c/lib/thumb/v7e-m+fp/hard\libg-musl.a(writev.o)
 .debug_abbrev  0x000034d3       0x81 c:/PROGRA~1/MICROC~1/xc32/v5.10/bin/bin/../../lib/gcc/pic32c/13.2.1/../../../../pic32c/lib/thumb/v7e-m+fp/hard\libpic32c.a(close.o)
 .debug_abbrev  0x00003554       0x92 c:/PROGRA~1/MICROC~1/xc32/v5.10/bin/bin/../../lib/gcc/pic32c/13.2.1/../../../../pic32c/lib/thumb/v7e-m+fp/hard\libpic32c.a(lseek.o)
 .debug_abbrev  0x000035e6      0x13d c:/PROGRA~1/MICROC~1/xc32/v5.10/bin/bin/../../lib/gcc/pic32c/13.2.1/../../../../pic32c/lib/thumb/v7e-m+fp/hard\liblmalloc-musl.a(lite_malloc.o)
 .debug_abbrev  0x00003723      0x195 c:/PROGRA~1/MICROC~1/xc32/v5.10/bin/bin/../../lib/gcc/pic32c/13.2.1/../../../../pic32c/lib/thumb/v7e-m+fp/hard\liblmalloc-musl.a(lite_free.o)
 .debug_abbrev  0x000038b8       0x39 c:/PROGRA~1/MICROC~1/xc32/v5.10/bin/bin/../../lib/gcc/pic32c/13.2.1/../../../../pic32c/lib/thumb/v7e-m+fp/hard\libg-musl.a(__errno_location.o)
 .debug_abbrev  0x000038f1       0xcc c:/PROGRA~1/MICROC~1/xc32/v5.10/bin/bin/../../lib/gcc/pic32c/13.2.1/../../../../pic32c/lib/thumb/v7e-m+fp/hard\libg-musl.a(expand_heap.o)
 .debug_abbrev  0x000039bd      0x105 c:/PROGRA~1/MICROC~1/xc32/v5.10/bin/bin/../../lib/gcc/pic32c/13.2.1/../../../../pic32c/lib/thumb/v7e-m+fp/hard\libpic32c.a(sbrk.o)
 .debug_abbrev  0x00003ac2       0xa2 c:/PROGRA~1/MICROC~1/xc32/v5.10/bin/bin/../../lib/gcc/pic32c/13.2.1/../../../../pic32c/lib/thumb/v7e-m+fp/hard\libpic32c.a(pic32_data_init_clear.o)
 .debug_abbrev  0x00003b64       0xca c:/PROGRA~1/MICROC~1/xc32/v5.10/bin/bin/../../lib/gcc/pic32c/13.2.1/../../../../pic32c/lib/thumb/v7e-m+fp/hard\libpic32c.a(pic32_data_init_copy.o)

.debug_aranges  0x00000000      0xab8
 .debug_aranges
                0x00000000       0x48 CMakeFiles/Firmware_default_default_XC32_compile.dir/C_/LOCAL_DOCS/my_Project/Motor_controller/Firmware/src/config/default/exceptions.c.o
 .debug_aranges
                0x00000048       0x40 CMakeFiles/Firmware_default_default_XC32_compile.dir/C_/LOCAL_DOCS/my_Project/Motor_controller/Firmware/src/config/default/freertos_hooks.c.o
 .debug_aranges
                0x00000088       0x20 CMakeFiles/Firmware_default_default_XC32_compile.dir/C_/LOCAL_DOCS/my_Project/Motor_controller/Firmware/src/config/default/initialization.c.o
 .debug_aranges
                0x000000a8       0x20 CMakeFiles/Firmware_default_default_XC32_compile.dir/C_/LOCAL_DOCS/my_Project/Motor_controller/Firmware/src/config/default/interrupts.c.o
 .debug_aranges
                0x000000c8       0x20 CMakeFiles/Firmware_default_default_XC32_compile.dir/C_/LOCAL_DOCS/my_Project/Motor_controller/Firmware/src/config/default/peripheral/clock/plib_clock.c.o
 .debug_aranges
                0x000000e8       0x20 CMakeFiles/Firmware_default_default_XC32_compile.dir/C_/LOCAL_DOCS/my_Project/Motor_controller/Firmware/src/config/default/peripheral/eic/plib_eic.c.o
 .debug_aranges
                0x00000108       0x20 CMakeFiles/Firmware_default_default_XC32_compile.dir/C_/LOCAL_DOCS/my_Project/Motor_controller/Firmware/src/config/default/peripheral/evsys/plib_evsys.c.o
 .debug_aranges
                0x00000128       0x48 CMakeFiles/Firmware_default_default_XC32_compile.dir/C_/LOCAL_DOCS/my_Project/Motor_controller/Firmware/src/config/default/peripheral/nvic/plib_nvic.c.o
 .debug_aranges
                0x00000170       0xd8 CMakeFiles/Firmware_default_default_XC32_compile.dir/C_/LOCAL_DOCS/my_Project/Motor_controller/Firmware/src/config/default/peripheral/nvmctrl/plib_nvmctrl.c.o
 .debug_aranges
                0x00000248       0x70 CMakeFiles/Firmware_default_default_XC32_compile.dir/C_/LOCAL_DOCS/my_Project/Motor_controller/Firmware/src/config/default/peripheral/port/plib_port.c.o
 .debug_aranges
                0x000002b8       0xa8 CMakeFiles/Firmware_default_default_XC32_compile.dir/C_/LOCAL_DOCS/my_Project/Motor_controller/Firmware/src/config/default/peripheral/sercom/usart/plib_sercom5_usart.c.o
 .debug_aranges
                0x00000360       0x28 CMakeFiles/Firmware_default_default_XC32_compile.dir/C_/LOCAL_DOCS/my_Project/Motor_controller/Firmware/src/config/default/startup_xc32.c.o
 .debug_aranges
                0x00000388       0x28 CMakeFiles/Firmware_default_default_XC32_compile.dir/C_/LOCAL_DOCS/my_Project/Motor_controller/Firmware/src/config/default/stdio/xc32_monitor.c.o
 .debug_aranges
                0x000003b0       0x28 CMakeFiles/Firmware_default_default_XC32_compile.dir/C_/LOCAL_DOCS/my_Project/Motor_controller/Firmware/src/main.c.o
 .debug_aranges
                0x000003d8      0x1a0 CMakeFiles/Firmware_default_default_XC32_compile.dir/C_/LOCAL_DOCS/my_Project/Motor_controller/Firmware/src/third_party/rtos/FreeRTOS/Source/FreeRTOS_tasks.c.o
 .debug_aranges
                0x00000578       0x40 CMakeFiles/Firmware_default_default_XC32_compile.dir/C_/LOCAL_DOCS/my_Project/Motor_controller/Firmware/src/third_party/rtos/FreeRTOS/Source/list.c.o
 .debug_aranges
                0x000005b8       0x78 CMakeFiles/Firmware_default_default_XC32_compile.dir/a573b5520b7b409640defe423dfe1fcf/Firmware/src/third_party/rtos/FreeRTOS/Source/portable/GCC/SAM/ARM_CM4F/port.c.o
 .debug_aranges
                0x00000630       0x40 CMakeFiles/Firmware_default_default_XC32_compile.dir/C_/LOCAL_DOCS/my_Project/Motor_controller/Firmware/src/third_party/rtos/FreeRTOS/Source/portable/MemMang/heap_1.c.o
 .debug_aranges
                0x00000670       0x30 c:/PROGRA~1/MICROC~1/xc32/v5.10/bin/bin/../../lib/gcc/pic32c/13.2.1/../../../../pic32c/lib/thumb/v7e-m+fp/hard\libpic32c.a(data_init.o)
 .debug_aranges
                0x000006a0       0x20 c:/PROGRA~1/MICROC~1/xc32/v5.10/bin/bin/../../lib/gcc/pic32c/13.2.1/../../../../pic32c/lib/thumb/v7e-m+fp/hard\libc-size-musl.a(memcpy.o)
 .debug_aranges
                0x000006c0       0x20 c:/PROGRA~1/MICROC~1/xc32/v5.10/bin/bin/../../lib/gcc/pic32c/13.2.1/../../../../pic32c/lib/thumb/v7e-m+fp/hard\libc-size-musl.a(memset.o)
 .debug_aranges
                0x000006e0       0x28 c:/PROGRA~1/MICROC~1/xc32/v5.10/bin/bin/../../lib/gcc/pic32c/13.2.1/../../../../pic32c/lib/thumb/v7e-m+fp/hard\libg-musl.a(__libc_start_main.o)
 .debug_aranges
                0x00000708       0x18 c:/PROGRA~1/MICROC~1/xc32/v5.10/bin/bin/../../lib/gcc/pic32c/13.2.1/../../../../pic32c/lib/thumb/v7e-m+fp/hard\libg-musl.a(libc.o)
 .debug_aranges
                0x00000720       0x28 c:/PROGRA~1/MICROC~1/xc32/v5.10/bin/bin/../../lib/gcc/pic32c/13.2.1/../../../../pic32c/lib/thumb/v7e-m+fp/hard\libg-musl.a(stdin.o)
 .debug_aranges
                0x00000748       0x30 c:/PROGRA~1/MICROC~1/xc32/v5.10/bin/bin/../../lib/gcc/pic32c/13.2.1/../../../../pic32c/lib/thumb/v7e-m+fp/hard\libg-musl.a(stdout.o)
 .debug_aranges
                0x00000778       0x20 c:/PROGRA~1/MICROC~1/xc32/v5.10/bin/bin/../../lib/gcc/pic32c/13.2.1/../../../../pic32c/lib/thumb/v7e-m+fp/hard\libg-musl.a(setbuf.o)
 .debug_aranges
                0x00000798       0x18 c:/PROGRA~1/MICROC~1/xc32/v5.10/bin/bin/../../lib/gcc/pic32c/13.2.1/../../../../pic32c/lib/thumb/v7e-m+fp/hard\libg-musl.a(__environ.o)
 .debug_aranges
                0x000007b0       0x20 c:/PROGRA~1/MICROC~1/xc32/v5.10/bin/bin/../../lib/gcc/pic32c/13.2.1/../../../../pic32c/lib/thumb/v7e-m+fp/hard\libg-musl.a(__stdio_read.o)
 .debug_aranges
                0x000007d0       0x20 c:/PROGRA~1/MICROC~1/xc32/v5.10/bin/bin/../../lib/gcc/pic32c/13.2.1/../../../../pic32c/lib/thumb/v7e-m+fp/hard\libg-musl.a(__towrite_rw.o)
 .debug_aranges
                0x000007f0       0x28 c:/PROGRA~1/MICROC~1/xc32/v5.10/bin/bin/../../lib/gcc/pic32c/13.2.1/../../../../pic32c/lib/thumb/v7e-m+fp/hard\libg-musl.a(setvbuf.o)
 .debug_aranges
                0x00000818       0x20 c:/PROGRA~1/MICROC~1/xc32/v5.10/bin/bin/../../lib/gcc/pic32c/13.2.1/../../../../pic32c/lib/thumb/v7e-m+fp/hard\libg-musl.a(readv.o)
 .debug_aranges
                0x00000838       0x28 c:/PROGRA~1/MICROC~1/xc32/v5.10/bin/bin/../../lib/gcc/pic32c/13.2.1/../../../../pic32c/lib/thumb/v7e-m+fp/hard\libg-musl.a(__init_stdio.o)
 .debug_aranges
                0x00000860       0x28 c:/PROGRA~1/MICROC~1/xc32/v5.10/bin/bin/../../lib/gcc/pic32c/13.2.1/../../../../pic32c/lib/thumb/v7e-m+fp/hard\libg-musl.a(__out.o)
 .debug_aranges
                0x00000888       0x30 c:/PROGRA~1/MICROC~1/xc32/v5.10/bin/bin/../../lib/gcc/pic32c/13.2.1/../../../../pic32c/lib/thumb/v7e-m+fp/hard\libg-musl.a(__stderr.o)
 .debug_aranges
                0x000008b8       0x28 c:/PROGRA~1/MICROC~1/xc32/v5.10/bin/bin/../../lib/gcc/pic32c/13.2.1/../../../../pic32c/lib/thumb/v7e-m+fp/hard\libg-musl.a(__stdio_close.o)
 .debug_aranges
                0x000008e0       0x28 c:/PROGRA~1/MICROC~1/xc32/v5.10/bin/bin/../../lib/gcc/pic32c/13.2.1/../../../../pic32c/lib/thumb/v7e-m+fp/hard\libg-musl.a(__stdio_write.o)
 .debug_aranges
                0x00000908       0x30 c:/PROGRA~1/MICROC~1/xc32/v5.10/bin/bin/../../lib/gcc/pic32c/13.2.1/../../../../pic32c/lib/thumb/v7e-m+fp/hard\libg-musl.a(__stdout.o)
 .debug_aranges
                0x00000938       0x28 c:/PROGRA~1/MICROC~1/xc32/v5.10/bin/bin/../../lib/gcc/pic32c/13.2.1/../../../../pic32c/lib/thumb/v7e-m+fp/hard\libg-musl.a(__towrite.o)
 .debug_aranges
                0x00000960       0x20 c:/PROGRA~1/MICROC~1/xc32/v5.10/bin/bin/../../lib/gcc/pic32c/13.2.1/../../../../pic32c/lib/thumb/v7e-m+fp/hard\libg-musl.a(writev.o)
 .debug_aranges
                0x00000980       0x20 c:/PROGRA~1/MICROC~1/xc32/v5.10/bin/bin/../../lib/gcc/pic32c/13.2.1/../../../../pic32c/lib/thumb/v7e-m+fp/hard\libpic32c.a(close.o)
 .debug_aranges
                0x000009a0       0x20 c:/PROGRA~1/MICROC~1/xc32/v5.10/bin/bin/../../lib/gcc/pic32c/13.2.1/../../../../pic32c/lib/thumb/v7e-m+fp/hard\libpic32c.a(lseek.o)
 .debug_aranges
                0x000009c0       0x20 c:/PROGRA~1/MICROC~1/xc32/v5.10/bin/bin/../../lib/gcc/pic32c/13.2.1/../../../../pic32c/lib/thumb/v7e-m+fp/hard\liblmalloc-musl.a(lite_malloc.o)
 .debug_aranges
                0x000009e0       0x30 c:/PROGRA~1/MICROC~1/xc32/v5.10/bin/bin/../../lib/gcc/pic32c/13.2.1/../../../../pic32c/lib/thumb/v7e-m+fp/hard\liblmalloc-musl.a(lite_free.o)
 .debug_aranges
                0x00000a10       0x18 c:/PROGRA~1/MICROC~1/xc32/v5.10/bin/bin/../../lib/gcc/pic32c/13.2.1/../../../../pic32c/lib/thumb/v7e-m+fp/hard\libg-musl.a(__errno_location.o)
 .debug_aranges
                0x00000a28       0x20 c:/PROGRA~1/MICROC~1/xc32/v5.10/bin/bin/../../lib/gcc/pic32c/13.2.1/../../../../pic32c/lib/thumb/v7e-m+fp/hard\libg-musl.a(expand_heap.o)
 .debug_aranges
                0x00000a48       0x30 c:/PROGRA~1/MICROC~1/xc32/v5.10/bin/bin/../../lib/gcc/pic32c/13.2.1/../../../../pic32c/lib/thumb/v7e-m+fp/hard\libpic32c.a(sbrk.o)
 .debug_aranges
                0x00000a78       0x20 c:/PROGRA~1/MICROC~1/xc32/v5.10/bin/bin/../../lib/gcc/pic32c/13.2.1/../../../../pic32c/lib/thumb/v7e-m+fp/hard\libpic32c.a(pic32_data_init_clear.o)
 .debug_aranges
                0x00000a98       0x20 c:/PROGRA~1/MICROC~1/xc32/v5.10/bin/bin/../../lib/gcc/pic32c/13.2.1/../../../../pic32c/lib/thumb/v7e-m+fp/hard\libpic32c.a(pic32_data_init_copy.o)

.debug_ranges   0x00000000      0x9a0
 .debug_ranges  0x00000000       0x38 CMakeFiles/Firmware_default_default_XC32_compile.dir/C_/LOCAL_DOCS/my_Project/Motor_controller/Firmware/src/config/default/exceptions.c.o
 .debug_ranges  0x00000038       0x30 CMakeFiles/Firmware_default_default_XC32_compile.dir/C_/LOCAL_DOCS/my_Project/Motor_controller/Firmware/src/config/default/freertos_hooks.c.o
 .debug_ranges  0x00000068       0x10 CMakeFiles/Firmware_default_default_XC32_compile.dir/C_/LOCAL_DOCS/my_Project/Motor_controller/Firmware/src/config/default/initialization.c.o
 .debug_ranges  0x00000078       0x10 CMakeFiles/Firmware_default_default_XC32_compile.dir/C_/LOCAL_DOCS/my_Project/Motor_controller/Firmware/src/config/default/interrupts.c.o
 .debug_ranges  0x00000088       0x10 CMakeFiles/Firmware_default_default_XC32_compile.dir/C_/LOCAL_DOCS/my_Project/Motor_controller/Firmware/src/config/default/peripheral/clock/plib_clock.c.o
 .debug_ranges  0x00000098       0x10 CMakeFiles/Firmware_default_default_XC32_compile.dir/C_/LOCAL_DOCS/my_Project/Motor_controller/Firmware/src/config/default/peripheral/eic/plib_eic.c.o
 .debug_ranges  0x000000a8       0x10 CMakeFiles/Firmware_default_default_XC32_compile.dir/C_/LOCAL_DOCS/my_Project/Motor_controller/Firmware/src/config/default/peripheral/evsys/plib_evsys.c.o
 .debug_ranges  0x000000b8       0x38 CMakeFiles/Firmware_default_default_XC32_compile.dir/C_/LOCAL_DOCS/my_Project/Motor_controller/Firmware/src/config/default/peripheral/nvic/plib_nvic.c.o
 .debug_ranges  0x000000f0       0xc8 CMakeFiles/Firmware_default_default_XC32_compile.dir/C_/LOCAL_DOCS/my_Project/Motor_controller/Firmware/src/config/default/peripheral/nvmctrl/plib_nvmctrl.c.o
 .debug_ranges  0x000001b8       0x60 CMakeFiles/Firmware_default_default_XC32_compile.dir/C_/LOCAL_DOCS/my_Project/Motor_controller/Firmware/src/config/default/peripheral/port/plib_port.c.o
 .debug_ranges  0x00000218       0x98 CMakeFiles/Firmware_default_default_XC32_compile.dir/C_/LOCAL_DOCS/my_Project/Motor_controller/Firmware/src/config/default/peripheral/sercom/usart/plib_sercom5_usart.c.o
 .debug_ranges  0x000002b0       0x18 CMakeFiles/Firmware_default_default_XC32_compile.dir/C_/LOCAL_DOCS/my_Project/Motor_controller/Firmware/src/config/default/startup_xc32.c.o
 .debug_ranges  0x000002c8       0x18 CMakeFiles/Firmware_default_default_XC32_compile.dir/C_/LOCAL_DOCS/my_Project/Motor_controller/Firmware/src/config/default/stdio/xc32_monitor.c.o
 .debug_ranges  0x000002e0       0x18 CMakeFiles/Firmware_default_default_XC32_compile.dir/C_/LOCAL_DOCS/my_Project/Motor_controller/Firmware/src/main.c.o
 .debug_ranges  0x000002f8      0x320 CMakeFiles/Firmware_default_default_XC32_compile.dir/C_/LOCAL_DOCS/my_Project/Motor_controller/Firmware/src/third_party/rtos/FreeRTOS/Source/FreeRTOS_tasks.c.o
 .debug_ranges  0x00000618       0x30 CMakeFiles/Firmware_default_default_XC32_compile.dir/C_/LOCAL_DOCS/my_Project/Motor_controller/Firmware/src/third_party/rtos/FreeRTOS/Source/list.c.o
 .debug_ranges  0x00000648       0x68 CMakeFiles/Firmware_default_default_XC32_compile.dir/a573b5520b7b409640defe423dfe1fcf/Firmware/src/third_party/rtos/FreeRTOS/Source/portable/GCC/SAM/ARM_CM4F/port.c.o
 .debug_ranges  0x000006b0       0x48 CMakeFiles/Firmware_default_default_XC32_compile.dir/C_/LOCAL_DOCS/my_Project/Motor_controller/Firmware/src/third_party/rtos/FreeRTOS/Source/portable/MemMang/heap_1.c.o
 .debug_ranges  0x000006f8       0x20 c:/PROGRA~1/MICROC~1/xc32/v5.10/bin/bin/../../lib/gcc/pic32c/13.2.1/../../../../pic32c/lib/thumb/v7e-m+fp/hard\libpic32c.a(data_init.o)
 .debug_ranges  0x00000718       0x10 c:/PROGRA~1/MICROC~1/xc32/v5.10/bin/bin/../../lib/gcc/pic32c/13.2.1/../../../../pic32c/lib/thumb/v7e-m+fp/hard\libc-size-musl.a(memcpy.o)
 .debug_ranges  0x00000728       0x10 c:/PROGRA~1/MICROC~1/xc32/v5.10/bin/bin/../../lib/gcc/pic32c/13.2.1/../../../../pic32c/lib/thumb/v7e-m+fp/hard\libc-size-musl.a(memset.o)
 .debug_ranges  0x00000738       0x40 c:/PROGRA~1/MICROC~1/xc32/v5.10/bin/bin/../../lib/gcc/pic32c/13.2.1/../../../../pic32c/lib/thumb/v7e-m+fp/hard\libg-musl.a(__libc_start_main.o)
 .debug_ranges  0x00000778       0x18 c:/PROGRA~1/MICROC~1/xc32/v5.10/bin/bin/../../lib/gcc/pic32c/13.2.1/../../../../pic32c/lib/thumb/v7e-m+fp/hard\libg-musl.a(stdin.o)
 .debug_ranges  0x00000790       0x20 c:/PROGRA~1/MICROC~1/xc32/v5.10/bin/bin/../../lib/gcc/pic32c/13.2.1/../../../../pic32c/lib/thumb/v7e-m+fp/hard\libg-musl.a(stdout.o)
 .debug_ranges  0x000007b0       0x10 c:/PROGRA~1/MICROC~1/xc32/v5.10/bin/bin/../../lib/gcc/pic32c/13.2.1/../../../../pic32c/lib/thumb/v7e-m+fp/hard\libg-musl.a(setbuf.o)
 .debug_ranges  0x000007c0       0x10 c:/PROGRA~1/MICROC~1/xc32/v5.10/bin/bin/../../lib/gcc/pic32c/13.2.1/../../../../pic32c/lib/thumb/v7e-m+fp/hard\libg-musl.a(__stdio_read.o)
 .debug_ranges  0x000007d0       0x10 c:/PROGRA~1/MICROC~1/xc32/v5.10/bin/bin/../../lib/gcc/pic32c/13.2.1/../../../../pic32c/lib/thumb/v7e-m+fp/hard\libg-musl.a(__towrite_rw.o)
 .debug_ranges  0x000007e0       0x18 c:/PROGRA~1/MICROC~1/xc32/v5.10/bin/bin/../../lib/gcc/pic32c/13.2.1/../../../../pic32c/lib/thumb/v7e-m+fp/hard\libg-musl.a(setvbuf.o)
 .debug_ranges  0x000007f8       0x10 c:/PROGRA~1/MICROC~1/xc32/v5.10/bin/bin/../../lib/gcc/pic32c/13.2.1/../../../../pic32c/lib/thumb/v7e-m+fp/hard\libg-musl.a(readv.o)
 .debug_ranges  0x00000808       0x18 c:/PROGRA~1/MICROC~1/xc32/v5.10/bin/bin/../../lib/gcc/pic32c/13.2.1/../../../../pic32c/lib/thumb/v7e-m+fp/hard\libg-musl.a(__init_stdio.o)
 .debug_ranges  0x00000820       0x18 c:/PROGRA~1/MICROC~1/xc32/v5.10/bin/bin/../../lib/gcc/pic32c/13.2.1/../../../../pic32c/lib/thumb/v7e-m+fp/hard\libg-musl.a(__out.o)
 .debug_ranges  0x00000838       0x20 c:/PROGRA~1/MICROC~1/xc32/v5.10/bin/bin/../../lib/gcc/pic32c/13.2.1/../../../../pic32c/lib/thumb/v7e-m+fp/hard\libg-musl.a(__stderr.o)
 .debug_ranges  0x00000858       0x18 c:/PROGRA~1/MICROC~1/xc32/v5.10/bin/bin/../../lib/gcc/pic32c/13.2.1/../../../../pic32c/lib/thumb/v7e-m+fp/hard\libg-musl.a(__stdio_close.o)
 .debug_ranges  0x00000870       0x30 c:/PROGRA~1/MICROC~1/xc32/v5.10/bin/bin/../../lib/gcc/pic32c/13.2.1/../../../../pic32c/lib/thumb/v7e-m+fp/hard\libg-musl.a(__stdio_write.o)
 .debug_ranges  0x000008a0       0x20 c:/PROGRA~1/MICROC~1/xc32/v5.10/bin/bin/../../lib/gcc/pic32c/13.2.1/../../../../pic32c/lib/thumb/v7e-m+fp/hard\libg-musl.a(__stdout.o)
 .debug_ranges  0x000008c0       0x18 c:/PROGRA~1/MICROC~1/xc32/v5.10/bin/bin/../../lib/gcc/pic32c/13.2.1/../../../../pic32c/lib/thumb/v7e-m+fp/hard\libg-musl.a(__towrite.o)
 .debug_ranges  0x000008d8       0x10 c:/PROGRA~1/MICROC~1/xc32/v5.10/bin/bin/../../lib/gcc/pic32c/13.2.1/../../../../pic32c/lib/thumb/v7e-m+fp/hard\libg-musl.a(writev.o)
 .debug_ranges  0x000008e8       0x10 c:/PROGRA~1/MICROC~1/xc32/v5.10/bin/bin/../../lib/gcc/pic32c/13.2.1/../../../../pic32c/lib/thumb/v7e-m+fp/hard\libpic32c.a(close.o)
 .debug_ranges  0x000008f8       0x10 c:/PROGRA~1/MICROC~1/xc32/v5.10/bin/bin/../../lib/gcc/pic32c/13.2.1/../../../../pic32c/lib/thumb/v7e-m+fp/hard\libpic32c.a(lseek.o)
 .debug_ranges  0x00000908       0x28 c:/PROGRA~1/MICROC~1/xc32/v5.10/bin/bin/../../lib/gcc/pic32c/13.2.1/../../../../pic32c/lib/thumb/v7e-m+fp/hard\liblmalloc-musl.a(lite_malloc.o)
 .debug_ranges  0x00000930       0x20 c:/PROGRA~1/MICROC~1/xc32/v5.10/bin/bin/../../lib/gcc/pic32c/13.2.1/../../../../pic32c/lib/thumb/v7e-m+fp/hard\liblmalloc-musl.a(lite_free.o)
 .debug_ranges  0x00000950       0x10 c:/PROGRA~1/MICROC~1/xc32/v5.10/bin/bin/../../lib/gcc/pic32c/13.2.1/../../../../pic32c/lib/thumb/v7e-m+fp/hard\libg-musl.a(expand_heap.o)
 .debug_ranges  0x00000960       0x20 c:/PROGRA~1/MICROC~1/xc32/v5.10/bin/bin/../../lib/gcc/pic32c/13.2.1/../../../../pic32c/lib/thumb/v7e-m+fp/hard\libpic32c.a(sbrk.o)
 .debug_ranges  0x00000980       0x10 c:/PROGRA~1/MICROC~1/xc32/v5.10/bin/bin/../../lib/gcc/pic32c/13.2.1/../../../../pic32c/lib/thumb/v7e-m+fp/hard\libpic32c.a(pic32_data_init_clear.o)
 .debug_ranges  0x00000990       0x10 c:/PROGRA~1/MICROC~1/xc32/v5.10/bin/bin/../../lib/gcc/pic32c/13.2.1/../../../../pic32c/lib/thumb/v7e-m+fp/hard\libpic32c.a(pic32_data_init_copy.o)

.debug_line     0x00000000     0x88b1
 .debug_line    0x00000000      0x10f CMakeFiles/Firmware_default_default_XC32_compile.dir/C_/LOCAL_DOCS/my_Project/Motor_controller/Firmware/src/config/default/exceptions.c.o
 .debug_line    0x0000010f      0x260 CMakeFiles/Firmware_default_default_XC32_compile.dir/C_/LOCAL_DOCS/my_Project/Motor_controller/Firmware/src/config/default/freertos_hooks.c.o
 .debug_line    0x0000036f      0x407 CMakeFiles/Firmware_default_default_XC32_compile.dir/C_/LOCAL_DOCS/my_Project/Motor_controller/Firmware/src/config/default/initialization.c.o
 .debug_line    0x00000776       0xf8 CMakeFiles/Firmware_default_default_XC32_compile.dir/C_/LOCAL_DOCS/my_Project/Motor_controller/Firmware/src/config/default/interrupts.c.o
 .debug_line    0x0000086e      0x38e CMakeFiles/Firmware_default_default_XC32_compile.dir/C_/LOCAL_DOCS/my_Project/Motor_controller/Firmware/src/config/default/peripheral/clock/plib_clock.c.o
 .debug_line    0x00000bfc      0x1a9 CMakeFiles/Firmware_default_default_XC32_compile.dir/C_/LOCAL_DOCS/my_Project/Motor_controller/Firmware/src/config/default/peripheral/eic/plib_eic.c.o
 .debug_line    0x00000da5       0x96 CMakeFiles/Firmware_default_default_XC32_compile.dir/C_/LOCAL_DOCS/my_Project/Motor_controller/Firmware/src/config/default/peripheral/evsys/plib_evsys.c.o
 .debug_line    0x00000e3b      0x4b3 CMakeFiles/Firmware_default_default_XC32_compile.dir/C_/LOCAL_DOCS/my_Project/Motor_controller/Firmware/src/config/default/peripheral/nvic/plib_nvic.c.o
 .debug_line    0x000012ee      0x6e8 CMakeFiles/Firmware_default_default_XC32_compile.dir/C_/LOCAL_DOCS/my_Project/Motor_controller/Firmware/src/config/default/peripheral/nvmctrl/plib_nvmctrl.c.o
 .debug_line    0x000019d6      0x577 CMakeFiles/Firmware_default_default_XC32_compile.dir/C_/LOCAL_DOCS/my_Project/Motor_controller/Firmware/src/config/default/peripheral/port/plib_port.c.o
 .debug_line    0x00001f4d      0x7bf CMakeFiles/Firmware_default_default_XC32_compile.dir/C_/LOCAL_DOCS/my_Project/Motor_controller/Firmware/src/config/default/peripheral/sercom/usart/plib_sercom5_usart.c.o
 .debug_line    0x0000270c      0x34d CMakeFiles/Firmware_default_default_XC32_compile.dir/C_/LOCAL_DOCS/my_Project/Motor_controller/Firmware/src/config/default/startup_xc32.c.o
 .debug_line    0x00002a59      0x1bf CMakeFiles/Firmware_default_default_XC32_compile.dir/C_/LOCAL_DOCS/my_Project/Motor_controller/Firmware/src/config/default/stdio/xc32_monitor.c.o
 .debug_line    0x00002c18      0x2e0 CMakeFiles/Firmware_default_default_XC32_compile.dir/C_/LOCAL_DOCS/my_Project/Motor_controller/Firmware/src/main.c.o
 .debug_line    0x00002ef8     0x1ffb CMakeFiles/Firmware_default_default_XC32_compile.dir/C_/LOCAL_DOCS/my_Project/Motor_controller/Firmware/src/third_party/rtos/FreeRTOS/Source/FreeRTOS_tasks.c.o
 .debug_line    0x00004ef3      0x396 CMakeFiles/Firmware_default_default_XC32_compile.dir/C_/LOCAL_DOCS/my_Project/Motor_controller/Firmware/src/third_party/rtos/FreeRTOS/Source/list.c.o
 .debug_line    0x00005289      0x3c8 CMakeFiles/Firmware_default_default_XC32_compile.dir/a573b5520b7b409640defe423dfe1fcf/Firmware/src/third_party/rtos/FreeRTOS/Source/portable/GCC/SAM/ARM_CM4F/port.c.o
 .debug_line    0x00005651      0x328 CMakeFiles/Firmware_default_default_XC32_compile.dir/C_/LOCAL_DOCS/my_Project/Motor_controller/Firmware/src/third_party/rtos/FreeRTOS/Source/portable/MemMang/heap_1.c.o
 .debug_line    0x00005979      0x163 c:/PROGRA~1/MICROC~1/xc32/v5.10/bin/bin/../../lib/gcc/pic32c/13.2.1/../../../../pic32c/lib/thumb/v7e-m+fp/hard\libpic32c.a(data_init.o)
 .debug_line    0x00005adc      0x165 c:/PROGRA~1/MICROC~1/xc32/v5.10/bin/bin/../../lib/gcc/pic32c/13.2.1/../../../../pic32c/lib/thumb/v7e-m+fp/hard\libc-size-musl.a(memcpy.o)
 .debug_line    0x00005c41      0x162 c:/PROGRA~1/MICROC~1/xc32/v5.10/bin/bin/../../lib/gcc/pic32c/13.2.1/../../../../pic32c/lib/thumb/v7e-m+fp/hard\libc-size-musl.a(memset.o)
 .debug_line    0x00005da3      0x1da c:/PROGRA~1/MICROC~1/xc32/v5.10/bin/bin/../../lib/gcc/pic32c/13.2.1/../../../../pic32c/lib/thumb/v7e-m+fp/hard\libg-musl.a(__libc_start_main.o)
 .debug_line    0x00005f7d       0xb5 c:/PROGRA~1/MICROC~1/xc32/v5.10/bin/bin/../../lib/gcc/pic32c/13.2.1/../../../../pic32c/lib/thumb/v7e-m+fp/hard\libg-musl.a(libc.o)
 .debug_line    0x00006032      0x215 c:/PROGRA~1/MICROC~1/xc32/v5.10/bin/bin/../../lib/gcc/pic32c/13.2.1/../../../../pic32c/lib/thumb/v7e-m+fp/hard\libg-musl.a(stdin.o)
 .debug_line    0x00006247      0x1d5 c:/PROGRA~1/MICROC~1/xc32/v5.10/bin/bin/../../lib/gcc/pic32c/13.2.1/../../../../pic32c/lib/thumb/v7e-m+fp/hard\libg-musl.a(stdout.o)
 .debug_line    0x0000641c      0x134 c:/PROGRA~1/MICROC~1/xc32/v5.10/bin/bin/../../lib/gcc/pic32c/13.2.1/../../../../pic32c/lib/thumb/v7e-m+fp/hard\libg-musl.a(setbuf.o)
 .debug_line    0x00006550       0xfb c:/PROGRA~1/MICROC~1/xc32/v5.10/bin/bin/../../lib/gcc/pic32c/13.2.1/../../../../pic32c/lib/thumb/v7e-m+fp/hard\libg-musl.a(__environ.o)
 .debug_line    0x0000664b      0x257 c:/PROGRA~1/MICROC~1/xc32/v5.10/bin/bin/../../lib/gcc/pic32c/13.2.1/../../../../pic32c/lib/thumb/v7e-m+fp/hard\libg-musl.a(__stdio_read.o)
 .debug_line    0x000068a2      0x1e4 c:/PROGRA~1/MICROC~1/xc32/v5.10/bin/bin/../../lib/gcc/pic32c/13.2.1/../../../../pic32c/lib/thumb/v7e-m+fp/hard\libg-musl.a(__towrite_rw.o)
 .debug_line    0x00006a86      0x226 c:/PROGRA~1/MICROC~1/xc32/v5.10/bin/bin/../../lib/gcc/pic32c/13.2.1/../../../../pic32c/lib/thumb/v7e-m+fp/hard\libg-musl.a(setvbuf.o)
 .debug_line    0x00006cac      0x173 c:/PROGRA~1/MICROC~1/xc32/v5.10/bin/bin/../../lib/gcc/pic32c/13.2.1/../../../../pic32c/lib/thumb/v7e-m+fp/hard\libg-musl.a(readv.o)
 .debug_line    0x00006e1f       0xc8 c:/PROGRA~1/MICROC~1/xc32/v5.10/bin/bin/../../lib/gcc/pic32c/13.2.1/../../../../pic32c/lib/thumb/v7e-m+fp/hard\libg-musl.a(__init_stdio.o)
 .debug_line    0x00006ee7      0x22c c:/PROGRA~1/MICROC~1/xc32/v5.10/bin/bin/../../lib/gcc/pic32c/13.2.1/../../../../pic32c/lib/thumb/v7e-m+fp/hard\libg-musl.a(__out.o)
 .debug_line    0x00007113      0x1bc c:/PROGRA~1/MICROC~1/xc32/v5.10/bin/bin/../../lib/gcc/pic32c/13.2.1/../../../../pic32c/lib/thumb/v7e-m+fp/hard\libg-musl.a(__stderr.o)
 .debug_line    0x000072cf      0x309 c:/PROGRA~1/MICROC~1/xc32/v5.10/bin/bin/../../lib/gcc/pic32c/13.2.1/../../../../pic32c/lib/thumb/v7e-m+fp/hard\libg-musl.a(__stdio_close.o)
 .debug_line    0x000075d8      0x36b c:/PROGRA~1/MICROC~1/xc32/v5.10/bin/bin/../../lib/gcc/pic32c/13.2.1/../../../../pic32c/lib/thumb/v7e-m+fp/hard\libg-musl.a(__stdio_write.o)
 .debug_line    0x00007943      0x1bc c:/PROGRA~1/MICROC~1/xc32/v5.10/bin/bin/../../lib/gcc/pic32c/13.2.1/../../../../pic32c/lib/thumb/v7e-m+fp/hard\libg-musl.a(__stdout.o)
 .debug_line    0x00007aff      0x17f c:/PROGRA~1/MICROC~1/xc32/v5.10/bin/bin/../../lib/gcc/pic32c/13.2.1/../../../../pic32c/lib/thumb/v7e-m+fp/hard\libg-musl.a(__towrite.o)
 .debug_line    0x00007c7e      0x174 c:/PROGRA~1/MICROC~1/xc32/v5.10/bin/bin/../../lib/gcc/pic32c/13.2.1/../../../../pic32c/lib/thumb/v7e-m+fp/hard\libg-musl.a(writev.o)
 .debug_line    0x00007df2       0x6b c:/PROGRA~1/MICROC~1/xc32/v5.10/bin/bin/../../lib/gcc/pic32c/13.2.1/../../../../pic32c/lib/thumb/v7e-m+fp/hard\libpic32c.a(close.o)
 .debug_line    0x00007e5d       0x6b c:/PROGRA~1/MICROC~1/xc32/v5.10/bin/bin/../../lib/gcc/pic32c/13.2.1/../../../../pic32c/lib/thumb/v7e-m+fp/hard\libpic32c.a(lseek.o)
 .debug_line    0x00007ec8      0x1d2 c:/PROGRA~1/MICROC~1/xc32/v5.10/bin/bin/../../lib/gcc/pic32c/13.2.1/../../../../pic32c/lib/thumb/v7e-m+fp/hard\liblmalloc-musl.a(lite_malloc.o)
 .debug_line    0x0000809a      0x294 c:/PROGRA~1/MICROC~1/xc32/v5.10/bin/bin/../../lib/gcc/pic32c/13.2.1/../../../../pic32c/lib/thumb/v7e-m+fp/hard\liblmalloc-musl.a(lite_free.o)
 .debug_line    0x0000832e       0x9a c:/PROGRA~1/MICROC~1/xc32/v5.10/bin/bin/../../lib/gcc/pic32c/13.2.1/../../../../pic32c/lib/thumb/v7e-m+fp/hard\libg-musl.a(__errno_location.o)
 .debug_line    0x000083c8       0xf3 c:/PROGRA~1/MICROC~1/xc32/v5.10/bin/bin/../../lib/gcc/pic32c/13.2.1/../../../../pic32c/lib/thumb/v7e-m+fp/hard\libg-musl.a(expand_heap.o)
 .debug_line    0x000084bb      0x1b4 c:/PROGRA~1/MICROC~1/xc32/v5.10/bin/bin/../../lib/gcc/pic32c/13.2.1/../../../../pic32c/lib/thumb/v7e-m+fp/hard\libpic32c.a(sbrk.o)
 .debug_line    0x0000866f      0x11c c:/PROGRA~1/MICROC~1/xc32/v5.10/bin/bin/../../lib/gcc/pic32c/13.2.1/../../../../pic32c/lib/thumb/v7e-m+fp/hard\libpic32c.a(pic32_data_init_clear.o)
 .debug_line    0x0000878b      0x126 c:/PROGRA~1/MICROC~1/xc32/v5.10/bin/bin/../../lib/gcc/pic32c/13.2.1/../../../../pic32c/lib/thumb/v7e-m+fp/hard\libpic32c.a(pic32_data_init_copy.o)

.debug_str      0x00000000     0x5d04
 .debug_str     0x00000000     0x5d04 CMakeFiles/Firmware_default_default_XC32_compile.dir/C_/LOCAL_DOCS/my_Project/Motor_controller/Firmware/src/config/default/exceptions.c.o
                                0x358 (size before relaxing)
 .debug_str     0x00005d04      0x3db CMakeFiles/Firmware_default_default_XC32_compile.dir/C_/LOCAL_DOCS/my_Project/Motor_controller/Firmware/src/config/default/freertos_hooks.c.o
 .debug_str     0x00005d04      0x3aa CMakeFiles/Firmware_default_default_XC32_compile.dir/C_/LOCAL_DOCS/my_Project/Motor_controller/Firmware/src/config/default/initialization.c.o
 .debug_str     0x00005d04      0xfe9 CMakeFiles/Firmware_default_default_XC32_compile.dir/C_/LOCAL_DOCS/my_Project/Motor_controller/Firmware/src/config/default/interrupts.c.o
 .debug_str     0x00005d04      0x69d CMakeFiles/Firmware_default_default_XC32_compile.dir/C_/LOCAL_DOCS/my_Project/Motor_controller/Firmware/src/config/default/peripheral/clock/plib_clock.c.o
 .debug_str     0x00005d04      0x3c7 CMakeFiles/Firmware_default_default_XC32_compile.dir/C_/LOCAL_DOCS/my_Project/Motor_controller/Firmware/src/config/default/peripheral/eic/plib_eic.c.o
 .debug_str     0x00005d04      0x2f9 CMakeFiles/Firmware_default_default_XC32_compile.dir/C_/LOCAL_DOCS/my_Project/Motor_controller/Firmware/src/config/default/peripheral/evsys/plib_evsys.c.o
 .debug_str     0x00005d04      0xd96 CMakeFiles/Firmware_default_default_XC32_compile.dir/C_/LOCAL_DOCS/my_Project/Motor_controller/Firmware/src/config/default/peripheral/nvic/plib_nvic.c.o
 .debug_str     0x00005d04      0x701 CMakeFiles/Firmware_default_default_XC32_compile.dir/C_/LOCAL_DOCS/my_Project/Motor_controller/Firmware/src/config/default/peripheral/nvmctrl/plib_nvmctrl.c.o
 .debug_str     0x00005d04      0xaaf CMakeFiles/Firmware_default_default_XC32_compile.dir/C_/LOCAL_DOCS/my_Project/Motor_controller/Firmware/src/config/default/peripheral/port/plib_port.c.o
 .debug_str     0x00005d04      0x91b CMakeFiles/Firmware_default_default_XC32_compile.dir/C_/LOCAL_DOCS/my_Project/Motor_controller/Firmware/src/config/default/peripheral/sercom/usart/plib_sercom5_usart.c.o
 .debug_str     0x00005d04      0x4c1 CMakeFiles/Firmware_default_default_XC32_compile.dir/C_/LOCAL_DOCS/my_Project/Motor_controller/Firmware/src/config/default/startup_xc32.c.o
 .debug_str     0x00005d04      0x341 CMakeFiles/Firmware_default_default_XC32_compile.dir/C_/LOCAL_DOCS/my_Project/Motor_controller/Firmware/src/config/default/stdio/xc32_monitor.c.o
 .debug_str     0x00005d04      0x46c CMakeFiles/Firmware_default_default_XC32_compile.dir/C_/LOCAL_DOCS/my_Project/Motor_controller/Firmware/src/main.c.o
 .debug_str     0x00005d04     0x11cf CMakeFiles/Firmware_default_default_XC32_compile.dir/C_/LOCAL_DOCS/my_Project/Motor_controller/Firmware/src/third_party/rtos/FreeRTOS/Source/FreeRTOS_tasks.c.o
 .debug_str     0x00005d04      0x426 CMakeFiles/Firmware_default_default_XC32_compile.dir/C_/LOCAL_DOCS/my_Project/Motor_controller/Firmware/src/third_party/rtos/FreeRTOS/Source/list.c.o
 .debug_str     0x00005d04      0x4c9 CMakeFiles/Firmware_default_default_XC32_compile.dir/a573b5520b7b409640defe423dfe1fcf/Firmware/src/third_party/rtos/FreeRTOS/Source/portable/GCC/SAM/ARM_CM4F/port.c.o
 .debug_str     0x00005d04      0x3fc CMakeFiles/Firmware_default_default_XC32_compile.dir/C_/LOCAL_DOCS/my_Project/Motor_controller/Firmware/src/third_party/rtos/FreeRTOS/Source/portable/MemMang/heap_1.c.o
 .debug_str     0x00005d04      0x2f6 c:/PROGRA~1/MICROC~1/xc32/v5.10/bin/bin/../../lib/gcc/pic32c/13.2.1/../../../../pic32c/lib/thumb/v7e-m+fp/hard\libpic32c.a(data_init.o)
 .debug_str     0x00005d04      0x256 c:/PROGRA~1/MICROC~1/xc32/v5.10/bin/bin/../../lib/gcc/pic32c/13.2.1/../../../../pic32c/lib/thumb/v7e-m+fp/hard\libc-size-musl.a(memcpy.o)
 .debug_str     0x00005d04      0x242 c:/PROGRA~1/MICROC~1/xc32/v5.10/bin/bin/../../lib/gcc/pic32c/13.2.1/../../../../pic32c/lib/thumb/v7e-m+fp/hard\libc-size-musl.a(memset.o)
 .debug_str     0x00005d04      0x3e4 c:/PROGRA~1/MICROC~1/xc32/v5.10/bin/bin/../../lib/gcc/pic32c/13.2.1/../../../../pic32c/lib/thumb/v7e-m+fp/hard\libg-musl.a(__libc_start_main.o)
 .debug_str     0x00005d04      0x34f c:/PROGRA~1/MICROC~1/xc32/v5.10/bin/bin/../../lib/gcc/pic32c/13.2.1/../../../../pic32c/lib/thumb/v7e-m+fp/hard\libg-musl.a(libc.o)
 .debug_str     0x00005d04      0x39b c:/PROGRA~1/MICROC~1/xc32/v5.10/bin/bin/../../lib/gcc/pic32c/13.2.1/../../../../pic32c/lib/thumb/v7e-m+fp/hard\libg-musl.a(stdin.o)
 .debug_str     0x00005d04      0x322 c:/PROGRA~1/MICROC~1/xc32/v5.10/bin/bin/../../lib/gcc/pic32c/13.2.1/../../../../pic32c/lib/thumb/v7e-m+fp/hard\libg-musl.a(stdout.o)
 .debug_str     0x00005d04      0x255 c:/PROGRA~1/MICROC~1/xc32/v5.10/bin/bin/../../lib/gcc/pic32c/13.2.1/../../../../pic32c/lib/thumb/v7e-m+fp/hard\libg-musl.a(setbuf.o)
 .debug_str     0x00005d04      0x24f c:/PROGRA~1/MICROC~1/xc32/v5.10/bin/bin/../../lib/gcc/pic32c/13.2.1/../../../../pic32c/lib/thumb/v7e-m+fp/hard\libg-musl.a(__environ.o)
 .debug_str     0x00005d04      0x37c c:/PROGRA~1/MICROC~1/xc32/v5.10/bin/bin/../../lib/gcc/pic32c/13.2.1/../../../../pic32c/lib/thumb/v7e-m+fp/hard\libg-musl.a(__stdio_read.o)
 .debug_str     0x00005d04      0x357 c:/PROGRA~1/MICROC~1/xc32/v5.10/bin/bin/../../lib/gcc/pic32c/13.2.1/../../../../pic32c/lib/thumb/v7e-m+fp/hard\libg-musl.a(__towrite_rw.o)
 .debug_str     0x00005d04      0x345 c:/PROGRA~1/MICROC~1/xc32/v5.10/bin/bin/../../lib/gcc/pic32c/13.2.1/../../../../pic32c/lib/thumb/v7e-m+fp/hard\libg-musl.a(setvbuf.o)
 .debug_str     0x00005d04      0x27d c:/PROGRA~1/MICROC~1/xc32/v5.10/bin/bin/../../lib/gcc/pic32c/13.2.1/../../../../pic32c/lib/thumb/v7e-m+fp/hard\libg-musl.a(readv.o)
 .debug_str     0x00005d04      0x2b4 c:/PROGRA~1/MICROC~1/xc32/v5.10/bin/bin/../../lib/gcc/pic32c/13.2.1/../../../../pic32c/lib/thumb/v7e-m+fp/hard\libg-musl.a(__init_stdio.o)
 .debug_str     0x00005d04      0x2fc c:/PROGRA~1/MICROC~1/xc32/v5.10/bin/bin/../../lib/gcc/pic32c/13.2.1/../../../../pic32c/lib/thumb/v7e-m+fp/hard\libg-musl.a(__out.o)
 .debug_str     0x00005d04      0x3b1 c:/PROGRA~1/MICROC~1/xc32/v5.10/bin/bin/../../lib/gcc/pic32c/13.2.1/../../../../pic32c/lib/thumb/v7e-m+fp/hard\libg-musl.a(__stderr.o)
 .debug_str     0x00005d04      0x377 c:/PROGRA~1/MICROC~1/xc32/v5.10/bin/bin/../../lib/gcc/pic32c/13.2.1/../../../../pic32c/lib/thumb/v7e-m+fp/hard\libg-musl.a(__stdio_close.o)
 .debug_str     0x00005d04      0x360 c:/PROGRA~1/MICROC~1/xc32/v5.10/bin/bin/../../lib/gcc/pic32c/13.2.1/../../../../pic32c/lib/thumb/v7e-m+fp/hard\libg-musl.a(__stdio_write.o)
 .debug_str     0x00005d04      0x3b1 c:/PROGRA~1/MICROC~1/xc32/v5.10/bin/bin/../../lib/gcc/pic32c/13.2.1/../../../../pic32c/lib/thumb/v7e-m+fp/hard\libg-musl.a(__stdout.o)
 .debug_str     0x00005d04      0x303 c:/PROGRA~1/MICROC~1/xc32/v5.10/bin/bin/../../lib/gcc/pic32c/13.2.1/../../../../pic32c/lib/thumb/v7e-m+fp/hard\libg-musl.a(__towrite.o)